ARM GAS  C:\Users\dell\AppData\Local\Temp\cc0JhAud.s 			page 1


   1              		.syntax unified
   2              		.cpu cortex-m0plus
   3              		.fpu softvfp
   4              		.eabi_attribute 20, 1
   5              		.eabi_attribute 21, 1
   6              		.eabi_attribute 23, 3
   7              		.eabi_attribute 24, 1
   8              		.eabi_attribute 25, 1
   9              		.eabi_attribute 26, 1
  10              		.eabi_attribute 30, 1
  11              		.eabi_attribute 34, 0
  12              		.eabi_attribute 18, 4
  13              		.thumb
  14              		.syntax unified
  15              		.file	"cyfitter_cfg.c"
  16              		.text
  17              	.Ltext0:
  18              		.cfi_sections	.debug_frame
  19              		.section	.psocinit,"ax",%progbits
  20              		.align	2
  21              		.code	16
  22              		.thumb_func
  23              		.type	ClockSetup, %function
  24              	ClockSetup:
  25              	.LFB4:
  26              		.file 1 "Generated_Source\\PSoC4\\cyfitter_cfg.c"
   1:Generated_Source\PSoC4/cyfitter_cfg.c **** 
   2:Generated_Source\PSoC4/cyfitter_cfg.c **** /*******************************************************************************
   3:Generated_Source\PSoC4/cyfitter_cfg.c **** * File Name: cyfitter_cfg.c
   4:Generated_Source\PSoC4/cyfitter_cfg.c **** * 
   5:Generated_Source\PSoC4/cyfitter_cfg.c **** * PSoC Creator  4.3
   6:Generated_Source\PSoC4/cyfitter_cfg.c **** *
   7:Generated_Source\PSoC4/cyfitter_cfg.c **** * Description:
   8:Generated_Source\PSoC4/cyfitter_cfg.c **** * This file contains device initialization code.
   9:Generated_Source\PSoC4/cyfitter_cfg.c **** * Except for the user defined sections in CyClockStartupError(), this file should not be modified.
  10:Generated_Source\PSoC4/cyfitter_cfg.c **** * This file is automatically generated by PSoC Creator.
  11:Generated_Source\PSoC4/cyfitter_cfg.c **** *
  12:Generated_Source\PSoC4/cyfitter_cfg.c **** ********************************************************************************
  13:Generated_Source\PSoC4/cyfitter_cfg.c **** * Copyright (c) 2007-2019 Cypress Semiconductor.  All rights reserved.
  14:Generated_Source\PSoC4/cyfitter_cfg.c **** * You may use this file only in accordance with the license, terms, conditions, 
  15:Generated_Source\PSoC4/cyfitter_cfg.c **** * disclaimers, and limitations in the end user license agreement accompanying 
  16:Generated_Source\PSoC4/cyfitter_cfg.c **** * the software package with which this file was provided.
  17:Generated_Source\PSoC4/cyfitter_cfg.c **** ********************************************************************************/
  18:Generated_Source\PSoC4/cyfitter_cfg.c **** 
  19:Generated_Source\PSoC4/cyfitter_cfg.c **** #include <string.h>
  20:Generated_Source\PSoC4/cyfitter_cfg.c **** #include "cytypes.h"
  21:Generated_Source\PSoC4/cyfitter_cfg.c **** #include "cydevice_trm.h"
  22:Generated_Source\PSoC4/cyfitter_cfg.c **** #include "cyfitter.h"
  23:Generated_Source\PSoC4/cyfitter_cfg.c **** #include "CyLib.h"
  24:Generated_Source\PSoC4/cyfitter_cfg.c **** #include "cyfitter_cfg.h"
  25:Generated_Source\PSoC4/cyfitter_cfg.c **** #include "cyapicallbacks.h"
  26:Generated_Source\PSoC4/cyfitter_cfg.c **** 
  27:Generated_Source\PSoC4/cyfitter_cfg.c **** 
  28:Generated_Source\PSoC4/cyfitter_cfg.c **** #if defined(__GNUC__) || defined(__ARMCC_VERSION)
  29:Generated_Source\PSoC4/cyfitter_cfg.c ****     #define CYPACKED 
  30:Generated_Source\PSoC4/cyfitter_cfg.c ****     #define CYPACKED_ATTR __attribute__ ((packed))
  31:Generated_Source\PSoC4/cyfitter_cfg.c ****     #define CYALIGNED __attribute__ ((aligned))
ARM GAS  C:\Users\dell\AppData\Local\Temp\cc0JhAud.s 			page 2


  32:Generated_Source\PSoC4/cyfitter_cfg.c ****     #define CY_CFG_UNUSED __attribute__ ((unused))
  33:Generated_Source\PSoC4/cyfitter_cfg.c ****     #ifndef CY_CFG_SECTION
  34:Generated_Source\PSoC4/cyfitter_cfg.c ****         #define CY_CFG_SECTION __attribute__ ((section(".psocinit")))
  35:Generated_Source\PSoC4/cyfitter_cfg.c ****     #endif
  36:Generated_Source\PSoC4/cyfitter_cfg.c ****     
  37:Generated_Source\PSoC4/cyfitter_cfg.c ****     #if defined(__ARMCC_VERSION)
  38:Generated_Source\PSoC4/cyfitter_cfg.c ****         #define CY_CFG_MEMORY_BARRIER() __memory_changed()
  39:Generated_Source\PSoC4/cyfitter_cfg.c ****     #else
  40:Generated_Source\PSoC4/cyfitter_cfg.c ****         #define CY_CFG_MEMORY_BARRIER() __sync_synchronize()
  41:Generated_Source\PSoC4/cyfitter_cfg.c ****     #endif
  42:Generated_Source\PSoC4/cyfitter_cfg.c ****     
  43:Generated_Source\PSoC4/cyfitter_cfg.c **** #elif defined(__ICCARM__)
  44:Generated_Source\PSoC4/cyfitter_cfg.c ****     #include <intrinsics.h>
  45:Generated_Source\PSoC4/cyfitter_cfg.c **** 
  46:Generated_Source\PSoC4/cyfitter_cfg.c ****     #define CYPACKED __packed
  47:Generated_Source\PSoC4/cyfitter_cfg.c ****     #define CYPACKED_ATTR 
  48:Generated_Source\PSoC4/cyfitter_cfg.c ****     #define CYALIGNED _Pragma("data_alignment=4")
  49:Generated_Source\PSoC4/cyfitter_cfg.c ****     #define CY_CFG_UNUSED _Pragma("diag_suppress=Pe177")
  50:Generated_Source\PSoC4/cyfitter_cfg.c ****     #define CY_CFG_SECTION _Pragma("location=\".psocinit\"")
  51:Generated_Source\PSoC4/cyfitter_cfg.c ****     
  52:Generated_Source\PSoC4/cyfitter_cfg.c ****     #define CY_CFG_MEMORY_BARRIER() __DMB()
  53:Generated_Source\PSoC4/cyfitter_cfg.c ****     
  54:Generated_Source\PSoC4/cyfitter_cfg.c **** #else
  55:Generated_Source\PSoC4/cyfitter_cfg.c ****     #error Unsupported toolchain
  56:Generated_Source\PSoC4/cyfitter_cfg.c **** #endif
  57:Generated_Source\PSoC4/cyfitter_cfg.c **** 
  58:Generated_Source\PSoC4/cyfitter_cfg.c **** #ifndef CYCODE
  59:Generated_Source\PSoC4/cyfitter_cfg.c ****     #define CYCODE
  60:Generated_Source\PSoC4/cyfitter_cfg.c **** #endif
  61:Generated_Source\PSoC4/cyfitter_cfg.c **** #ifndef CYDATA
  62:Generated_Source\PSoC4/cyfitter_cfg.c ****     #define CYDATA
  63:Generated_Source\PSoC4/cyfitter_cfg.c **** #endif
  64:Generated_Source\PSoC4/cyfitter_cfg.c **** #ifndef CYFAR
  65:Generated_Source\PSoC4/cyfitter_cfg.c ****     #define CYFAR
  66:Generated_Source\PSoC4/cyfitter_cfg.c **** #endif
  67:Generated_Source\PSoC4/cyfitter_cfg.c **** #ifndef CYXDATA
  68:Generated_Source\PSoC4/cyfitter_cfg.c ****     #define CYXDATA
  69:Generated_Source\PSoC4/cyfitter_cfg.c **** #endif
  70:Generated_Source\PSoC4/cyfitter_cfg.c **** 
  71:Generated_Source\PSoC4/cyfitter_cfg.c **** 
  72:Generated_Source\PSoC4/cyfitter_cfg.c **** CY_CFG_UNUSED
  73:Generated_Source\PSoC4/cyfitter_cfg.c **** static void CYMEMZERO(void *s, size_t n);
  74:Generated_Source\PSoC4/cyfitter_cfg.c **** CY_CFG_UNUSED
  75:Generated_Source\PSoC4/cyfitter_cfg.c **** static void CYMEMZERO(void *s, size_t n)
  76:Generated_Source\PSoC4/cyfitter_cfg.c **** {
  77:Generated_Source\PSoC4/cyfitter_cfg.c **** 	(void)memset(s, 0, n);
  78:Generated_Source\PSoC4/cyfitter_cfg.c **** }
  79:Generated_Source\PSoC4/cyfitter_cfg.c **** CY_CFG_UNUSED
  80:Generated_Source\PSoC4/cyfitter_cfg.c **** static void CYCONFIGCPY(void *dest, const void *src, size_t n);
  81:Generated_Source\PSoC4/cyfitter_cfg.c **** CY_CFG_UNUSED
  82:Generated_Source\PSoC4/cyfitter_cfg.c **** static void CYCONFIGCPY(void *dest, const void *src, size_t n)
  83:Generated_Source\PSoC4/cyfitter_cfg.c **** {
  84:Generated_Source\PSoC4/cyfitter_cfg.c **** 	(void)memcpy(dest, src, n);
  85:Generated_Source\PSoC4/cyfitter_cfg.c **** }
  86:Generated_Source\PSoC4/cyfitter_cfg.c **** CY_CFG_UNUSED
  87:Generated_Source\PSoC4/cyfitter_cfg.c **** static void CYCONFIGCPYCODE(void *dest, const void *src, size_t n);
  88:Generated_Source\PSoC4/cyfitter_cfg.c **** CY_CFG_UNUSED
ARM GAS  C:\Users\dell\AppData\Local\Temp\cc0JhAud.s 			page 3


  89:Generated_Source\PSoC4/cyfitter_cfg.c **** static void CYCONFIGCPYCODE(void *dest, const void *src, size_t n)
  90:Generated_Source\PSoC4/cyfitter_cfg.c **** {
  91:Generated_Source\PSoC4/cyfitter_cfg.c **** 	(void)memcpy(dest, src, n);
  92:Generated_Source\PSoC4/cyfitter_cfg.c **** }
  93:Generated_Source\PSoC4/cyfitter_cfg.c **** 
  94:Generated_Source\PSoC4/cyfitter_cfg.c **** 
  95:Generated_Source\PSoC4/cyfitter_cfg.c **** 
  96:Generated_Source\PSoC4/cyfitter_cfg.c **** 
  97:Generated_Source\PSoC4/cyfitter_cfg.c **** /* Clock startup error codes                                                   */
  98:Generated_Source\PSoC4/cyfitter_cfg.c **** #define CYCLOCKSTART_NO_ERROR    0u
  99:Generated_Source\PSoC4/cyfitter_cfg.c **** #define CYCLOCKSTART_XTAL_ERROR  1u
 100:Generated_Source\PSoC4/cyfitter_cfg.c **** #define CYCLOCKSTART_32KHZ_ERROR 2u
 101:Generated_Source\PSoC4/cyfitter_cfg.c **** #define CYCLOCKSTART_PLL_ERROR   3u
 102:Generated_Source\PSoC4/cyfitter_cfg.c **** #define CYCLOCKSTART_FLL_ERROR   4u
 103:Generated_Source\PSoC4/cyfitter_cfg.c **** #define CYCLOCKSTART_WCO_ERROR   5u
 104:Generated_Source\PSoC4/cyfitter_cfg.c **** 
 105:Generated_Source\PSoC4/cyfitter_cfg.c **** 
 106:Generated_Source\PSoC4/cyfitter_cfg.c **** #ifdef CY_NEED_CYCLOCKSTARTUPERROR
 107:Generated_Source\PSoC4/cyfitter_cfg.c **** /*******************************************************************************
 108:Generated_Source\PSoC4/cyfitter_cfg.c **** * Function Name: CyClockStartupError
 109:Generated_Source\PSoC4/cyfitter_cfg.c **** ********************************************************************************
 110:Generated_Source\PSoC4/cyfitter_cfg.c **** * Summary:
 111:Generated_Source\PSoC4/cyfitter_cfg.c **** *  If an error is encountered during clock configuration (crystal startup error,
 112:Generated_Source\PSoC4/cyfitter_cfg.c **** *  PLL lock error, etc.), the system will end up here.  Unless reimplemented by
 113:Generated_Source\PSoC4/cyfitter_cfg.c **** *  the customer, this function will stop in an infinite loop.
 114:Generated_Source\PSoC4/cyfitter_cfg.c **** *
 115:Generated_Source\PSoC4/cyfitter_cfg.c **** * Parameters:
 116:Generated_Source\PSoC4/cyfitter_cfg.c **** *   void
 117:Generated_Source\PSoC4/cyfitter_cfg.c **** *
 118:Generated_Source\PSoC4/cyfitter_cfg.c **** * Return:
 119:Generated_Source\PSoC4/cyfitter_cfg.c **** *   void
 120:Generated_Source\PSoC4/cyfitter_cfg.c **** *
 121:Generated_Source\PSoC4/cyfitter_cfg.c **** *******************************************************************************/
 122:Generated_Source\PSoC4/cyfitter_cfg.c **** CY_CFG_UNUSED
 123:Generated_Source\PSoC4/cyfitter_cfg.c **** static void CyClockStartupError(uint8 errorCode);
 124:Generated_Source\PSoC4/cyfitter_cfg.c **** CY_CFG_UNUSED
 125:Generated_Source\PSoC4/cyfitter_cfg.c **** static void CyClockStartupError(uint8 errorCode)
 126:Generated_Source\PSoC4/cyfitter_cfg.c **** {
 127:Generated_Source\PSoC4/cyfitter_cfg.c ****     /* To remove the compiler warning if errorCode not used.                */
 128:Generated_Source\PSoC4/cyfitter_cfg.c ****     errorCode = errorCode;
 129:Generated_Source\PSoC4/cyfitter_cfg.c **** 
 130:Generated_Source\PSoC4/cyfitter_cfg.c ****     /* If we have a clock startup error (bad MHz crystal, PLL lock, etc.),  */
 131:Generated_Source\PSoC4/cyfitter_cfg.c ****     /* we will end up here to allow the customer to implement something to  */
 132:Generated_Source\PSoC4/cyfitter_cfg.c ****     /* deal with the clock condition.                                       */
 133:Generated_Source\PSoC4/cyfitter_cfg.c **** 
 134:Generated_Source\PSoC4/cyfitter_cfg.c **** #ifdef CY_CFG_CLOCK_STARTUP_ERROR_CALLBACK
 135:Generated_Source\PSoC4/cyfitter_cfg.c ****     CY_CFG_Clock_Startup_ErrorCallback();
 136:Generated_Source\PSoC4/cyfitter_cfg.c **** #else
 137:Generated_Source\PSoC4/cyfitter_cfg.c ****     /*  If not using CY_CFG_CLOCK_STARTUP_ERROR_CALLBACK, place your clock startup code here. */
 138:Generated_Source\PSoC4/cyfitter_cfg.c ****     /* `#START CyClockStartupError` */
 139:Generated_Source\PSoC4/cyfitter_cfg.c **** 
 140:Generated_Source\PSoC4/cyfitter_cfg.c **** 
 141:Generated_Source\PSoC4/cyfitter_cfg.c **** 
 142:Generated_Source\PSoC4/cyfitter_cfg.c ****     /* `#END` */
 143:Generated_Source\PSoC4/cyfitter_cfg.c **** 
 144:Generated_Source\PSoC4/cyfitter_cfg.c ****     while(1) {}
 145:Generated_Source\PSoC4/cyfitter_cfg.c **** #endif /* CY_CFG_CLOCK_STARTUP_ERROR_CALLBACK */
ARM GAS  C:\Users\dell\AppData\Local\Temp\cc0JhAud.s 			page 4


 146:Generated_Source\PSoC4/cyfitter_cfg.c **** }
 147:Generated_Source\PSoC4/cyfitter_cfg.c **** #endif
 148:Generated_Source\PSoC4/cyfitter_cfg.c **** 
 149:Generated_Source\PSoC4/cyfitter_cfg.c **** 
 150:Generated_Source\PSoC4/cyfitter_cfg.c **** 
 151:Generated_Source\PSoC4/cyfitter_cfg.c **** /*******************************************************************************
 152:Generated_Source\PSoC4/cyfitter_cfg.c **** * Function Name: ClockSetup
 153:Generated_Source\PSoC4/cyfitter_cfg.c **** ********************************************************************************
 154:Generated_Source\PSoC4/cyfitter_cfg.c **** *
 155:Generated_Source\PSoC4/cyfitter_cfg.c **** * Summary:
 156:Generated_Source\PSoC4/cyfitter_cfg.c **** *   Performs the initialization of all of the clocks in the device based on the
 157:Generated_Source\PSoC4/cyfitter_cfg.c **** *   settings in the Clock tab of the DWR.  This includes enabling the requested
 158:Generated_Source\PSoC4/cyfitter_cfg.c **** *   clocks and setting the necessary dividers to produce the desired frequency. 
 159:Generated_Source\PSoC4/cyfitter_cfg.c **** *
 160:Generated_Source\PSoC4/cyfitter_cfg.c **** * Parameters:
 161:Generated_Source\PSoC4/cyfitter_cfg.c **** *   void
 162:Generated_Source\PSoC4/cyfitter_cfg.c **** *
 163:Generated_Source\PSoC4/cyfitter_cfg.c **** * Return:
 164:Generated_Source\PSoC4/cyfitter_cfg.c **** *   void
 165:Generated_Source\PSoC4/cyfitter_cfg.c **** *
 166:Generated_Source\PSoC4/cyfitter_cfg.c **** *******************************************************************************/
 167:Generated_Source\PSoC4/cyfitter_cfg.c **** static void ClockSetup(void);
 168:Generated_Source\PSoC4/cyfitter_cfg.c **** CY_CFG_SECTION
 169:Generated_Source\PSoC4/cyfitter_cfg.c **** static void ClockSetup(void)
 170:Generated_Source\PSoC4/cyfitter_cfg.c **** {
  27              		.loc 1 170 0
  28              		.cfi_startproc
  29              		@ args = 0, pretend = 0, frame = 0
  30              		@ frame_needed = 0, uses_anonymous_args = 0
  31 0000 10B5     		push	{r4, lr}
  32              		.cfi_def_cfa_offset 8
  33              		.cfi_offset 4, -8
  34              		.cfi_offset 14, -4
 171:Generated_Source\PSoC4/cyfitter_cfg.c **** 
 172:Generated_Source\PSoC4/cyfitter_cfg.c **** 	/* Set Flash Cycles based on max possible frequency in case a glitch occurs during ClockSetup(). *
 173:Generated_Source\PSoC4/cyfitter_cfg.c **** 	CY_SET_REG32((void CYXDATA *)(CYREG_CPUSS_FLASH_CTL), (0x0012u));
  35              		.loc 1 173 0
  36 0002 0B4C     		ldr	r4, .L2
  37 0004 1223     		movs	r3, #18
  38 0006 2360     		str	r3, [r4]
 174:Generated_Source\PSoC4/cyfitter_cfg.c **** 	/* Update IMO to new clock speed. */
 175:Generated_Source\PSoC4/cyfitter_cfg.c **** 	CySysClkWriteImoFreq(24u);
  39              		.loc 1 175 0
  40 0008 1820     		movs	r0, #24
  41 000a FFF7FEFF 		bl	CySysClkWriteImoFreq
  42              	.LVL0:
 176:Generated_Source\PSoC4/cyfitter_cfg.c **** 
 177:Generated_Source\PSoC4/cyfitter_cfg.c **** 	/* Setup phase aligned clocks */
 178:Generated_Source\PSoC4/cyfitter_cfg.c **** 	CY_SET_REG32((void *)CYREG_PERI_DIV_16_CTL0, 0x0000FE00u);
  43              		.loc 1 178 0
  44 000e FE22     		movs	r2, #254
  45 0010 1202     		lsls	r2, r2, #8
  46 0012 084B     		ldr	r3, .L2+4
  47 0014 1A60     		str	r2, [r3]
 179:Generated_Source\PSoC4/cyfitter_cfg.c **** 	CY_SET_REG32((void *)CYREG_PERI_DIV_CMD, 0x8000FF40u);
  48              		.loc 1 179 0
  49 0016 084A     		ldr	r2, .L2+8
ARM GAS  C:\Users\dell\AppData\Local\Temp\cc0JhAud.s 			page 5


  50 0018 084B     		ldr	r3, .L2+12
  51 001a 1A60     		str	r2, [r3]
 180:Generated_Source\PSoC4/cyfitter_cfg.c **** 
 181:Generated_Source\PSoC4/cyfitter_cfg.c **** 	/* CYDEV_CLK_SELECT Starting address: CYDEV_CLK_SELECT */
 182:Generated_Source\PSoC4/cyfitter_cfg.c **** 	CY_SET_REG32((void *)(CYREG_CLK_SELECT), 0x00000000u);
  52              		.loc 1 182 0
  53 001c 0022     		movs	r2, #0
  54 001e 084B     		ldr	r3, .L2+16
  55 0020 1A60     		str	r2, [r3]
 183:Generated_Source\PSoC4/cyfitter_cfg.c **** 
 184:Generated_Source\PSoC4/cyfitter_cfg.c **** 	/* CYDEV_PERI_PCLK_CTL2 Starting address: CYDEV_PERI_PCLK_CTL2 */
 185:Generated_Source\PSoC4/cyfitter_cfg.c **** 	CY_SET_REG32((void *)(CYREG_PERI_PCLK_CTL2), 0x00000040u);
  56              		.loc 1 185 0
  57 0022 4032     		adds	r2, r2, #64
  58 0024 074B     		ldr	r3, .L2+20
  59 0026 1A60     		str	r2, [r3]
 186:Generated_Source\PSoC4/cyfitter_cfg.c **** 
 187:Generated_Source\PSoC4/cyfitter_cfg.c **** 	/* Set Flash Cycles based on newly configured 24.00MHz HFCLK. */
 188:Generated_Source\PSoC4/cyfitter_cfg.c **** 	CY_SET_REG32((void CYXDATA *)(CYREG_CPUSS_FLASH_CTL), (0x0011u));
  60              		.loc 1 188 0
  61 0028 1123     		movs	r3, #17
  62 002a 2360     		str	r3, [r4]
 189:Generated_Source\PSoC4/cyfitter_cfg.c **** }
  63              		.loc 1 189 0
  64              		@ sp needed
  65 002c 10BD     		pop	{r4, pc}
  66              	.L3:
  67 002e C046     		.align	2
  68              	.L2:
  69 0030 30001040 		.word	1074790448
  70 0034 00030140 		.word	1073808128
  71 0038 40FF0080 		.word	-2147418304
  72 003c 00000140 		.word	1073807360
  73 0040 28000340 		.word	1073938472
  74 0044 08010140 		.word	1073807624
  75              		.cfi_endproc
  76              	.LFE4:
  77              		.size	ClockSetup, .-ClockSetup
  78              		.section	.text.SetAnalogRoutingPumps,"ax",%progbits
  79              		.align	2
  80              		.global	SetAnalogRoutingPumps
  81              		.code	16
  82              		.thumb_func
  83              		.type	SetAnalogRoutingPumps, %function
  84              	SetAnalogRoutingPumps:
  85              	.LFB6:
 190:Generated_Source\PSoC4/cyfitter_cfg.c **** 
 191:Generated_Source\PSoC4/cyfitter_cfg.c **** 
 192:Generated_Source\PSoC4/cyfitter_cfg.c **** /* Analog API Functions */
 193:Generated_Source\PSoC4/cyfitter_cfg.c **** 
 194:Generated_Source\PSoC4/cyfitter_cfg.c **** 
 195:Generated_Source\PSoC4/cyfitter_cfg.c **** /*******************************************************************************
 196:Generated_Source\PSoC4/cyfitter_cfg.c **** * Function Name: AnalogSetDefault
 197:Generated_Source\PSoC4/cyfitter_cfg.c **** ********************************************************************************
 198:Generated_Source\PSoC4/cyfitter_cfg.c **** *
 199:Generated_Source\PSoC4/cyfitter_cfg.c **** * Summary:
 200:Generated_Source\PSoC4/cyfitter_cfg.c **** *  Sets up the analog portions of the chip to default values based on chip
ARM GAS  C:\Users\dell\AppData\Local\Temp\cc0JhAud.s 			page 6


 201:Generated_Source\PSoC4/cyfitter_cfg.c **** *  configuration options from the project.
 202:Generated_Source\PSoC4/cyfitter_cfg.c **** *
 203:Generated_Source\PSoC4/cyfitter_cfg.c **** * Parameters:
 204:Generated_Source\PSoC4/cyfitter_cfg.c **** *  void
 205:Generated_Source\PSoC4/cyfitter_cfg.c **** *
 206:Generated_Source\PSoC4/cyfitter_cfg.c **** * Return:
 207:Generated_Source\PSoC4/cyfitter_cfg.c **** *  void
 208:Generated_Source\PSoC4/cyfitter_cfg.c **** *
 209:Generated_Source\PSoC4/cyfitter_cfg.c **** *******************************************************************************/
 210:Generated_Source\PSoC4/cyfitter_cfg.c **** static void AnalogSetDefault(void);
 211:Generated_Source\PSoC4/cyfitter_cfg.c **** static void AnalogSetDefault(void)
 212:Generated_Source\PSoC4/cyfitter_cfg.c **** {
 213:Generated_Source\PSoC4/cyfitter_cfg.c **** 	CY_SET_XTND_REG32((void CYFAR *)CYREG_CSD_SW_DSI_SEL, 0x00000011u);
 214:Generated_Source\PSoC4/cyfitter_cfg.c **** 	SetAnalogRoutingPumps(1);
 215:Generated_Source\PSoC4/cyfitter_cfg.c **** }
 216:Generated_Source\PSoC4/cyfitter_cfg.c **** 
 217:Generated_Source\PSoC4/cyfitter_cfg.c **** 
 218:Generated_Source\PSoC4/cyfitter_cfg.c **** /*******************************************************************************
 219:Generated_Source\PSoC4/cyfitter_cfg.c **** * Function Name: SetAnalogRoutingPumps
 220:Generated_Source\PSoC4/cyfitter_cfg.c **** ********************************************************************************
 221:Generated_Source\PSoC4/cyfitter_cfg.c **** *
 222:Generated_Source\PSoC4/cyfitter_cfg.c **** * Summary:
 223:Generated_Source\PSoC4/cyfitter_cfg.c **** * Enables or disables the analog pumps feeding analog routing switches.
 224:Generated_Source\PSoC4/cyfitter_cfg.c **** * Intended to be called at startup, based on the Vdda system configuration;
 225:Generated_Source\PSoC4/cyfitter_cfg.c **** * may be called during operation when the user informs us that the Vdda voltage crossed the pump th
 226:Generated_Source\PSoC4/cyfitter_cfg.c **** *
 227:Generated_Source\PSoC4/cyfitter_cfg.c **** * Parameters:
 228:Generated_Source\PSoC4/cyfitter_cfg.c **** *  enabled - 1 to enable the pumps, 0 to disable the pumps
 229:Generated_Source\PSoC4/cyfitter_cfg.c **** *
 230:Generated_Source\PSoC4/cyfitter_cfg.c **** * Return:
 231:Generated_Source\PSoC4/cyfitter_cfg.c **** *  void
 232:Generated_Source\PSoC4/cyfitter_cfg.c **** *
 233:Generated_Source\PSoC4/cyfitter_cfg.c **** *******************************************************************************/
 234:Generated_Source\PSoC4/cyfitter_cfg.c **** void SetAnalogRoutingPumps(uint8 enabled)
 235:Generated_Source\PSoC4/cyfitter_cfg.c **** {
  86              		.loc 1 235 0
  87              		.cfi_startproc
  88              		@ args = 0, pretend = 0, frame = 0
  89              		@ frame_needed = 0, uses_anonymous_args = 0
  90              		@ link register save eliminated.
  91              	.LVL1:
 236:Generated_Source\PSoC4/cyfitter_cfg.c **** 	uint32 regValue = CY_GET_XTND_REG32((void *)(CYREG_HSIOM_PUMP_CTL));
  92              		.loc 1 236 0
  93 0000 0B4B     		ldr	r3, .L9
  94 0002 1B68     		ldr	r3, [r3]
  95              	.LVL2:
 237:Generated_Source\PSoC4/cyfitter_cfg.c **** 	if (enabled != 0u)
  96              		.loc 1 237 0
  97 0004 0028     		cmp	r0, #0
  98 0006 03D0     		beq	.L5
 238:Generated_Source\PSoC4/cyfitter_cfg.c **** 	{
 239:Generated_Source\PSoC4/cyfitter_cfg.c **** 		regValue |= 0x80000000u;
  99              		.loc 1 239 0
 100 0008 8022     		movs	r2, #128
 101 000a 1206     		lsls	r2, r2, #24
 102 000c 1343     		orrs	r3, r2
 103              	.LVL3:
ARM GAS  C:\Users\dell\AppData\Local\Temp\cc0JhAud.s 			page 7


 104 000e 01E0     		b	.L6
 105              	.L5:
 240:Generated_Source\PSoC4/cyfitter_cfg.c **** 	}
 241:Generated_Source\PSoC4/cyfitter_cfg.c **** 	else
 242:Generated_Source\PSoC4/cyfitter_cfg.c **** 	{
 243:Generated_Source\PSoC4/cyfitter_cfg.c **** 		regValue &= ~0x80000000u;
 106              		.loc 1 243 0
 107 0010 5B00     		lsls	r3, r3, #1
 108              	.LVL4:
 109 0012 5B08     		lsrs	r3, r3, #1
 110              	.LVL5:
 111              	.L6:
 244:Generated_Source\PSoC4/cyfitter_cfg.c **** 	}
 245:Generated_Source\PSoC4/cyfitter_cfg.c **** 	CY_SET_XTND_REG32((void *)(CYREG_HSIOM_PUMP_CTL), regValue);
 112              		.loc 1 245 0
 113 0014 064A     		ldr	r2, .L9
 114 0016 1360     		str	r3, [r2]
 246:Generated_Source\PSoC4/cyfitter_cfg.c **** 	regValue = CY_GET_XTND_REG32((void *)(CYREG_CLK_SELECT));
 115              		.loc 1 246 0
 116 0018 064B     		ldr	r3, .L9+4
 117              	.LVL6:
 118 001a 1B68     		ldr	r3, [r3]
 119              	.LVL7:
 247:Generated_Source\PSoC4/cyfitter_cfg.c **** 	if (enabled != 0u)
 120              		.loc 1 247 0
 121 001c 0028     		cmp	r0, #0
 122 001e 02D0     		beq	.L7
 248:Generated_Source\PSoC4/cyfitter_cfg.c **** 	{
 249:Generated_Source\PSoC4/cyfitter_cfg.c **** 		regValue |= 0x00000020u;
 123              		.loc 1 249 0
 124 0020 2022     		movs	r2, #32
 125 0022 1343     		orrs	r3, r2
 126              	.LVL8:
 127 0024 01E0     		b	.L8
 128              	.L7:
 250:Generated_Source\PSoC4/cyfitter_cfg.c **** 	}
 251:Generated_Source\PSoC4/cyfitter_cfg.c **** 	else
 252:Generated_Source\PSoC4/cyfitter_cfg.c **** 	{
 253:Generated_Source\PSoC4/cyfitter_cfg.c **** 		regValue &= ~0x00000020u;
 129              		.loc 1 253 0
 130 0026 2022     		movs	r2, #32
 131 0028 9343     		bics	r3, r2
 132              	.LVL9:
 133              	.L8:
 254:Generated_Source\PSoC4/cyfitter_cfg.c **** 	}
 255:Generated_Source\PSoC4/cyfitter_cfg.c **** 	CY_SET_XTND_REG32((void *)(CYREG_CLK_SELECT), regValue);
 134              		.loc 1 255 0
 135 002a 024A     		ldr	r2, .L9+4
 136 002c 1360     		str	r3, [r2]
 256:Generated_Source\PSoC4/cyfitter_cfg.c **** }
 137              		.loc 1 256 0
 138              		@ sp needed
 139 002e 7047     		bx	lr
 140              	.L10:
 141              		.align	2
 142              	.L9:
 143 0030 00200240 		.word	1073881088
ARM GAS  C:\Users\dell\AppData\Local\Temp\cc0JhAud.s 			page 8


 144 0034 28000340 		.word	1073938472
 145              		.cfi_endproc
 146              	.LFE6:
 147              		.size	SetAnalogRoutingPumps, .-SetAnalogRoutingPumps
 148              		.section	.text.AnalogSetDefault,"ax",%progbits
 149              		.align	2
 150              		.code	16
 151              		.thumb_func
 152              		.type	AnalogSetDefault, %function
 153              	AnalogSetDefault:
 154              	.LFB5:
 212:Generated_Source\PSoC4/cyfitter_cfg.c **** 	CY_SET_XTND_REG32((void CYFAR *)CYREG_CSD_SW_DSI_SEL, 0x00000011u);
 155              		.loc 1 212 0
 156              		.cfi_startproc
 157              		@ args = 0, pretend = 0, frame = 0
 158              		@ frame_needed = 0, uses_anonymous_args = 0
 159 0000 10B5     		push	{r4, lr}
 160              		.cfi_def_cfa_offset 8
 161              		.cfi_offset 4, -8
 162              		.cfi_offset 14, -4
 213:Generated_Source\PSoC4/cyfitter_cfg.c **** 	SetAnalogRoutingPumps(1);
 163              		.loc 1 213 0
 164 0002 1122     		movs	r2, #17
 165 0004 024B     		ldr	r3, .L12
 166 0006 1A60     		str	r2, [r3]
 214:Generated_Source\PSoC4/cyfitter_cfg.c **** }
 167              		.loc 1 214 0
 168 0008 0120     		movs	r0, #1
 169 000a FFF7FEFF 		bl	SetAnalogRoutingPumps
 170              	.LVL10:
 215:Generated_Source\PSoC4/cyfitter_cfg.c **** 
 171              		.loc 1 215 0
 172              		@ sp needed
 173 000e 10BD     		pop	{r4, pc}
 174              	.L13:
 175              		.align	2
 176              	.L12:
 177 0010 C0020B40 		.word	1074463424
 178              		.cfi_endproc
 179              	.LFE5:
 180              		.size	AnalogSetDefault, .-AnalogSetDefault
 181              		.section	.psocinit
 182              		.align	2
 183              		.global	cyfitter_cfg
 184              		.code	16
 185              		.thumb_func
 186              		.type	cyfitter_cfg, %function
 187              	cyfitter_cfg:
 188              	.LFB7:
 257:Generated_Source\PSoC4/cyfitter_cfg.c **** 
 258:Generated_Source\PSoC4/cyfitter_cfg.c **** 
 259:Generated_Source\PSoC4/cyfitter_cfg.c **** 
 260:Generated_Source\PSoC4/cyfitter_cfg.c **** 
 261:Generated_Source\PSoC4/cyfitter_cfg.c **** /*******************************************************************************
 262:Generated_Source\PSoC4/cyfitter_cfg.c **** * Function Name: cyfitter_cfg
 263:Generated_Source\PSoC4/cyfitter_cfg.c **** ********************************************************************************
 264:Generated_Source\PSoC4/cyfitter_cfg.c **** * Summary:
ARM GAS  C:\Users\dell\AppData\Local\Temp\cc0JhAud.s 			page 9


 265:Generated_Source\PSoC4/cyfitter_cfg.c **** *  This function is called by the start-up code for the selected device. It
 266:Generated_Source\PSoC4/cyfitter_cfg.c **** *  performs all of the necessary device configuration based on the design
 267:Generated_Source\PSoC4/cyfitter_cfg.c **** *  settings.  This includes settings from the Design Wide Resources (DWR) such
 268:Generated_Source\PSoC4/cyfitter_cfg.c **** *  as Clocks and Pins as well as any component configuration that is necessary.
 269:Generated_Source\PSoC4/cyfitter_cfg.c **** *
 270:Generated_Source\PSoC4/cyfitter_cfg.c **** * Parameters:
 271:Generated_Source\PSoC4/cyfitter_cfg.c **** *   void
 272:Generated_Source\PSoC4/cyfitter_cfg.c **** *
 273:Generated_Source\PSoC4/cyfitter_cfg.c **** * Return:
 274:Generated_Source\PSoC4/cyfitter_cfg.c **** *   void
 275:Generated_Source\PSoC4/cyfitter_cfg.c **** *
 276:Generated_Source\PSoC4/cyfitter_cfg.c **** *******************************************************************************/
 277:Generated_Source\PSoC4/cyfitter_cfg.c **** CY_CFG_SECTION
 278:Generated_Source\PSoC4/cyfitter_cfg.c **** void cyfitter_cfg(void)
 279:Generated_Source\PSoC4/cyfitter_cfg.c **** {
 189              		.loc 1 279 0
 190              		.cfi_startproc
 191              		@ args = 0, pretend = 0, frame = 0
 192              		@ frame_needed = 0, uses_anonymous_args = 0
 193 0048 10B5     		push	{r4, lr}
 194              		.cfi_def_cfa_offset 8
 195              		.cfi_offset 4, -8
 196              		.cfi_offset 14, -4
 280:Generated_Source\PSoC4/cyfitter_cfg.c **** 	/* Disable interrupts by default. Let user enable if/when they want. */
 281:Generated_Source\PSoC4/cyfitter_cfg.c **** 	CyGlobalIntDisable;
 197              		.loc 1 281 0
 198              		.syntax divided
 199              	@ 281 "Generated_Source\PSoC4\cyfitter_cfg.c" 1
 200 004a 72B6     		CPSID   i
 201              	@ 0 "" 2
 282:Generated_Source\PSoC4/cyfitter_cfg.c **** 
 283:Generated_Source\PSoC4/cyfitter_cfg.c **** 	{
 284:Generated_Source\PSoC4/cyfitter_cfg.c **** 		/* HSIOM Starting address: CYDEV_HSIOM_BASE */
 285:Generated_Source\PSoC4/cyfitter_cfg.c **** 		CY_SET_REG32((void *)(CYREG_HSIOM_PORT_SEL3), 0x0000EE00u);
 202              		.loc 1 285 0
 203              		.thumb
 204              		.syntax unified
 205 004c EE22     		movs	r2, #238
 206 004e 1202     		lsls	r2, r2, #8
 207 0050 0F4B     		ldr	r3, .L15
 208 0052 1A60     		str	r2, [r3]
 286:Generated_Source\PSoC4/cyfitter_cfg.c **** 
 287:Generated_Source\PSoC4/cyfitter_cfg.c **** 	}
 288:Generated_Source\PSoC4/cyfitter_cfg.c **** 
 289:Generated_Source\PSoC4/cyfitter_cfg.c **** 	/* Perform second pass device configuration. These items must be configured in specific order afte
 290:Generated_Source\PSoC4/cyfitter_cfg.c **** 	/* IOPINS0_0 Starting address: CYDEV_GPIO_PRT0_BASE */
 291:Generated_Source\PSoC4/cyfitter_cfg.c **** 	CY_SET_REG32((void *)(CYDEV_GPIO_PRT0_BASE), 0x0000000Eu);
 209              		.loc 1 291 0
 210 0054 0E22     		movs	r2, #14
 211 0056 0F4B     		ldr	r3, .L15+4
 212 0058 1A60     		str	r2, [r3]
 292:Generated_Source\PSoC4/cyfitter_cfg.c **** 	CY_SET_REG32((void *)(CYREG_GPIO_PRT0_PC2), 0x0000000Fu);
 213              		.loc 1 292 0
 214 005a 0F23     		movs	r3, #15
 215 005c 0E4A     		ldr	r2, .L15+8
 216 005e 1360     		str	r3, [r2]
 293:Generated_Source\PSoC4/cyfitter_cfg.c **** 
ARM GAS  C:\Users\dell\AppData\Local\Temp\cc0JhAud.s 			page 10


 294:Generated_Source\PSoC4/cyfitter_cfg.c **** 	/* IOPINS0_1 Starting address: CYDEV_GPIO_PRT1_BASE */
 295:Generated_Source\PSoC4/cyfitter_cfg.c **** 	CY_SET_REG32((void *)(CYDEV_GPIO_PRT1_BASE), 0x0000000Fu);
 217              		.loc 1 295 0
 218 0060 0E4A     		ldr	r2, .L15+12
 219 0062 1360     		str	r3, [r2]
 296:Generated_Source\PSoC4/cyfitter_cfg.c **** 	CY_SET_REG32((void *)(CYREG_GPIO_PRT1_PC), 0x00C00DB6u);
 220              		.loc 1 296 0
 221 0064 0E4A     		ldr	r2, .L15+16
 222 0066 0F4B     		ldr	r3, .L15+20
 223 0068 1A60     		str	r2, [r3]
 297:Generated_Source\PSoC4/cyfitter_cfg.c **** 
 298:Generated_Source\PSoC4/cyfitter_cfg.c **** 	/* IOPINS0_2 Starting address: CYDEV_GPIO_PRT2_BASE */
 299:Generated_Source\PSoC4/cyfitter_cfg.c **** 	CY_SET_REG32((void *)(CYREG_GPIO_PRT2_PC), 0x00C001B6u);
 224              		.loc 1 299 0
 225 006a 0F4A     		ldr	r2, .L15+24
 226 006c 0F4B     		ldr	r3, .L15+28
 227 006e 1A60     		str	r2, [r3]
 300:Generated_Source\PSoC4/cyfitter_cfg.c **** 
 301:Generated_Source\PSoC4/cyfitter_cfg.c **** 	/* IOPINS0_3 Starting address: CYDEV_GPIO_PRT3_BASE */
 302:Generated_Source\PSoC4/cyfitter_cfg.c **** 	CY_SET_REG32((void *)(CYDEV_GPIO_PRT3_BASE), 0x00000002u);
 228              		.loc 1 302 0
 229 0070 0222     		movs	r2, #2
 230 0072 0F4B     		ldr	r3, .L15+32
 231 0074 1A60     		str	r2, [r3]
 303:Generated_Source\PSoC4/cyfitter_cfg.c **** 	CY_SET_REG32((void *)(CYREG_GPIO_PRT3_PC), 0x00000DB0u);
 232              		.loc 1 303 0
 233 0076 DB22     		movs	r2, #219
 234 0078 1201     		lsls	r2, r2, #4
 235 007a 0E4B     		ldr	r3, .L15+36
 236 007c 1A60     		str	r2, [r3]
 304:Generated_Source\PSoC4/cyfitter_cfg.c **** 
 305:Generated_Source\PSoC4/cyfitter_cfg.c **** 	/* IOPINS0_4 Starting address: CYDEV_GPIO_PRT4_BASE */
 306:Generated_Source\PSoC4/cyfitter_cfg.c **** 	CY_SET_REG32((void *)(CYREG_GPIO_PRT4_PC2), 0x0000000Cu);
 237              		.loc 1 306 0
 238 007e 0C22     		movs	r2, #12
 239 0080 0D4B     		ldr	r3, .L15+40
 240 0082 1A60     		str	r2, [r3]
 307:Generated_Source\PSoC4/cyfitter_cfg.c **** 
 308:Generated_Source\PSoC4/cyfitter_cfg.c **** 
 309:Generated_Source\PSoC4/cyfitter_cfg.c **** 	/* Setup clocks based on selections from Clock DWR */
 310:Generated_Source\PSoC4/cyfitter_cfg.c **** 	ClockSetup();
 241              		.loc 1 310 0
 242 0084 FFF7BCFF 		bl	ClockSetup
 243              	.LVL11:
 311:Generated_Source\PSoC4/cyfitter_cfg.c **** 
 312:Generated_Source\PSoC4/cyfitter_cfg.c **** 	/* Perform basic analog initialization to defaults */
 313:Generated_Source\PSoC4/cyfitter_cfg.c **** 	AnalogSetDefault();
 244              		.loc 1 313 0
 245 0088 FFF7FEFF 		bl	AnalogSetDefault
 246              	.LVL12:
 314:Generated_Source\PSoC4/cyfitter_cfg.c **** 
 315:Generated_Source\PSoC4/cyfitter_cfg.c **** }
 247              		.loc 1 315 0
 248              		@ sp needed
 249 008c 10BD     		pop	{r4, pc}
 250              	.L16:
 251 008e C046     		.align	2
ARM GAS  C:\Users\dell\AppData\Local\Temp\cc0JhAud.s 			page 11


 252              	.L15:
 253 0090 00030240 		.word	1073873664
 254 0094 00000440 		.word	1074003968
 255 0098 18000440 		.word	1074003992
 256 009c 00010440 		.word	1074004224
 257 00a0 B60DC000 		.word	12586422
 258 00a4 08010440 		.word	1074004232
 259 00a8 B601C000 		.word	12583350
 260 00ac 08020440 		.word	1074004488
 261 00b0 00030440 		.word	1074004736
 262 00b4 08030440 		.word	1074004744
 263 00b8 18040440 		.word	1074005016
 264              		.cfi_endproc
 265              	.LFE7:
 266              		.size	cyfitter_cfg, .-cyfitter_cfg
 267              		.text
 268              	.Letext0:
 269              		.file 2 "Generated_Source\\PSoC4\\cytypes.h"
 270              		.file 3 "Generated_Source\\PSoC4\\CyLib.h"
 271              		.section	.debug_info,"",%progbits
 272              	.Ldebug_info0:
 273 0000 64010000 		.4byte	0x164
 274 0004 0400     		.2byte	0x4
 275 0006 00000000 		.4byte	.Ldebug_abbrev0
 276 000a 04       		.byte	0x4
 277 000b 01       		.uleb128 0x1
 278 000c 80010000 		.4byte	.LASF21
 279 0010 0C       		.byte	0xc
 280 0011 15000000 		.4byte	.LASF22
 281 0015 C8000000 		.4byte	.LASF23
 282 0019 00000000 		.4byte	.Ldebug_ranges0+0
 283 001d 00000000 		.4byte	0
 284 0021 00000000 		.4byte	.Ldebug_line0
 285 0025 02       		.uleb128 0x2
 286 0026 04       		.byte	0x4
 287 0027 05       		.byte	0x5
 288 0028 696E7400 		.ascii	"int\000"
 289 002c 03       		.uleb128 0x3
 290 002d 04       		.byte	0x4
 291 002e 07       		.byte	0x7
 292 002f 3B000000 		.4byte	.LASF0
 293 0033 03       		.uleb128 0x3
 294 0034 08       		.byte	0x8
 295 0035 05       		.byte	0x5
 296 0036 00000000 		.4byte	.LASF1
 297 003a 03       		.uleb128 0x3
 298 003b 08       		.byte	0x8
 299 003c 04       		.byte	0x4
 300 003d 59010000 		.4byte	.LASF2
 301 0041 03       		.uleb128 0x3
 302 0042 01       		.byte	0x1
 303 0043 06       		.byte	0x6
 304 0044 4D010000 		.4byte	.LASF3
 305 0048 03       		.uleb128 0x3
 306 0049 01       		.byte	0x1
 307 004a 08       		.byte	0x8
 308 004b B5000000 		.4byte	.LASF4
ARM GAS  C:\Users\dell\AppData\Local\Temp\cc0JhAud.s 			page 12


 309 004f 03       		.uleb128 0x3
 310 0050 02       		.byte	0x2
 311 0051 05       		.byte	0x5
 312 0052 76010000 		.4byte	.LASF5
 313 0056 03       		.uleb128 0x3
 314 0057 02       		.byte	0x2
 315 0058 07       		.byte	0x7
 316 0059 3A010000 		.4byte	.LASF6
 317 005d 03       		.uleb128 0x3
 318 005e 04       		.byte	0x4
 319 005f 05       		.byte	0x5
 320 0060 08010000 		.4byte	.LASF7
 321 0064 03       		.uleb128 0x3
 322 0065 04       		.byte	0x4
 323 0066 07       		.byte	0x7
 324 0067 4E000000 		.4byte	.LASF8
 325 006b 03       		.uleb128 0x3
 326 006c 08       		.byte	0x8
 327 006d 07       		.byte	0x7
 328 006e 6D000000 		.4byte	.LASF9
 329 0072 03       		.uleb128 0x3
 330 0073 04       		.byte	0x4
 331 0074 07       		.byte	0x7
 332 0075 12020000 		.4byte	.LASF10
 333 0079 03       		.uleb128 0x3
 334 007a 01       		.byte	0x1
 335 007b 08       		.byte	0x8
 336 007c C3000000 		.4byte	.LASF11
 337 0080 04       		.uleb128 0x4
 338 0081 48000000 		.4byte	.LASF12
 339 0085 02       		.byte	0x2
 340 0086 F701     		.2byte	0x1f7
 341 0088 48000000 		.4byte	0x48
 342 008c 04       		.uleb128 0x4
 343 008d 0E000000 		.4byte	.LASF13
 344 0091 02       		.byte	0x2
 345 0092 F901     		.2byte	0x1f9
 346 0094 64000000 		.4byte	0x64
 347 0098 03       		.uleb128 0x3
 348 0099 04       		.byte	0x4
 349 009a 04       		.byte	0x4
 350 009b 84000000 		.4byte	.LASF14
 351 009f 03       		.uleb128 0x3
 352 00a0 08       		.byte	0x8
 353 00a1 04       		.byte	0x4
 354 00a2 2D010000 		.4byte	.LASF15
 355 00a6 04       		.uleb128 0x4
 356 00a7 34010000 		.4byte	.LASF16
 357 00ab 02       		.byte	0x2
 358 00ac A302     		.2byte	0x2a3
 359 00ae B2000000 		.4byte	0xb2
 360 00b2 05       		.uleb128 0x5
 361 00b3 8C000000 		.4byte	0x8c
 362 00b7 06       		.uleb128 0x6
 363 00b8 22010000 		.4byte	.LASF17
 364 00bc 01       		.byte	0x1
 365 00bd A9       		.byte	0xa9
ARM GAS  C:\Users\dell\AppData\Local\Temp\cc0JhAud.s 			page 13


 366 00be 00000000 		.4byte	.LFB4
 367 00c2 48000000 		.4byte	.LFE4-.LFB4
 368 00c6 01       		.uleb128 0x1
 369 00c7 9C       		.byte	0x9c
 370 00c8 DC000000 		.4byte	0xdc
 371 00cc 07       		.uleb128 0x7
 372 00cd 0E000000 		.4byte	.LVL0
 373 00d1 5C010000 		.4byte	0x15c
 374 00d5 08       		.uleb128 0x8
 375 00d6 01       		.uleb128 0x1
 376 00d7 50       		.byte	0x50
 377 00d8 01       		.uleb128 0x1
 378 00d9 48       		.byte	0x48
 379 00da 00       		.byte	0
 380 00db 00       		.byte	0
 381 00dc 09       		.uleb128 0x9
 382 00dd 8A000000 		.4byte	.LASF19
 383 00e1 01       		.byte	0x1
 384 00e2 EA       		.byte	0xea
 385 00e3 00000000 		.4byte	.LFB6
 386 00e7 38000000 		.4byte	.LFE6-.LFB6
 387 00eb 01       		.uleb128 0x1
 388 00ec 9C       		.byte	0x9c
 389 00ed 0E010000 		.4byte	0x10e
 390 00f1 0A       		.uleb128 0xa
 391 00f2 65010000 		.4byte	.LASF24
 392 00f6 01       		.byte	0x1
 393 00f7 EA       		.byte	0xea
 394 00f8 80000000 		.4byte	0x80
 395 00fc 01       		.uleb128 0x1
 396 00fd 50       		.byte	0x50
 397 00fe 0B       		.uleb128 0xb
 398 00ff 6D010000 		.4byte	.LASF25
 399 0103 01       		.byte	0x1
 400 0104 EC       		.byte	0xec
 401 0105 8C000000 		.4byte	0x8c
 402 0109 00000000 		.4byte	.LLST0
 403 010d 00       		.byte	0
 404 010e 06       		.uleb128 0x6
 405 010f 11010000 		.4byte	.LASF18
 406 0113 01       		.byte	0x1
 407 0114 D3       		.byte	0xd3
 408 0115 00000000 		.4byte	.LFB5
 409 0119 14000000 		.4byte	.LFE5-.LFB5
 410 011d 01       		.uleb128 0x1
 411 011e 9C       		.byte	0x9c
 412 011f 33010000 		.4byte	0x133
 413 0123 07       		.uleb128 0x7
 414 0124 0E000000 		.4byte	.LVL10
 415 0128 DC000000 		.4byte	0xdc
 416 012c 08       		.uleb128 0x8
 417 012d 01       		.uleb128 0x1
 418 012e 50       		.byte	0x50
 419 012f 01       		.uleb128 0x1
 420 0130 31       		.byte	0x31
 421 0131 00       		.byte	0
 422 0132 00       		.byte	0
ARM GAS  C:\Users\dell\AppData\Local\Temp\cc0JhAud.s 			page 14


 423 0133 0C       		.uleb128 0xc
 424 0134 60000000 		.4byte	.LASF20
 425 0138 01       		.byte	0x1
 426 0139 1601     		.2byte	0x116
 427 013b 48000000 		.4byte	.LFB7
 428 013f 74000000 		.4byte	.LFE7-.LFB7
 429 0143 01       		.uleb128 0x1
 430 0144 9C       		.byte	0x9c
 431 0145 5C010000 		.4byte	0x15c
 432 0149 0D       		.uleb128 0xd
 433 014a 88000000 		.4byte	.LVL11
 434 014e B7000000 		.4byte	0xb7
 435 0152 0D       		.uleb128 0xd
 436 0153 8C000000 		.4byte	.LVL12
 437 0157 0E010000 		.4byte	0x10e
 438 015b 00       		.byte	0
 439 015c 0E       		.uleb128 0xe
 440 015d A0000000 		.4byte	.LASF26
 441 0161 A0000000 		.4byte	.LASF26
 442 0165 03       		.byte	0x3
 443 0166 6C       		.byte	0x6c
 444 0167 00       		.byte	0
 445              		.section	.debug_abbrev,"",%progbits
 446              	.Ldebug_abbrev0:
 447 0000 01       		.uleb128 0x1
 448 0001 11       		.uleb128 0x11
 449 0002 01       		.byte	0x1
 450 0003 25       		.uleb128 0x25
 451 0004 0E       		.uleb128 0xe
 452 0005 13       		.uleb128 0x13
 453 0006 0B       		.uleb128 0xb
 454 0007 03       		.uleb128 0x3
 455 0008 0E       		.uleb128 0xe
 456 0009 1B       		.uleb128 0x1b
 457 000a 0E       		.uleb128 0xe
 458 000b 55       		.uleb128 0x55
 459 000c 17       		.uleb128 0x17
 460 000d 11       		.uleb128 0x11
 461 000e 01       		.uleb128 0x1
 462 000f 10       		.uleb128 0x10
 463 0010 17       		.uleb128 0x17
 464 0011 00       		.byte	0
 465 0012 00       		.byte	0
 466 0013 02       		.uleb128 0x2
 467 0014 24       		.uleb128 0x24
 468 0015 00       		.byte	0
 469 0016 0B       		.uleb128 0xb
 470 0017 0B       		.uleb128 0xb
 471 0018 3E       		.uleb128 0x3e
 472 0019 0B       		.uleb128 0xb
 473 001a 03       		.uleb128 0x3
 474 001b 08       		.uleb128 0x8
 475 001c 00       		.byte	0
 476 001d 00       		.byte	0
 477 001e 03       		.uleb128 0x3
 478 001f 24       		.uleb128 0x24
 479 0020 00       		.byte	0
ARM GAS  C:\Users\dell\AppData\Local\Temp\cc0JhAud.s 			page 15


 480 0021 0B       		.uleb128 0xb
 481 0022 0B       		.uleb128 0xb
 482 0023 3E       		.uleb128 0x3e
 483 0024 0B       		.uleb128 0xb
 484 0025 03       		.uleb128 0x3
 485 0026 0E       		.uleb128 0xe
 486 0027 00       		.byte	0
 487 0028 00       		.byte	0
 488 0029 04       		.uleb128 0x4
 489 002a 16       		.uleb128 0x16
 490 002b 00       		.byte	0
 491 002c 03       		.uleb128 0x3
 492 002d 0E       		.uleb128 0xe
 493 002e 3A       		.uleb128 0x3a
 494 002f 0B       		.uleb128 0xb
 495 0030 3B       		.uleb128 0x3b
 496 0031 05       		.uleb128 0x5
 497 0032 49       		.uleb128 0x49
 498 0033 13       		.uleb128 0x13
 499 0034 00       		.byte	0
 500 0035 00       		.byte	0
 501 0036 05       		.uleb128 0x5
 502 0037 35       		.uleb128 0x35
 503 0038 00       		.byte	0
 504 0039 49       		.uleb128 0x49
 505 003a 13       		.uleb128 0x13
 506 003b 00       		.byte	0
 507 003c 00       		.byte	0
 508 003d 06       		.uleb128 0x6
 509 003e 2E       		.uleb128 0x2e
 510 003f 01       		.byte	0x1
 511 0040 03       		.uleb128 0x3
 512 0041 0E       		.uleb128 0xe
 513 0042 3A       		.uleb128 0x3a
 514 0043 0B       		.uleb128 0xb
 515 0044 3B       		.uleb128 0x3b
 516 0045 0B       		.uleb128 0xb
 517 0046 27       		.uleb128 0x27
 518 0047 19       		.uleb128 0x19
 519 0048 11       		.uleb128 0x11
 520 0049 01       		.uleb128 0x1
 521 004a 12       		.uleb128 0x12
 522 004b 06       		.uleb128 0x6
 523 004c 40       		.uleb128 0x40
 524 004d 18       		.uleb128 0x18
 525 004e 9742     		.uleb128 0x2117
 526 0050 19       		.uleb128 0x19
 527 0051 01       		.uleb128 0x1
 528 0052 13       		.uleb128 0x13
 529 0053 00       		.byte	0
 530 0054 00       		.byte	0
 531 0055 07       		.uleb128 0x7
 532 0056 898201   		.uleb128 0x4109
 533 0059 01       		.byte	0x1
 534 005a 11       		.uleb128 0x11
 535 005b 01       		.uleb128 0x1
 536 005c 31       		.uleb128 0x31
ARM GAS  C:\Users\dell\AppData\Local\Temp\cc0JhAud.s 			page 16


 537 005d 13       		.uleb128 0x13
 538 005e 00       		.byte	0
 539 005f 00       		.byte	0
 540 0060 08       		.uleb128 0x8
 541 0061 8A8201   		.uleb128 0x410a
 542 0064 00       		.byte	0
 543 0065 02       		.uleb128 0x2
 544 0066 18       		.uleb128 0x18
 545 0067 9142     		.uleb128 0x2111
 546 0069 18       		.uleb128 0x18
 547 006a 00       		.byte	0
 548 006b 00       		.byte	0
 549 006c 09       		.uleb128 0x9
 550 006d 2E       		.uleb128 0x2e
 551 006e 01       		.byte	0x1
 552 006f 3F       		.uleb128 0x3f
 553 0070 19       		.uleb128 0x19
 554 0071 03       		.uleb128 0x3
 555 0072 0E       		.uleb128 0xe
 556 0073 3A       		.uleb128 0x3a
 557 0074 0B       		.uleb128 0xb
 558 0075 3B       		.uleb128 0x3b
 559 0076 0B       		.uleb128 0xb
 560 0077 27       		.uleb128 0x27
 561 0078 19       		.uleb128 0x19
 562 0079 11       		.uleb128 0x11
 563 007a 01       		.uleb128 0x1
 564 007b 12       		.uleb128 0x12
 565 007c 06       		.uleb128 0x6
 566 007d 40       		.uleb128 0x40
 567 007e 18       		.uleb128 0x18
 568 007f 9742     		.uleb128 0x2117
 569 0081 19       		.uleb128 0x19
 570 0082 01       		.uleb128 0x1
 571 0083 13       		.uleb128 0x13
 572 0084 00       		.byte	0
 573 0085 00       		.byte	0
 574 0086 0A       		.uleb128 0xa
 575 0087 05       		.uleb128 0x5
 576 0088 00       		.byte	0
 577 0089 03       		.uleb128 0x3
 578 008a 0E       		.uleb128 0xe
 579 008b 3A       		.uleb128 0x3a
 580 008c 0B       		.uleb128 0xb
 581 008d 3B       		.uleb128 0x3b
 582 008e 0B       		.uleb128 0xb
 583 008f 49       		.uleb128 0x49
 584 0090 13       		.uleb128 0x13
 585 0091 02       		.uleb128 0x2
 586 0092 18       		.uleb128 0x18
 587 0093 00       		.byte	0
 588 0094 00       		.byte	0
 589 0095 0B       		.uleb128 0xb
 590 0096 34       		.uleb128 0x34
 591 0097 00       		.byte	0
 592 0098 03       		.uleb128 0x3
 593 0099 0E       		.uleb128 0xe
ARM GAS  C:\Users\dell\AppData\Local\Temp\cc0JhAud.s 			page 17


 594 009a 3A       		.uleb128 0x3a
 595 009b 0B       		.uleb128 0xb
 596 009c 3B       		.uleb128 0x3b
 597 009d 0B       		.uleb128 0xb
 598 009e 49       		.uleb128 0x49
 599 009f 13       		.uleb128 0x13
 600 00a0 02       		.uleb128 0x2
 601 00a1 17       		.uleb128 0x17
 602 00a2 00       		.byte	0
 603 00a3 00       		.byte	0
 604 00a4 0C       		.uleb128 0xc
 605 00a5 2E       		.uleb128 0x2e
 606 00a6 01       		.byte	0x1
 607 00a7 3F       		.uleb128 0x3f
 608 00a8 19       		.uleb128 0x19
 609 00a9 03       		.uleb128 0x3
 610 00aa 0E       		.uleb128 0xe
 611 00ab 3A       		.uleb128 0x3a
 612 00ac 0B       		.uleb128 0xb
 613 00ad 3B       		.uleb128 0x3b
 614 00ae 05       		.uleb128 0x5
 615 00af 27       		.uleb128 0x27
 616 00b0 19       		.uleb128 0x19
 617 00b1 11       		.uleb128 0x11
 618 00b2 01       		.uleb128 0x1
 619 00b3 12       		.uleb128 0x12
 620 00b4 06       		.uleb128 0x6
 621 00b5 40       		.uleb128 0x40
 622 00b6 18       		.uleb128 0x18
 623 00b7 9742     		.uleb128 0x2117
 624 00b9 19       		.uleb128 0x19
 625 00ba 01       		.uleb128 0x1
 626 00bb 13       		.uleb128 0x13
 627 00bc 00       		.byte	0
 628 00bd 00       		.byte	0
 629 00be 0D       		.uleb128 0xd
 630 00bf 898201   		.uleb128 0x4109
 631 00c2 00       		.byte	0
 632 00c3 11       		.uleb128 0x11
 633 00c4 01       		.uleb128 0x1
 634 00c5 31       		.uleb128 0x31
 635 00c6 13       		.uleb128 0x13
 636 00c7 00       		.byte	0
 637 00c8 00       		.byte	0
 638 00c9 0E       		.uleb128 0xe
 639 00ca 2E       		.uleb128 0x2e
 640 00cb 00       		.byte	0
 641 00cc 3F       		.uleb128 0x3f
 642 00cd 19       		.uleb128 0x19
 643 00ce 3C       		.uleb128 0x3c
 644 00cf 19       		.uleb128 0x19
 645 00d0 6E       		.uleb128 0x6e
 646 00d1 0E       		.uleb128 0xe
 647 00d2 03       		.uleb128 0x3
 648 00d3 0E       		.uleb128 0xe
 649 00d4 3A       		.uleb128 0x3a
 650 00d5 0B       		.uleb128 0xb
ARM GAS  C:\Users\dell\AppData\Local\Temp\cc0JhAud.s 			page 18


 651 00d6 3B       		.uleb128 0x3b
 652 00d7 0B       		.uleb128 0xb
 653 00d8 00       		.byte	0
 654 00d9 00       		.byte	0
 655 00da 00       		.byte	0
 656              		.section	.debug_loc,"",%progbits
 657              	.Ldebug_loc0:
 658              	.LLST0:
 659 0000 04000000 		.4byte	.LVL2
 660 0004 12000000 		.4byte	.LVL4
 661 0008 0100     		.2byte	0x1
 662 000a 53       		.byte	0x53
 663 000b 14000000 		.4byte	.LVL5
 664 000f 1A000000 		.4byte	.LVL6
 665 0013 0100     		.2byte	0x1
 666 0015 53       		.byte	0x53
 667 0016 1A000000 		.4byte	.LVL6
 668 001a 1C000000 		.4byte	.LVL7
 669 001e 0200     		.2byte	0x2
 670 0020 72       		.byte	0x72
 671 0021 00       		.sleb128 0
 672 0022 1C000000 		.4byte	.LVL7
 673 0026 38000000 		.4byte	.LFE6
 674 002a 0100     		.2byte	0x1
 675 002c 53       		.byte	0x53
 676 002d 00000000 		.4byte	0
 677 0031 00000000 		.4byte	0
 678              		.section	.debug_aranges,"",%progbits
 679 0000 34000000 		.4byte	0x34
 680 0004 0200     		.2byte	0x2
 681 0006 00000000 		.4byte	.Ldebug_info0
 682 000a 04       		.byte	0x4
 683 000b 00       		.byte	0
 684 000c 0000     		.2byte	0
 685 000e 0000     		.2byte	0
 686 0010 00000000 		.4byte	.LFB4
 687 0014 48000000 		.4byte	.LFE4-.LFB4
 688 0018 00000000 		.4byte	.LFB6
 689 001c 38000000 		.4byte	.LFE6-.LFB6
 690 0020 00000000 		.4byte	.LFB5
 691 0024 14000000 		.4byte	.LFE5-.LFB5
 692 0028 48000000 		.4byte	.LFB7
 693 002c 74000000 		.4byte	.LFE7-.LFB7
 694 0030 00000000 		.4byte	0
 695 0034 00000000 		.4byte	0
 696              		.section	.debug_ranges,"",%progbits
 697              	.Ldebug_ranges0:
 698 0000 00000000 		.4byte	.LFB4
 699 0004 48000000 		.4byte	.LFE4
 700 0008 00000000 		.4byte	.LFB6
 701 000c 38000000 		.4byte	.LFE6
 702 0010 00000000 		.4byte	.LFB5
 703 0014 14000000 		.4byte	.LFE5
 704 0018 48000000 		.4byte	.LFB7
 705 001c BC000000 		.4byte	.LFE7
 706 0020 00000000 		.4byte	0
 707 0024 00000000 		.4byte	0
ARM GAS  C:\Users\dell\AppData\Local\Temp\cc0JhAud.s 			page 19


 708              		.section	.debug_line,"",%progbits
 709              	.Ldebug_line0:
 710 0000 B1000000 		.section	.debug_str,"MS",%progbits,1
 710      02005400 
 710      00000201 
 710      FB0E0D00 
 710      01010101 
 711              	.LASF1:
 712 0000 6C6F6E67 		.ascii	"long long int\000"
 712      206C6F6E 
 712      6720696E 
 712      7400
 713              	.LASF13:
 714 000e 75696E74 		.ascii	"uint32\000"
 714      333200
 715              	.LASF22:
 716 0015 47656E65 		.ascii	"Generated_Source\\PSoC4\\cyfitter_cfg.c\000"
 716      72617465 
 716      645F536F 
 716      75726365 
 716      5C50536F 
 717              	.LASF0:
 718 003b 756E7369 		.ascii	"unsigned int\000"
 718      676E6564 
 718      20696E74 
 718      00
 719              	.LASF12:
 720 0048 75696E74 		.ascii	"uint8\000"
 720      3800
 721              	.LASF8:
 722 004e 6C6F6E67 		.ascii	"long unsigned int\000"
 722      20756E73 
 722      69676E65 
 722      6420696E 
 722      7400
 723              	.LASF20:
 724 0060 63796669 		.ascii	"cyfitter_cfg\000"
 724      74746572 
 724      5F636667 
 724      00
 725              	.LASF9:
 726 006d 6C6F6E67 		.ascii	"long long unsigned int\000"
 726      206C6F6E 
 726      6720756E 
 726      7369676E 
 726      65642069 
 727              	.LASF14:
 728 0084 666C6F61 		.ascii	"float\000"
 728      7400
 729              	.LASF19:
 730 008a 53657441 		.ascii	"SetAnalogRoutingPumps\000"
 730      6E616C6F 
 730      67526F75 
 730      74696E67 
 730      50756D70 
 731              	.LASF26:
 732 00a0 43795379 		.ascii	"CySysClkWriteImoFreq\000"
ARM GAS  C:\Users\dell\AppData\Local\Temp\cc0JhAud.s 			page 20


 732      73436C6B 
 732      57726974 
 732      65496D6F 
 732      46726571 
 733              	.LASF4:
 734 00b5 756E7369 		.ascii	"unsigned char\000"
 734      676E6564 
 734      20636861 
 734      7200
 735              	.LASF11:
 736 00c3 63686172 		.ascii	"char\000"
 736      00
 737              	.LASF23:
 738 00c8 433A5C55 		.ascii	"C:\\Users\\dell\\Documents\\PSoC Creator\\Workspace"
 738      73657273 
 738      5C64656C 
 738      6C5C446F 
 738      63756D65 
 739 00f6 30335C44 		.ascii	"03\\Design01.cydsn\000"
 739      65736967 
 739      6E30312E 
 739      63796473 
 739      6E00
 740              	.LASF7:
 741 0108 6C6F6E67 		.ascii	"long int\000"
 741      20696E74 
 741      00
 742              	.LASF18:
 743 0111 416E616C 		.ascii	"AnalogSetDefault\000"
 743      6F675365 
 743      74446566 
 743      61756C74 
 743      00
 744              	.LASF17:
 745 0122 436C6F63 		.ascii	"ClockSetup\000"
 745      6B536574 
 745      757000
 746              	.LASF15:
 747 012d 646F7562 		.ascii	"double\000"
 747      6C6500
 748              	.LASF16:
 749 0134 72656733 		.ascii	"reg32\000"
 749      3200
 750              	.LASF6:
 751 013a 73686F72 		.ascii	"short unsigned int\000"
 751      7420756E 
 751      7369676E 
 751      65642069 
 751      6E7400
 752              	.LASF3:
 753 014d 7369676E 		.ascii	"signed char\000"
 753      65642063 
 753      68617200 
 754              	.LASF2:
 755 0159 6C6F6E67 		.ascii	"long double\000"
 755      20646F75 
 755      626C6500 
ARM GAS  C:\Users\dell\AppData\Local\Temp\cc0JhAud.s 			page 21


 756              	.LASF24:
 757 0165 656E6162 		.ascii	"enabled\000"
 757      6C656400 
 758              	.LASF25:
 759 016d 72656756 		.ascii	"regValue\000"
 759      616C7565 
 759      00
 760              	.LASF5:
 761 0176 73686F72 		.ascii	"short int\000"
 761      7420696E 
 761      7400
 762              	.LASF21:
 763 0180 474E5520 		.ascii	"GNU C11 5.4.1 20160609 (release) [ARM/embedded-5-br"
 763      43313120 
 763      352E342E 
 763      31203230 
 763      31363036 
 764 01b3 616E6368 		.ascii	"anch revision 237715] -mcpu=cortex-m0plus -mthumb -"
 764      20726576 
 764      6973696F 
 764      6E203233 
 764      37373135 
 765 01e6 67202D4F 		.ascii	"g -Og -ffunction-sections -ffat-lto-objects\000"
 765      67202D66 
 765      66756E63 
 765      74696F6E 
 765      2D736563 
 766              	.LASF10:
 767 0212 73697A65 		.ascii	"sizetype\000"
 767      74797065 
 767      00
 768              		.ident	"GCC: (GNU Tools for ARM Embedded Processors) 5.4.1 20160609 (release) [ARM/embedded-5-bran
