Archive member included to satisfy reference by file (symbol)

.\CortexM0p\ARM_GCC_541\Debug\Design01.a(SW_Tx_UART.o)
                              .\CortexM0p\ARM_GCC_541\Debug\softDebug.o (SW_Tx_UART_PutString)
.\CortexM0p\ARM_GCC_541\Debug\Design01.a(LED_RO.o)
                              .\CortexM0p\ARM_GCC_541\Debug\sys.o (LED_RO_Write)
.\CortexM0p\ARM_GCC_541\Debug\Design01.a(LED_COLD.o)
                              .\CortexM0p\ARM_GCC_541\Debug\sys.o (LED_COLD_Write)
.\CortexM0p\ARM_GCC_541\Debug\Design01.a(LED_HOT.o)
                              .\CortexM0p\ARM_GCC_541\Debug\sys.o (LED_HOT_Write)
.\CortexM0p\ARM_GCC_541\Debug\Design01.a(LED_LOCK.o)
                              .\CortexM0p\ARM_GCC_541\Debug\sys.o (LED_LOCK_Write)
.\CortexM0p\ARM_GCC_541\Debug\Design01.a(VL1.o)
                              .\CortexM0p\ARM_GCC_541\Debug\sys.o (VL1_Write)
.\CortexM0p\ARM_GCC_541\Debug\Design01.a(VL2.o)
                              .\CortexM0p\ARM_GCC_541\Debug\sys.o (VL2_Write)
.\CortexM0p\ARM_GCC_541\Debug\Design01.a(VL3.o)
                              .\CortexM0p\ARM_GCC_541\Debug\sys.o (VL3_Write)
.\CortexM0p\ARM_GCC_541\Debug\Design01.a(CapSense_Control.o)
                              .\CortexM0p\ARM_GCC_541\Debug\touchBtn_ADC.o (CapSense_Start)
.\CortexM0p\ARM_GCC_541\Debug\Design01.a(CapSense_Processing.o)
                              .\CortexM0p\ARM_GCC_541\Debug\Design01.a(CapSense_Control.o) (CapSense_DpInitialize)
.\CortexM0p\ARM_GCC_541\Debug\Design01.a(CapSense_Structure.o)
                              .\CortexM0p\ARM_GCC_541\Debug\touchBtn_ADC.o (CapSense_dsRam)
.\CortexM0p\ARM_GCC_541\Debug\Design01.a(CapSense_Tuner.o)
                              .\CortexM0p\ARM_GCC_541\Debug\Design01.a(CapSense_Control.o) (CapSense_TuInitialize)
.\CortexM0p\ARM_GCC_541\Debug\Design01.a(CapSense_Filter.o)
                              .\CortexM0p\ARM_GCC_541\Debug\Design01.a(CapSense_Control.o) (CapSense_FtInitialize)
.\CortexM0p\ARM_GCC_541\Debug\Design01.a(CapSense_Sensing.o)
                              .\CortexM0p\ARM_GCC_541\Debug\touchBtn_ADC.o (CapSense_IsBusy)
.\CortexM0p\ARM_GCC_541\Debug\Design01.a(CapSense_SensingCSD_LL.o)
                              .\CortexM0p\ARM_GCC_541\Debug\Design01.a(CapSense_Sensing.o) (CapSense_SsCSDInitialize)
.\CortexM0p\ARM_GCC_541\Debug\Design01.a(CapSense_Adc.o)
                              .\CortexM0p\ARM_GCC_541\Debug\touchBtn_ADC.o (CapSense_AdcIsBusy)
.\CortexM0p\ARM_GCC_541\Debug\Design01.a(CapSense_Adc_INT.o)
                              .\CortexM0p\ARM_GCC_541\Debug\Design01.a(CapSense_Adc.o) (CapSense_AdcIntrHandler)
.\CortexM0p\ARM_GCC_541\Debug\Design01.a(COLD_K1.o)
                              .\CortexM0p\ARM_GCC_541\Debug\touchBtn_ADC.o (COLD_K1_Write)
.\CortexM0p\ARM_GCC_541\Debug\Design01.a(Buzzer.o)
                              .\CortexM0p\ARM_GCC_541\Debug\sys.o (Buzzer_Write)
.\CortexM0p\ARM_GCC_541\Debug\Design01.a(CapSense_ISR.o)
                              .\CortexM0p\ARM_GCC_541\Debug\Design01.a(CapSense_Sensing.o) (CapSense_ISR_StartEx)
.\CortexM0p\ARM_GCC_541\Debug\Design01.a(CyLib.o)
                              .\CortexM0p\ARM_GCC_541\Debug\Design01.a(CapSense_SensingCSD_LL.o) (CyIntEnable)
.\CortexM0p\ARM_GCC_541\Debug\Design01.a(CyLFClk.o)
                              .\CortexM0p\ARM_GCC_541\Debug\Design01.a(CyLib.o) (CySysClkWcoEnabled)
.\CortexM0p\ARM_GCC_541\Debug\Design01.a(SW_Tx_UART_AsmGnu.o)
                              .\CortexM0p\ARM_GCC_541\Debug\Design01.a(SW_Tx_UART.o) (SW_Tx_UART_PutChar)
.\CortexM0p\ARM_GCC_541\Debug\Design01.a(CyBootAsmGnu.o)
                              .\CortexM0p\ARM_GCC_541\Debug\Design01.a(CyLib.o) (CyDelayCycles)
.\CortexM0p\ARM_GCC_541\Debug\Design01.a(CapSense_INT.o)
                              .\CortexM0p\ARM_GCC_541\Debug\Design01.a(CapSense_SensingCSD_LL.o) (CapSense_CSDPostSingleScan)
.\CortexM0p\ARM_GCC_541\Debug\Design01.a(CyFlash.o)
                              .\CortexM0p\ARM_GCC_541\Debug\Design01.a(CyLib.o) (CySysFlashSetWaitCycles)
e:/psoc creator/4.3/psoc creator/import/gnu/arm/5.4.1/bin/../lib/gcc/arm-none-eabi/5.4.1/armv6-m\libgcc.a(_udivsi3.o)
                              .\CortexM0p\ARM_GCC_541\Debug\Design01.a(CapSense_Sensing.o) (__aeabi_uidiv)
e:/psoc creator/4.3/psoc creator/import/gnu/arm/5.4.1/bin/../lib/gcc/arm-none-eabi/5.4.1/armv6-m\libgcc.a(_divsi3.o)
                              .\CortexM0p\ARM_GCC_541\Debug\Design01.a(CapSense_Adc_INT.o) (__aeabi_idiv)
e:/psoc creator/4.3/psoc creator/import/gnu/arm/5.4.1/bin/../lib/gcc/arm-none-eabi/5.4.1/armv6-m\libgcc.a(_dvmd_tls.o)
                              e:/psoc creator/4.3/psoc creator/import/gnu/arm/5.4.1/bin/../lib/gcc/arm-none-eabi/5.4.1/armv6-m\libgcc.a(_udivsi3.o) (__aeabi_idiv0)
e:/psoc creator/4.3/psoc creator/import/gnu/arm/5.4.1/bin/../lib/gcc/arm-none-eabi/5.4.1/../../../../arm-none-eabi/lib/armv6-m\libg_nano.a(lib_a-errno.o)
[...]
Memory Configuration

Name             Origin             Length             Attributes
rom              0x00000000         0x00008000         xr
ram              0x20000000         0x00001000         xrw
*default*        0x00000000         0xffffffff

Linker script and memory map

LOAD e:/psoc creator/4.3/psoc creator/import/gnu/arm/5.4.1/bin/../lib/gcc/arm-none-eabi/5.4.1/armv6-m/crti.o
LOAD e:/psoc creator/4.3/psoc creator/import/gnu/arm/5.4.1/bin/../lib/gcc/arm-none-eabi/5.4.1/armv6-m/crtbegin.o
LOAD e:/psoc creator/4.3/psoc creator/import/gnu/arm/5.4.1/bin/../lib/gcc/arm-none-eabi/5.4.1/../../../../arm-none-eabi/lib/armv6-m/crt0.o
START GROUP
LOAD .\CortexM0p\ARM_GCC_541\Debug\softDebug.o
LOAD .\CortexM0p\ARM_GCC_541\Debug\sys.o
LOAD .\CortexM0p\ARM_GCC_541\Debug\sysTick.o
LOAD .\CortexM0p\ARM_GCC_541\Debug\touchBtn_ADC.o
LOAD .\CortexM0p\ARM_GCC_541\Debug\main.o
LOAD .\CortexM0p\ARM_GCC_541\Debug\cyfitter_cfg.o
LOAD .\CortexM0p\ARM_GCC_541\Debug\cymetadata.o
LOAD .\CortexM0p\ARM_GCC_541\Debug\Cm0plusStart.o
LOAD .\CortexM0p\ARM_GCC_541\Debug\Design01.a
LOAD E:\PSoC Creator\4.3\PSoC Creator\psoc\content\CyComponentLibrary\CyComponentLibrary.cylib\CapSense_P4_v5_0\PSoC4\Library\Capsense_P4Library_GCCp.a
END GROUP
START GROUP
LOAD e:/psoc creator/4.3/psoc creator/import/gnu/arm/5.4.1/bin/../lib/gcc/arm-none-eabi/5.4.1/armv6-m\libgcc.a
LOAD e:/psoc creator/4.3/psoc creator/import/gnu/arm/5.4.1/bin/../lib/gcc/arm-none-eabi/5.4.1/../../../../arm-none-eabi/lib/armv6-m\libg_nano.a
LOAD e:/psoc creator/4.3/psoc creator/import/gnu/arm/5.4.1/bin/../lib/gcc/arm-none-eabi/5.4.1/../../../../arm-none-eabi/lib/armv6-m\libc_nano.a
END GROUP
START GROUP
LOAD e:/psoc creator/4.3/psoc creator/import/gnu/arm/5.4.1/bin/../lib/gcc/arm-none-eabi/5.4.1/armv6-m\libgcc.a
LOAD e:/psoc creator/4.3/psoc creator/import/gnu/arm/5.4.1/bin/../lib/gcc/arm-none-eabi/5.4.1/../../../../arm-none-eabi/lib/armv6-m\libc_nano.a
END GROUP
LOAD e:/psoc creator/4.3/psoc creator/import/gnu/arm/5.4.1/bin/../lib/gcc/arm-none-eabi/5.4.1/armv6-m/crtend.o
LOAD e:/psoc creator/4.3/psoc creator/import/gnu/arm/5.4.1/bin/../lib/gcc/arm-none-eabi/5.4.1/armv6-m/crtn.o
START GROUP
LOAD e:/psoc creator/4.3/psoc creator/import/gnu/arm/5.4.1/bin/../lib/gcc/arm-none-eabi/5.4.1/armv6-m\libgcc.a
LOAD e:/psoc creator/4.3/psoc creator/import/gnu/arm/5.4.1/bin/../lib/gcc/arm-none-eabi/5.4.1/../../../../arm-none-eabi/lib/armv6-m\libc.a
LOAD e:/psoc creator/4.3/psoc creator/import/gnu/arm/5.4.1/bin/../lib/gcc/arm-none-eabi/5.4.1/../../../../arm-none-eabi/lib/armv6-m\libnosys.a
END GROUP
                0x00000000                CY_APPL_ORIGIN = 0x0
                0x00000080                CY_FLASH_ROW_SIZE = 0x80
                0x00000001                CY_APPL_NUM = 0x1
                0x00000001                CY_APPL_MAX = 0x1
                0x00000040                CY_METADATA_SIZE = 0x40
                0x00000000                CY_APPL_LOADABLE = 0x0
                0x00000000                CY_CHECKSUM_EXCLUDE_SIZE = ALIGN (0x0, CY_FLASH_ROW_SIZE)
                0x00000000                CY_APP_FOR_STACK_AND_COPIER = 0x0
                [!provide]                PROVIDE (__cy_heap_start, _end)
                0x00000001                PROVIDE (__cy_region_num, ((__cy_regions_end - __cy_regions) / 0x10))
                0x20001000                PROVIDE (__cy_stack, (ORIGIN (ram) + LENGTH (ram)))
                [!provide]                PROVIDE (__cy_heap_end, (__cy_stack - 0x400))

.cybootloader   0x00000000        0x0
 *(.cybootloader)
                0x00000000                appl1_start = CY_APPL_ORIGIN?CY_APPL_ORIGIN:ALIGN (CY_FLASH_ROW_SIZE)
                0x00003f80                appl2_start = (appl1_start + ALIGN ((((LENGTH (rom) - appl1_start) - (0x2 * CY_FLASH_ROW_SIZE)) / 0x2), CY_FLASH_ROW_SIZE))
                0x00000000                appl_start = (CY_APPL_NUM == 0x1)?appl1_start:appl2_start
                0x00000001                cy_project_type_bootloader = (appl_start == 0x0)?0x1:0x0
                0x00000000                cy_project_type_app_for_stack_and_copier = (CY_APP_FOR_STACK_AND_COPIER == 0x1)?0x1:0x0

.text           0x00000000     0x3806
 CREATE_OBJECT_SYMBOLS
                0x00000000                PROVIDE (__cy_interrupt_vector, RomVectors)
 *(.romvectors)
 .romvectors    0x00000000       0x10 .\CortexM0p\ARM_GCC_541\Debug\Cm0plusStart.o
                0x00000000                RomVectors
                0x00000001                ASSERT ((. != __cy_interrupt_vector), No interrupt vector)
                0x00000001                ASSERT (CY_APPL_ORIGIN?(SIZEOF (.cybootloader) <= CY_APPL_ORIGIN):0x1, Wrong image location)
                0x00000010                PROVIDE (__cy_reset, Reset)
 *(.text.Reset)
 .text.Reset    0x00000010        0xc .\CortexM0p\ARM_GCC_541\Debug\Cm0plusStart.o
                0x00000010                Reset
                0x00000001                ASSERT ((. != __cy_reset), No reset code)
 *(.psocinit)
 .psocinit      0x0000001c       0xbc .\CortexM0p\ARM_GCC_541\Debug\cyfitter_cfg.o
                0x00000064                cyfitter_cfg
                0x00000100                . = MAX (., 0x100)
 *fill*         0x000000d8       0x28 
 *(.text .text.* .gnu.linkonce.t.*)
 .text          0x00000100       0x60 e:/psoc creator/4.3/psoc creator/import/gnu/arm/5.4.1/bin/../lib/gcc/arm-none-eabi/5.4.1/armv6-m/crtbegin.o
 .text.DEBUG_SW_UART
                0x00000160       0x20 .\CortexM0p\ARM_GCC_541\Debug\softDebug.o
                0x00000160                DEBUG_SW_UART
 .text.enableTestInd
                0x00000180       0x18 .\CortexM0p\ARM_GCC_541\Debug\sys.o
 .text.SwitchState
                0x00000198       0x38 .\CortexM0p\ARM_GCC_541\Debug\sys.o
 .text.disableTestInd
                0x000001d0       0x14 .\CortexM0p\ARM_GCC_541\Debug\sys.o
 .text.Dung_lay_nuoc
                0x000001e4       0x60 .\CortexM0p\ARM_GCC_541\Debug\sys.o
 .text.Lay_nuoc_RO
                0x00000244       0x30 .\CortexM0p\ARM_GCC_541\Debug\sys.o
 .text.Lay_nuoc_COLD
                0x00000274       0x30 .\CortexM0p\ARM_GCC_541\Debug\sys.o
 .text.Lay_nuoc_HOT
                0x000002a4       0x34 .\CortexM0p\ARM_GCC_541\Debug\sys.o
 .text.Beep     0x000002d8       0x18 .\CortexM0p\ARM_GCC_541\Debug\sys.o
 .text.KiemTra_dungLayNuoc
                0x000002f0       0x30 .\CortexM0p\ARM_GCC_541\Debug\sys.o
 .text.KiemTra_tuKhoaPhim
                0x00000320       0x44 .\CortexM0p\ARM_GCC_541\Debug\sys.o
 .text.ledLOCKBlinkProcess
                0x00000364       0x58 .\CortexM0p\ARM_GCC_541\Debug\sys.o
 .text.ledHOTBlinkProcess
                0x000003bc       0x5c .\CortexM0p\ARM_GCC_541\Debug\sys.o
 .text.ledROBlinkProcess
                0x00000418       0x5c .\CortexM0p\ARM_GCC_541\Debug\sys.o
 .text.ledCOLDBlinkProcess
                0x00000474       0x5c .\CortexM0p\ARM_GCC_541\Debug\sys.o
 .text.ledBlinkProcess
                0x000004d0       0x14 .\CortexM0p\ARM_GCC_541\Debug\sys.o
 .text.Sys_init
                0x000004e4       0x3c .\CortexM0p\ARM_GCC_541\Debug\sys.o
                0x000004e4                Sys_init
 .text.Sys_touchPress
                0x00000520       0x4c .\CortexM0p\ARM_GCC_541\Debug\sys.o
                0x00000520                Sys_touchPress
 .text.Sys_touchShortPress
                0x0000056c       0x4c .\CortexM0p\ARM_GCC_541\Debug\sys.o
                0x0000056c                Sys_touchShortPress
 .text.Sys_touchHold
                0x000005b8       0x58 .\CortexM0p\ARM_GCC_541\Debug\sys.o
                0x000005b8                Sys_touchHold
 .text.Sys_RoColdHold
                0x00000610       0x3c .\CortexM0p\ARM_GCC_541\Debug\sys.o
                0x00000610                Sys_RoColdHold
 .text.Sys_process
                0x0000064c       0x20 .\CortexM0p\ARM_GCC_541\Debug\sys.o
                0x0000064c                Sys_process
 .text.SYSTICK_regSysTickISRCallback
                0x0000066c       0x2c .\CortexM0p\ARM_GCC_541\Debug\sysTick.o
                0x0000066c                SYSTICK_regSysTickISRCallback
 .text.elapstime
                0x00000698        0x4 .\CortexM0p\ARM_GCC_541\Debug\sysTick.o
                0x00000698                elapstime
 .text.getDataMode
                0x0000069c       0xac .\CortexM0p\ARM_GCC_541\Debug\touchBtn_ADC.o
 .text.Touch_init
                0x00000748       0x1c .\CortexM0p\ARM_GCC_541\Debug\touchBtn_ADC.o
                0x00000748                Touch_init
 .text.Touch_pressEvent
                0x00000764        0x8 .\CortexM0p\ARM_GCC_541\Debug\touchBtn_ADC.o
                0x00000764                Touch_pressEvent
 .text.Touch_holdEvent
                0x0000076c       0x20 .\CortexM0p\ARM_GCC_541\Debug\touchBtn_ADC.o
                0x0000076c                Touch_holdEvent
 .text.Touch_releaseEvent
                0x0000078c       0x20 .\CortexM0p\ARM_GCC_541\Debug\touchBtn_ADC.o
                0x0000078c                Touch_releaseEvent
 .text.Touch_process
                0x000007ac      0x230 .\CortexM0p\ARM_GCC_541\Debug\touchBtn_ADC.o
                0x000007ac                Touch_process
 .text.MF58_init
                0x000009dc       0x18 .\CortexM0p\ARM_GCC_541\Debug\touchBtn_ADC.o
                0x000009dc                MF58_init
 .text.MF58_control
                0x000009f4       0x5c .\CortexM0p\ARM_GCC_541\Debug\touchBtn_ADC.o
                0x000009f4                MF58_control
 .text.systickInt
                0x00000a50       0x18 .\CortexM0p\ARM_GCC_541\Debug\main.o
 .text.main     0x00000a68       0xa4 .\CortexM0p\ARM_GCC_541\Debug\main.o
                0x00000a68                main
 .text.SetAnalogRoutingPumps
                0x00000b0c       0x38 .\CortexM0p\ARM_GCC_541\Debug\cyfitter_cfg.o
                0x00000b0c                SetAnalogRoutingPumps
 .text.AnalogSetDefault
                0x00000b44       0x14 .\CortexM0p\ARM_GCC_541\Debug\cyfitter_cfg.o
 .text.IntDefaultHandler
                0x00000b58       0x10 .\CortexM0p\ARM_GCC_541\Debug\Cm0plusStart.o
                0x00000b58                IntDefaultHandler
 .text._sbrk    0x00000b68       0x30 .\CortexM0p\ARM_GCC_541\Debug\Cm0plusStart.o
                0x00000b68                _sbrk
 .text.Start_c  0x00000b98       0x48 .\CortexM0p\ARM_GCC_541\Debug\Cm0plusStart.o
                0x00000b98                Start_c
 .text.initialize_psoc
                0x00000be0       0x40 .\CortexM0p\ARM_GCC_541\Debug\Cm0plusStart.o
                0x00000be0                initialize_psoc
 .text.SW_Tx_UART_PutString
                0x00000c20       0x1c .\CortexM0p\ARM_GCC_541\Debug\Design01.a(SW_Tx_UART.o)
                0x00000c20                SW_Tx_UART_PutString
 .text.LED_RO_Write
                0x00000c3c       0x18 .\CortexM0p\ARM_GCC_541\Debug\Design01.a(LED_RO.o)
                0x00000c3c                LED_RO_Write
 .text.LED_COLD_Write
                0x00000c54       0x18 .\CortexM0p\ARM_GCC_541\Debug\Design01.a(LED_COLD.o)
                0x00000c54                LED_COLD_Write
 .text.LED_HOT_Write
                0x00000c6c       0x18 .\CortexM0p\ARM_GCC_541\Debug\Design01.a(LED_HOT.o)
                0x00000c6c                LED_HOT_Write
 .text.LED_LOCK_Write
                0x00000c84       0x18 .\CortexM0p\ARM_GCC_541\Debug\Design01.a(LED_LOCK.o)
                0x00000c84                LED_LOCK_Write
 .text.VL1_Write
                0x00000c9c       0x18 .\CortexM0p\ARM_GCC_541\Debug\Design01.a(VL1.o)
                0x00000c9c                VL1_Write
 .text.VL2_Write
                0x00000cb4       0x18 .\CortexM0p\ARM_GCC_541\Debug\Design01.a(VL2.o)
                0x00000cb4                VL2_Write
 .text.VL3_Write
                0x00000ccc       0x18 .\CortexM0p\ARM_GCC_541\Debug\Design01.a(VL3.o)
                0x00000ccc                VL3_Write
 .text.CapSense_Initialize
                0x00000ce4       0x28 .\CortexM0p\ARM_GCC_541\Debug\Design01.a(CapSense_Control.o)
                0x00000ce4                CapSense_Initialize
 .text.CapSense_Start
                0x00000d0c       0x38 .\CortexM0p\ARM_GCC_541\Debug\Design01.a(CapSense_Control.o)
                0x00000d0c                CapSense_Start
 .text.CapSense_ProcessAllWidgets
                0x00000d44       0x44 .\CortexM0p\ARM_GCC_541\Debug\Design01.a(CapSense_Control.o)
                0x00000d44                CapSense_ProcessAllWidgets
 .text.CapSense_DpInitialize
                0x00000d88       0x58 .\CortexM0p\ARM_GCC_541\Debug\Design01.a(CapSense_Processing.o)
                0x00000d88                CapSense_DpInitialize
 .text.CapSense_DpUpdateDifferences
                0x00000de0       0x18 .\CortexM0p\ARM_GCC_541\Debug\Design01.a(CapSense_Processing.o)
                0x00000de0                CapSense_DpUpdateDifferences
 .text.CapSense_DpProcessCsdWidgetRawCounts
                0x00000df8       0x3c .\CortexM0p\ARM_GCC_541\Debug\Design01.a(CapSense_Processing.o)
                0x00000df8                CapSense_DpProcessCsdWidgetRawCounts
 .text.CapSense_DpProcessButton
                0x00000e34       0x64 .\CortexM0p\ARM_GCC_541\Debug\Design01.a(CapSense_Processing.o)
                0x00000e34                CapSense_DpProcessButton
 .text.CapSense_DpProcessCsdWidgetStatus
                0x00000e98       0x58 .\CortexM0p\ARM_GCC_541\Debug\Design01.a(CapSense_Processing.o)
                0x00000e98                CapSense_DpProcessCsdWidgetStatus
 .text.CapSense_AdcDsInitialize
                0x00000ef0       0x1c .\CortexM0p\ARM_GCC_541\Debug\Design01.a(CapSense_Structure.o)
                0x00000ef0                CapSense_AdcDsInitialize
 .text.CapSense_DsInitialize
                0x00000f0c       0x74 .\CortexM0p\ARM_GCC_541\Debug\Design01.a(CapSense_Structure.o)
                0x00000f0c                CapSense_DsInitialize
 .text.CapSense_IsWidgetActive
                0x00000f80       0x24 .\CortexM0p\ARM_GCC_541\Debug\Design01.a(CapSense_Structure.o)
                0x00000f80                CapSense_IsWidgetActive
 .text.CapSense_TuInitialize
                0x00000fa4       0x14 .\CortexM0p\ARM_GCC_541\Debug\Design01.a(CapSense_Tuner.o)
                0x00000fa4                CapSense_TuInitialize
 .text.CapSense_FtInitialize
                0x00000fb8        0x4 .\CortexM0p\ARM_GCC_541\Debug\Design01.a(CapSense_Filter.o)
                0x00000fb8                CapSense_FtInitialize
 .text.CapSense_FtInitializeBaselineChannel
                0x00000fbc       0x20 .\CortexM0p\ARM_GCC_541\Debug\Design01.a(CapSense_Filter.o)
                0x00000fbc                CapSense_FtInitializeBaselineChannel
 .text.CapSense_FtInitializeBaseline
                0x00000fdc       0x20 .\CortexM0p\ARM_GCC_541\Debug\Design01.a(CapSense_Filter.o)
                0x00000fdc                CapSense_FtInitializeBaseline
 .text.CapSense_InitializeSensorBaseline
                0x00000ffc       0x2c .\CortexM0p\ARM_GCC_541\Debug\Design01.a(CapSense_Filter.o)
                0x00000ffc                CapSense_InitializeSensorBaseline
 .text.CapSense_InitializeWidgetBaseline
                0x00001028       0x28 .\CortexM0p\ARM_GCC_541\Debug\Design01.a(CapSense_Filter.o)
                0x00001028                CapSense_InitializeWidgetBaseline
 .text.CapSense_InitializeAllBaselines
                0x00001050       0x18 .\CortexM0p\ARM_GCC_541\Debug\Design01.a(CapSense_Filter.o)
                0x00001050                CapSense_InitializeAllBaselines
 .text.CapSense_FtIIR1stOrder
                0x00001068       0x14 .\CortexM0p\ARM_GCC_541\Debug\Design01.a(CapSense_Filter.o)
                0x00001068                CapSense_FtIIR1stOrder
 .text.CapSense_FtUpdateBaseline
                0x0000107c       0xa0 .\CortexM0p\ARM_GCC_541\Debug\Design01.a(CapSense_Filter.o)
                0x0000107c                CapSense_FtUpdateBaseline
 .text.CapSense_UpdateSensorBaseline
                0x0000111c       0x2c .\CortexM0p\ARM_GCC_541\Debug\Design01.a(CapSense_Filter.o)
                0x0000111c                CapSense_UpdateSensorBaseline
 .text.CapSense_UpdateWidgetBaseline
                0x00001148       0x30 .\CortexM0p\ARM_GCC_541\Debug\Design01.a(CapSense_Filter.o)
                0x00001148                CapSense_UpdateWidgetBaseline
 .text.CapSense_UpdateAllBaselines
                0x00001178       0x1c .\CortexM0p\ARM_GCC_541\Debug\Design01.a(CapSense_Filter.o)
                0x00001178                CapSense_UpdateAllBaselines
 .text.CapSense_SsCalcLfsrSize
                0x00001194       0x84 .\CortexM0p\ARM_GCC_541\Debug\Design01.a(CapSense_Sensing.o)
 .text.CapSense_SsCalcLfsrScale
                0x00001218       0x44 .\CortexM0p\ARM_GCC_541\Debug\Design01.a(CapSense_Sensing.o)
 .text.CapSense_SsCSDDisableMode
                0x0000125c       0x28 .\CortexM0p\ARM_GCC_541\Debug\Design01.a(CapSense_Sensing.o)
 .text.CapSense_IsBusy
                0x00001284       0x10 .\CortexM0p\ARM_GCC_541\Debug\Design01.a(CapSense_Sensing.o)
                0x00001284                CapSense_IsBusy
 .text.CapSense_SetupWidget
                0x00001294       0x40 .\CortexM0p\ARM_GCC_541\Debug\Design01.a(CapSense_Sensing.o)
                0x00001294                CapSense_SetupWidget
 .text.CapSense_Scan
                0x000012d4       0x2c .\CortexM0p\ARM_GCC_541\Debug\Design01.a(CapSense_Sensing.o)
                0x000012d4                CapSense_Scan
 .text.CapSense_ScanAllWidgets
                0x00001300       0x48 .\CortexM0p\ARM_GCC_541\Debug\Design01.a(CapSense_Sensing.o)
                0x00001300                CapSense_ScanAllWidgets
 .text.CapSense_SsSwitchSensingMode
                0x00001348       0x50 .\CortexM0p\ARM_GCC_541\Debug\Design01.a(CapSense_Sensing.o)
                0x00001348                CapSense_SsSwitchSensingMode
 .text.CapSense_SsSetIOsInDefaultState
                0x00001398       0x44 .\CortexM0p\ARM_GCC_541\Debug\Design01.a(CapSense_Sensing.o)
                0x00001398                CapSense_SsSetIOsInDefaultState
 .text.CapSense_SsReleaseResources
                0x000013dc       0x24 .\CortexM0p\ARM_GCC_541\Debug\Design01.a(CapSense_Sensing.o)
                0x000013dc                CapSense_SsReleaseResources
 .text.CapSense_SsPostAllWidgetsScan
                0x00001400       0x78 .\CortexM0p\ARM_GCC_541\Debug\Design01.a(CapSense_Sensing.o)
                0x00001400                CapSense_SsPostAllWidgetsScan
 .text.CapSense_SsSetModClkClockDivider
                0x00001478       0x30 .\CortexM0p\ARM_GCC_541\Debug\Design01.a(CapSense_Sensing.o)
                0x00001478                CapSense_SsSetModClkClockDivider
 .text.CapSense_CalibrateWidget
                0x000014a8       0x1c .\CortexM0p\ARM_GCC_541\Debug\Design01.a(CapSense_Sensing.o)
                0x000014a8                CapSense_CalibrateWidget
 .text.CapSense_CalibrateAllWidgets
                0x000014c4       0x1c .\CortexM0p\ARM_GCC_541\Debug\Design01.a(CapSense_Sensing.o)
                0x000014c4                CapSense_CalibrateAllWidgets
 .text.CapSense_SsClearCSDSensors
                0x000014e0       0x40 .\CortexM0p\ARM_GCC_541\Debug\Design01.a(CapSense_Sensing.o)
                0x000014e0                CapSense_SsClearCSDSensors
 .text.CapSense_SsCSDGetColSnsClkDivider
                0x00001520       0x14 .\CortexM0p\ARM_GCC_541\Debug\Design01.a(CapSense_Sensing.o)
                0x00001520                CapSense_SsCSDGetColSnsClkDivider
 .text.CapSense_SsCSDCalcPrsSize
                0x00001534       0x24 .\CortexM0p\ARM_GCC_541\Debug\Design01.a(CapSense_Sensing.o)
                0x00001534                CapSense_SsCSDCalcPrsSize
 .text.CapSense_SsSetWidgetSenseClkSrc
                0x00001558       0x3c .\CortexM0p\ARM_GCC_541\Debug\Design01.a(CapSense_Sensing.o)
 .text.CapSense_SsInitializeSourceSenseClk
                0x00001594       0x24 .\CortexM0p\ARM_GCC_541\Debug\Design01.a(CapSense_Sensing.o)
                0x00001594                CapSense_SsInitializeSourceSenseClk
 .text.CapSense_SsInitialize
                0x000015b8       0x18 .\CortexM0p\ARM_GCC_541\Debug\Design01.a(CapSense_Sensing.o)
                0x000015b8                CapSense_SsInitialize
 .text.CapSense_BistDischargeExtCapacitors
                0x000015d0       0x68 .\CortexM0p\ARM_GCC_541\Debug\Design01.a(CapSense_Sensing.o)
                0x000015d0                CapSense_BistDischargeExtCapacitors
 .text.CapSense_SsCSDSetModeSnsClockDivider
                0x00001638       0x10 .\CortexM0p\ARM_GCC_541\Debug\Design01.a(CapSense_SensingCSD_LL.o)
 .text.CapSense_SsCSDSetFilterDelay
                0x00001648       0x54 .\CortexM0p\ARM_GCC_541\Debug\Design01.a(CapSense_SensingCSD_LL.o)
 .text.CapSense_SsCSDConfigIDACs
                0x0000169c       0x1c .\CortexM0p\ARM_GCC_541\Debug\Design01.a(CapSense_SensingCSD_LL.o)
 .text.CapSense_SsCSDSetSingleIdacMode
                0x000016b8       0x2c .\CortexM0p\ARM_GCC_541\Debug\Design01.a(CapSense_SensingCSD_LL.o)
 .text.CapSense_SsCSDRestoreIdacMode
                0x000016e4       0x30 .\CortexM0p\ARM_GCC_541\Debug\Design01.a(CapSense_SensingCSD_LL.o)
 .text.CapSense_SsCSDCalibrateCheck
                0x00001714       0x44 .\CortexM0p\ARM_GCC_541\Debug\Design01.a(CapSense_SensingCSD_LL.o)
 .text.CapSense_SsCSDInitialize
                0x00001758      0x11c .\CortexM0p\ARM_GCC_541\Debug\Design01.a(CapSense_SensingCSD_LL.o)
                0x00001758                CapSense_SsCSDInitialize
 .text.CapSense_SsCSDSetUpIdacs
                0x00001874       0x4c .\CortexM0p\ARM_GCC_541\Debug\Design01.a(CapSense_SensingCSD_LL.o)
                0x00001874                CapSense_SsCSDSetUpIdacs
 .text.CapSense_SsCSDGetNumberOfConversions
                0x000018c0       0x28 .\CortexM0p\ARM_GCC_541\Debug\Design01.a(CapSense_SensingCSD_LL.o)
                0x000018c0                CapSense_SsCSDGetNumberOfConversions
 .text.CapSense_SsCSDConfigClock
                0x000018e8       0x44 .\CortexM0p\ARM_GCC_541\Debug\Design01.a(CapSense_SensingCSD_LL.o)
                0x000018e8                CapSense_SsCSDConfigClock
 .text.CapSense_SsCSDCalculateScanDuration
                0x0000192c       0x1c .\CortexM0p\ARM_GCC_541\Debug\Design01.a(CapSense_SensingCSD_LL.o)
                0x0000192c                CapSense_SsCSDCalculateScanDuration
 .text.CapSense_SsCSDStartSample
                0x00001948       0xf8 .\CortexM0p\ARM_GCC_541\Debug\Design01.a(CapSense_SensingCSD_LL.o)
                0x00001948                CapSense_SsCSDStartSample
 .text.CapSense_CSDScanExt
                0x00001a40       0x20 .\CortexM0p\ARM_GCC_541\Debug\Design01.a(CapSense_SensingCSD_LL.o)
                0x00001a40                CapSense_CSDScanExt
 .text.CapSense_CSDConnectSns
                0x00001a60       0x34 .\CortexM0p\ARM_GCC_541\Debug\Design01.a(CapSense_SensingCSD_LL.o)
                0x00001a60                CapSense_CSDConnectSns
 .text.CapSense_CSDScan
                0x00001a94       0x80 .\CortexM0p\ARM_GCC_541\Debug\Design01.a(CapSense_SensingCSD_LL.o)
                0x00001a94                CapSense_CSDScan
 .text.CapSense_SsCSDConnectSensorExt
                0x00001b14       0x28 .\CortexM0p\ARM_GCC_541\Debug\Design01.a(CapSense_SensingCSD_LL.o)
                0x00001b14                CapSense_SsCSDConnectSensorExt
 .text.CapSense_CSDDisconnectSns
                0x00001b3c       0x40 .\CortexM0p\ARM_GCC_541\Debug\Design01.a(CapSense_SensingCSD_LL.o)
                0x00001b3c                CapSense_CSDDisconnectSns
 .text.CapSense_SsCSDElectrodeCheck
                0x00001b7c       0x24 .\CortexM0p\ARM_GCC_541\Debug\Design01.a(CapSense_SensingCSD_LL.o)
                0x00001b7c                CapSense_SsCSDElectrodeCheck
 .text.CapSense_CSDSetupWidget
                0x00001ba0       0x5c .\CortexM0p\ARM_GCC_541\Debug\Design01.a(CapSense_SensingCSD_LL.o)
                0x00001ba0                CapSense_CSDSetupWidget
 .text.CapSense_CSDSetupWidgetExt
                0x00001bfc       0x70 .\CortexM0p\ARM_GCC_541\Debug\Design01.a(CapSense_SensingCSD_LL.o)
                0x00001bfc                CapSense_CSDSetupWidgetExt
 .text.CapSense_SsCSDCalibrateOneSensor
                0x00001c6c       0xec .\CortexM0p\ARM_GCC_541\Debug\Design01.a(CapSense_SensingCSD_LL.o)
 .text.CapSense_CSDCalibrateWidget
                0x00001d58      0x10c .\CortexM0p\ARM_GCC_541\Debug\Design01.a(CapSense_SensingCSD_LL.o)
                0x00001d58                CapSense_CSDCalibrateWidget
 .text.CapSense_SetNonDedicatedAdcChannel
                0x00001e64       0xd4 .\CortexM0p\ARM_GCC_541\Debug\Design01.a(CapSense_Adc.o)
                0x00001e64                CapSense_SetNonDedicatedAdcChannel
 .text.CapSense_SetAdcChannel
                0x00001f38        0x8 .\CortexM0p\ARM_GCC_541\Debug\Design01.a(CapSense_Adc.o)
                0x00001f38                CapSense_SetAdcChannel
 .text.CapSense_StartAdcFSM
                0x00001f40       0x30 .\CortexM0p\ARM_GCC_541\Debug\Design01.a(CapSense_Adc.o)
                0x00001f40                CapSense_StartAdcFSM
 .text.CapSense_AdcIsBusy
                0x00001f70       0x20 .\CortexM0p\ARM_GCC_541\Debug\Design01.a(CapSense_Adc.o)
                0x00001f70                CapSense_AdcIsBusy
 .text.CapSense_AdcGetResult_mVolts
                0x00001f90       0x20 .\CortexM0p\ARM_GCC_541\Debug\Design01.a(CapSense_Adc.o)
                0x00001f90                CapSense_AdcGetResult_mVolts
 .text.CapSense_ClearAdcChannels
                0x00001fb0       0x24 .\CortexM0p\ARM_GCC_541\Debug\Design01.a(CapSense_Adc.o)
                0x00001fb0                CapSense_ClearAdcChannels
 .text.CapSense_AdcReleaseResources
                0x00001fd4       0xb8 .\CortexM0p\ARM_GCC_541\Debug\Design01.a(CapSense_Adc.o)
                0x00001fd4                CapSense_AdcReleaseResources
 .text.CapSense_AdcSetModClkClockDivider
                0x0000208c       0x30 .\CortexM0p\ARM_GCC_541\Debug\Design01.a(CapSense_Adc.o)
                0x0000208c                CapSense_AdcSetModClkClockDivider
 .text.CapSense_ConfigAdcResources
                0x000020bc      0x124 .\CortexM0p\ARM_GCC_541\Debug\Design01.a(CapSense_Adc.o)
                0x000020bc                CapSense_ConfigAdcResources
 .text.CapSense_AdcCaptureResources
                0x000021e0       0x24 .\CortexM0p\ARM_GCC_541\Debug\Design01.a(CapSense_Adc.o)
                0x000021e0                CapSense_AdcCaptureResources
 .text.CapSense_AdcStartConvert
                0x00002204       0x78 .\CortexM0p\ARM_GCC_541\Debug\Design01.a(CapSense_Adc.o)
                0x00002204                CapSense_AdcStartConvert
 .text.CapSense_AdcCalibrate
                0x0000227c       0xb4 .\CortexM0p\ARM_GCC_541\Debug\Design01.a(CapSense_Adc.o)
                0x0000227c                CapSense_AdcCalibrate
 .text.CapSense_AdcInitialize
                0x00002330        0xc .\CortexM0p\ARM_GCC_541\Debug\Design01.a(CapSense_Adc.o)
                0x00002330                CapSense_AdcInitialize
 .text.CapSense_AdcIntrHandler
                0x0000233c      0x1ac .\CortexM0p\ARM_GCC_541\Debug\Design01.a(CapSense_Adc_INT.o)
                0x0000233c                CapSense_AdcIntrHandler
 .text.COLD_K1_Write
                0x000024e8       0x18 .\CortexM0p\ARM_GCC_541\Debug\Design01.a(COLD_K1.o)
                0x000024e8                COLD_K1_Write
 .text.Buzzer_Write
                0x00002500       0x18 .\CortexM0p\ARM_GCC_541\Debug\Design01.a(Buzzer.o)
                0x00002500                Buzzer_Write
 .text.CapSense_ISR_SetVector
                0x00002518        0xc .\CortexM0p\ARM_GCC_541\Debug\Design01.a(CapSense_ISR.o)
                0x00002518                CapSense_ISR_SetVector
 .text.CapSense_ISR_SetPriority
                0x00002524       0x24 .\CortexM0p\ARM_GCC_541\Debug\Design01.a(CapSense_ISR.o)
                0x00002524                CapSense_ISR_SetPriority
 .text.CapSense_ISR_Enable
                0x00002548       0x10 .\CortexM0p\ARM_GCC_541\Debug\Design01.a(CapSense_ISR.o)
                0x00002548                CapSense_ISR_Enable
 .text.CapSense_ISR_Disable
                0x00002558       0x10 .\CortexM0p\ARM_GCC_541\Debug\Design01.a(CapSense_ISR.o)
                0x00002558                CapSense_ISR_Disable
 .text.CapSense_ISR_StartEx
                0x00002568       0x1c .\CortexM0p\ARM_GCC_541\Debug\Design01.a(CapSense_ISR.o)
                0x00002568                CapSense_ISR_StartEx
 .text.CySysClkImoDisableWcoLock
                0x00002584       0x4c .\CortexM0p\ARM_GCC_541\Debug\Design01.a(CyLib.o)
                0x00002584                CySysClkImoDisableWcoLock
 .text.CySysClkImoGetWcoLock
                0x000025d0       0x14 .\CortexM0p\ARM_GCC_541\Debug\Design01.a(CyLib.o)
                0x000025d0                CySysClkImoGetWcoLock
 .text.CyIntEnable
                0x000025e4       0x14 .\CortexM0p\ARM_GCC_541\Debug\Design01.a(CyLib.o)
                0x000025e4                CyIntEnable
 .text.CyIntDisable
                0x000025f8       0x14 .\CortexM0p\ARM_GCC_541\Debug\Design01.a(CyLib.o)
                0x000025f8                CyIntDisable
 .text.CyIntClearPending
                0x0000260c       0x14 .\CortexM0p\ARM_GCC_541\Debug\Design01.a(CyLib.o)
                0x0000260c                CyIntClearPending
 .text.CyHalt   0x00002620        0x4 .\CortexM0p\ARM_GCC_541\Debug\Design01.a(CyLib.o)
                0x00002620                CyHalt
 .text.CyIntSetSysVector
                0x00002624       0x20 .\CortexM0p\ARM_GCC_541\Debug\Design01.a(CyLib.o)
                0x00002624                CyIntSetSysVector
 .text.CyDelay  0x00002644       0x30 .\CortexM0p\ARM_GCC_541\Debug\Design01.a(CyLib.o)
                0x00002644                CyDelay
 .text.CySysClkImoEnableWcoLock
                0x00002674       0xd0 .\CortexM0p\ARM_GCC_541\Debug\Design01.a(CyLib.o)
                0x00002674                CySysClkImoEnableWcoLock
 .text.CySysClkWriteImoFreq
                0x00002744       0xd8 .\CortexM0p\ARM_GCC_541\Debug\Design01.a(CyLib.o)
                0x00002744                CySysClkWriteImoFreq
 .text.CyDelayUs
                0x0000281c       0x14 .\CortexM0p\ARM_GCC_541\Debug\Design01.a(CyLib.o)
                0x0000281c                CyDelayUs
 .text.CySysTickEnableInterrupt
                0x00002830       0x10 .\CortexM0p\ARM_GCC_541\Debug\Design01.a(CyLib.o)
                0x00002830                CySysTickEnableInterrupt
 .text.CySysTickEnable
                0x00002840       0x18 .\CortexM0p\ARM_GCC_541\Debug\Design01.a(CyLib.o)
                0x00002840                CySysTickEnable
 .text.CySysTickSetReload
                0x00002858       0x10 .\CortexM0p\ARM_GCC_541\Debug\Design01.a(CyLib.o)
                0x00002858                CySysTickSetReload
 .text.CySysTickSetClockSource
                0x00002868       0x20 .\CortexM0p\ARM_GCC_541\Debug\Design01.a(CyLib.o)
                0x00002868                CySysTickSetClockSource
 .text.CySysTickGetCountFlag
                0x00002888       0x10 .\CortexM0p\ARM_GCC_541\Debug\Design01.a(CyLib.o)
                0x00002888                CySysTickGetCountFlag
 .text.CySysTickServiceCallbacks
                0x00002898       0x28 .\CortexM0p\ARM_GCC_541\Debug\Design01.a(CyLib.o)
 .text.CySysTickClear
                0x000028c0        0xc .\CortexM0p\ARM_GCC_541\Debug\Design01.a(CyLib.o)
                0x000028c0                CySysTickClear
 .text.CySysTickInit
                0x000028cc       0x44 .\CortexM0p\ARM_GCC_541\Debug\Design01.a(CyLib.o)
                0x000028cc                CySysTickInit
 .text.CySysTickStart
                0x00002910       0x20 .\CortexM0p\ARM_GCC_541\Debug\Design01.a(CyLib.o)
                0x00002910                CySysTickStart
 .text.CySysTickSetCallback
                0x00002930       0x10 .\CortexM0p\ARM_GCC_541\Debug\Design01.a(CyLib.o)
                0x00002930                CySysTickSetCallback
 .text.CySysTickGetCallback
                0x00002940        0xc .\CortexM0p\ARM_GCC_541\Debug\Design01.a(CyLib.o)
                0x00002940                CySysTickGetCallback
 .text.CySysClkWcoEnabled
                0x0000294c       0x14 .\CortexM0p\ARM_GCC_541\Debug\Design01.a(CyLFClk.o)
                0x0000294c                CySysClkWcoEnabled
 .text.CySysWdtDisable
                0x00002960       0x10 .\CortexM0p\ARM_GCC_541\Debug\Design01.a(CyLFClk.o)
                0x00002960                CySysWdtDisable
 *fill*         0x00002970       0x10 
 .text          0x00002980       0xd4 .\CortexM0p\ARM_GCC_541\Debug\Design01.a(SW_Tx_UART_AsmGnu.o)
                0x00002980                SW_Tx_UART_PutChar
 *fill*         0x00002a54        0x4 
 .text          0x00002a58       0x20 .\CortexM0p\ARM_GCC_541\Debug\Design01.a(CyBootAsmGnu.o)
                0x00002a58                CyDelayCycles
                0x00002a6a                CyEnterCriticalSection
                0x00002a72                CyExitCriticalSection
 .text.CapSense_SsCSDPostScan
                0x00002a78       0x58 .\CortexM0p\ARM_GCC_541\Debug\Design01.a(CapSense_INT.o)
 .text.CapSense_SsCSDInitNextScan
                0x00002ad0       0xbc .\CortexM0p\ARM_GCC_541\Debug\Design01.a(CapSense_INT.o)
 .text.CapSense_CSDPostSingleScan
                0x00002b8c       0x2c .\CortexM0p\ARM_GCC_541\Debug\Design01.a(CapSense_INT.o)
                0x00002b8c                CapSense_CSDPostSingleScan
 .text.CapSense_CSDPostMultiScan
                0x00002bb8       0x48 .\CortexM0p\ARM_GCC_541\Debug\Design01.a(CapSense_INT.o)
                0x00002bb8                CapSense_CSDPostMultiScan
 .text.CySysFlashSetWaitCycles
                0x00002c00       0x54 .\CortexM0p\ARM_GCC_541\Debug\Design01.a(CyFlash.o)
                0x00002c00                CySysFlashSetWaitCycles
 .text          0x00002c54      0x114 e:/psoc creator/4.3/psoc creator/import/gnu/arm/5.4.1/bin/../lib/gcc/arm-none-eabi/5.4.1/armv6-m\libgcc.a(_udivsi3.o)
                0x00002c54                __aeabi_uidiv
                0x00002c54                __udivsi3
                0x00002d60                __aeabi_uidivmod
 .text          0x00002d68      0x1d4 e:/psoc creator/4.3/psoc creator/import/gnu/arm/5.4.1/bin/../lib/gcc/arm-none-eabi/5.4.1/armv6-m\libgcc.a(_divsi3.o)
                0x00002d68                __divsi3
                0x00002d68                __aeabi_idiv
                0x00002f34                __aeabi_idivmod
 .text          0x00002f3c        0x4 e:/psoc creator/4.3/psoc creator/import/gnu/arm/5.4.1/bin/../lib/gcc/arm-none-eabi/5.4.1/armv6-m\libgcc.a(_dvmd_tls.o)
                0x00002f3c                __aeabi_idiv0
                0x00002f3c                __aeabi_ldiv0
 .text.__errno  0x00002f40        0xc e:/psoc creator/4.3/psoc creator/import/gnu/arm/5.4.1/bin/../lib/gcc/arm-none-eabi/5.4.1/../../../../arm-none-eabi/lib/armv6-m\libg_nano.a(lib_a-errno.o)
                0x00002f40                __errno
 .text.__libc_init_array
                0x00002f4c       0x4c e:/psoc creator/4.3/psoc creator/import/gnu/arm/5.4.1/bin/../lib/gcc/arm-none-eabi/5.4.1/../../../../arm-none-eabi/lib/armv6-m\libg_nano.a(lib_a-init.o)
                0x00002f4c                __libc_init_array
 .text.memcpy   0x00002f98       0x12 e:/psoc creator/4.3/psoc creator/import/gnu/arm/5.4.1/bin/../lib/gcc/arm-none-eabi/5.4.1/../../../../arm-none-eabi/lib/armv6-m\libg_nano.a(lib_a-memcpy-stub.o)
                0x00002f98                memcpy
 .text.memset   0x00002faa       0x10 e:/psoc creator/4.3/psoc creator/import/gnu/arm/5.4.1/bin/../lib/gcc/arm-none-eabi/5.4.1/../../../../arm-none-eabi/lib/armv6-m\libg_nano.a(lib_a-memset.o)
                0x00002faa                memset
 *fill*         0x00002fba        0x2 
 .text._vsprintf_r
                0x00002fbc       0x30 e:/psoc creator/4.3/psoc creator/import/gnu/arm/5.4.1/bin/../lib/gcc/arm-none-eabi/5.4.1/../../../../arm-none-eabi/lib/armv6-m\libg_nano.a(lib_a-vsprintf.o)
                0x00002fbc                _vsprintf_r
                0x00002fbc                _vsiprintf_r
 .text.vsprintf
                0x00002fec       0x18 e:/psoc creator/4.3/psoc creator/import/gnu/arm/5.4.1/bin/../lib/gcc/arm-none-eabi/5.4.1/../../../../arm-none-eabi/lib/armv6-m\libg_nano.a(lib_a-vsprintf.o)
                0x00002fec                vsiprintf
                0x00002fec                vsprintf
 .text.__ssputs_r
                0x00003004       0xc4 e:/psoc creator/4.3/psoc creator/import/gnu/arm/5.4.1/bin/../lib/gcc/arm-none-eabi/5.4.1/../../../../arm-none-eabi/lib/armv6-m\libg_nano.a(lib_a-nano-svfprintf.o)
                0x00003004                __ssputs_r
 .text._svfprintf_r
                0x000030c8      0x1fc e:/psoc creator/4.3/psoc creator/import/gnu/arm/5.4.1/bin/../lib/gcc/arm-none-eabi/5.4.1/../../../../arm-none-eabi/lib/armv6-m\libg_nano.a(lib_a-nano-svfprintf.o)
                0x000030c8                _svfiprintf_r
                0x000030c8                _svfprintf_r
 .text._printf_common
                0x000032c4       0xdc e:/psoc creator/4.3/psoc creator/import/gnu/arm/5.4.1/bin/../lib/gcc/arm-none-eabi/5.4.1/../../../../arm-none-eabi/lib/armv6-m\libg_nano.a(lib_a-nano-vfprintf_i.o)
                0x000032c4                _printf_common
 .text._printf_i
                0x000033a0      0x244 e:/psoc creator/4.3/psoc creator/import/gnu/arm/5.4.1/bin/../lib/gcc/arm-none-eabi/5.4.1/../../../../arm-none-eabi/lib/armv6-m\libg_nano.a(lib_a-nano-vfprintf_i.o)
                0x000033a0                _printf_i
 .text.memchr   0x000035e4       0x16 e:/psoc creator/4.3/psoc creator/import/gnu/arm/5.4.1/bin/../lib/gcc/arm-none-eabi/5.4.1/../../../../arm-none-eabi/lib/armv6-m\libg_nano.a(lib_a-memchr-stub.o)
                0x000035e4                memchr
 .text.memmove  0x000035fa       0x2a e:/psoc creator/4.3/psoc creator/import/gnu/arm/5.4.1/bin/../lib/gcc/arm-none-eabi/5.4.1/../../../../arm-none-eabi/lib/armv6-m\libg_nano.a(lib_a-memmove.o)
                0x000035fa                memmove
 .text._free_r  0x00003624       0x98 e:/psoc creator/4.3/psoc creator/import/gnu/arm/5.4.1/bin/../lib/gcc/arm-none-eabi/5.4.1/../../../../arm-none-eabi/lib/armv6-m\libg_nano.a(lib_a-nano-freer.o)
                0x00003624                _free_r
 .text._malloc_r
                0x000036bc       0xc0 e:/psoc creator/4.3/psoc creator/import/gnu/arm/5.4.1/bin/../lib/gcc/arm-none-eabi/5.4.1/../../../../arm-none-eabi/lib/armv6-m\libg_nano.a(lib_a-nano-mallocr.o)
                0x000036bc                _malloc_r
 .text._realloc_r
                0x0000377c       0x4c e:/psoc creator/4.3/psoc creator/import/gnu/arm/5.4.1/bin/../lib/gcc/arm-none-eabi/5.4.1/../../../../arm-none-eabi/lib/armv6-m\libg_nano.a(lib_a-nano-reallocr.o)
                0x0000377c                _realloc_r
 .text._sbrk_r  0x000037c8       0x24 e:/psoc creator/4.3/psoc creator/import/gnu/arm/5.4.1/bin/../lib/gcc/arm-none-eabi/5.4.1/../../../../arm-none-eabi/lib/armv6-m\libg_nano.a(lib_a-sbrkr.o)
                0x000037c8                _sbrk_r
 .text.__malloc_lock
                0x000037ec        0x2 e:/psoc creator/4.3/psoc creator/import/gnu/arm/5.4.1/bin/../lib/gcc/arm-none-eabi/5.4.1/../../../../arm-none-eabi/lib/armv6-m\libg_nano.a(lib_a-mlock.o)
                0x000037ec                __malloc_lock
 .text.__malloc_unlock
                0x000037ee        0x2 e:/psoc creator/4.3/psoc creator/import/gnu/arm/5.4.1/bin/../lib/gcc/arm-none-eabi/5.4.1/../../../../arm-none-eabi/lib/armv6-m\libg_nano.a(lib_a-mlock.o)
                0x000037ee                __malloc_unlock
 .text._malloc_usable_size_r
                0x000037f0       0x16 e:/psoc creator/4.3/psoc creator/import/gnu/arm/5.4.1/bin/../lib/gcc/arm-none-eabi/5.4.1/../../../../arm-none-eabi/lib/armv6-m\libg_nano.a(lib_a-nano-msizer.o)
                0x000037f0                _malloc_usable_size_r
 *(.plt)
 *(.gnu.warning)
 *(.glue_7t)
 .glue_7t       0x00003806        0x0 linker stubs
 *(.glue_7)
 .glue_7        0x00003806        0x0 linker stubs
 *(.vfp11_veneer)
 .vfp11_veneer  0x00003806        0x0 linker stubs
 *(.bootloader)
 *(.ARM.extab* .gnu.linkonce.armextab.*)
 *(.gcc_except_table)

.v4_bx          0x00003808        0x0
 .v4_bx         0x00003808        0x0 linker stubs

.iplt           0x00003808        0x0
 .iplt          0x00003808        0x0 e:/psoc creator/4.3/psoc creator/import/gnu/arm/5.4.1/bin/../lib/gcc/arm-none-eabi/5.4.1/armv6-m/crtbegin.o

.eh_frame_hdr
 *(.eh_frame_hdr)

.eh_frame       0x00003808        0x4
 *(.eh_frame)
 .eh_frame      0x00003808        0x0 e:/psoc creator/4.3/psoc creator/import/gnu/arm/5.4.1/bin/../lib/gcc/arm-none-eabi/5.4.1/armv6-m/crtbegin.o
 .eh_frame      0x00003808        0x4 e:/psoc creator/4.3/psoc creator/import/gnu/arm/5.4.1/bin/../lib/gcc/arm-none-eabi/5.4.1/armv6-m/crtend.o
                [!provide]                PROVIDE (__exidx_start, .)

.ARM.exidx
 *(.ARM.exidx* .gnu.linkonce.armexidx.*)
                0x0000380c                __exidx_end = .

.rodata         0x0000380c      0x1d4
 *(.rodata .rodata.* .gnu.linkonce.r.*)
 .rodata.str1.4
                0x0000380c       0x2c .\CortexM0p\ARM_GCC_541\Debug\touchBtn_ADC.o
                                 0x29 (size before relaxing)
 .rodata        0x00003838      0x138 .\CortexM0p\ARM_GCC_541\Debug\Design01.a(CapSense_Structure.o)
                0x00003838                CapSense_ramIdacInit
                0x0000383c                CapSense_dsFlash
                0x000038ac                CapSense_ramWidgetInit
                0x000038e4                CapSense_adcIoList
                0x00003900                CapSense_ioList
 .rodata        0x00003970        0x1 .\CortexM0p\ARM_GCC_541\Debug\Design01.a(CapSense_Sensing.o)
                0x00003970                CapSense_scanFreqIndex
 .rodata.str1.1
                0x00003971        0x2 e:/psoc creator/4.3/psoc creator/import/gnu/arm/5.4.1/bin/../lib/gcc/arm-none-eabi/5.4.1/../../../../arm-none-eabi/lib/armv6-m\libg_nano.a(lib_a-impure.o)
 .rodata.str1.1
                0x00003973       0x11 e:/psoc creator/4.3/psoc creator/import/gnu/arm/5.4.1/bin/../lib/gcc/arm-none-eabi/5.4.1/../../../../arm-none-eabi/lib/armv6-m\libg_nano.a(lib_a-nano-svfprintf.o)
 .rodata.str1.1
                0x00003984       0x22 e:/psoc creator/4.3/psoc creator/import/gnu/arm/5.4.1/bin/../lib/gcc/arm-none-eabi/5.4.1/../../../../arm-none-eabi/lib/armv6-m\libg_nano.a(lib_a-nano-vfprintf_i.o)
                0x000039a8                . = ALIGN (0x4)
 *fill*         0x000039a6        0x2 
 *(.init)
 .init          0x000039a8        0x4 e:/psoc creator/4.3/psoc creator/import/gnu/arm/5.4.1/bin/../lib/gcc/arm-none-eabi/5.4.1/armv6-m/crti.o
                0x000039a8                _init
 .init          0x000039ac        0x8 e:/psoc creator/4.3/psoc creator/import/gnu/arm/5.4.1/bin/../lib/gcc/arm-none-eabi/5.4.1/armv6-m/crtn.o
                0x000039b4                . = ALIGN (0x4)
                0x000039b4                __preinit_array_start = .
 *(.preinit_array)
                0x000039b4                __preinit_array_end = .
                0x000039b4                . = ALIGN (0x4)
                0x000039b4                __init_array_start = .
 *(SORT(.init_array.*))
 *(.init_array)
 .init_array    0x000039b4        0x4 e:/psoc creator/4.3/psoc creator/import/gnu/arm/5.4.1/bin/../lib/gcc/arm-none-eabi/5.4.1/armv6-m/crtbegin.o
 .init_array    0x000039b8        0x4 .\CortexM0p\ARM_GCC_541\Debug\Cm0plusStart.o
                0x000039bc                __init_array_end = .
                0x000039bc                . = ALIGN (0x4)
 *(.fini)
 .fini          0x000039bc        0x4 e:/psoc creator/4.3/psoc creator/import/gnu/arm/5.4.1/bin/../lib/gcc/arm-none-eabi/5.4.1/armv6-m/crti.o
                0x000039bc                _fini
 .fini          0x000039c0        0x8 e:/psoc creator/4.3/psoc creator/import/gnu/arm/5.4.1/bin/../lib/gcc/arm-none-eabi/5.4.1/armv6-m/crtn.o
                0x000039c8                . = ALIGN (0x4)
                0x000039c8                __fini_array_start = .
 *(.fini_array)
 .fini_array    0x000039c8        0x4 e:/psoc creator/4.3/psoc creator/import/gnu/arm/5.4.1/bin/../lib/gcc/arm-none-eabi/5.4.1/armv6-m/crtbegin.o
 *(SORT(.fini_array.*))
                0x000039cc                __fini_array_end = .
                0x000039cc                . = ALIGN (0x4)
 *crtbegin.o(.ctors)
 *(EXCLUDE_FILE(*crtend.o) .ctors)
 *(SORT(.ctors.*))
 *crtend.o(.ctors)
                0x000039cc                . = ALIGN (0x4)
 *crtbegin.o(.dtors)
 *(EXCLUDE_FILE(*crtend.o) .dtors)
 *(SORT(.dtors.*))
 *crtend.o(.dtors)
                0x000039cc                . = ALIGN (0x4)
                0x000039cc                __cy_regions = .
                0x000039cc        0x4 LONG 0x39e0 __cy_region_init_ram
                0x000039d0        0x4 LONG 0x20000080 __cy_region_start_data
                0x000039d4        0x4 LONG 0x98 __cy_region_init_size_ram
                0x000039d8        0x4 LONG 0x1d8 __cy_region_zero_size_ram
                0x000039dc                __cy_regions_end = .
                0x000039e0                . = ALIGN (0x8)
 *fill*         0x000039dc        0x4 
                0x000039e0                _etext = .

.cy_checksum_exclude
                0x000039e0        0x0
 *(.cy_checksum_exclude)

.ramvectors     0x20000000       0x80
                0x20000000                __cy_region_start_ram = .
 *(.ramvectors)
 .ramvectors    0x20000000       0x80 .\CortexM0p\ARM_GCC_541\Debug\Cm0plusStart.o
                0x20000000                CyRamVectors

.noinit
 *(.noinit)

.data           0x20000080       0x98 load address 0x000039e0
                0x20000080                __cy_region_start_data = .
 *(.jcr)
 .jcr           0x20000080        0x0 e:/psoc creator/4.3/psoc creator/import/gnu/arm/5.4.1/bin/../lib/gcc/arm-none-eabi/5.4.1/armv6-m/crtbegin.o
 .jcr           0x20000080        0x4 e:/psoc creator/4.3/psoc creator/import/gnu/arm/5.4.1/bin/../lib/gcc/arm-none-eabi/5.4.1/armv6-m/crtend.o
 *(.got.plt)
 *(.got)
 *(.shdata)
 *(.data .data.* .gnu.linkonce.d.*)
 .data          0x20000084        0x4 .\CortexM0p\ARM_GCC_541\Debug\Cm0plusStart.o
 .data          0x20000088        0xc .\CortexM0p\ARM_GCC_541\Debug\Design01.a(SW_Tx_UART.o)
                0x20000088                SW_Tx_UART_pinDrAdress
                0x2000008c                SW_Tx_UART_pinPortNumber
                0x20000090                SW_Tx_UART_pinNumber
 .data          0x20000094        0x4 .\CortexM0p\ARM_GCC_541\Debug\Design01.a(CapSense_SensingCSD_LL.o)
                0x20000094                CapSense_configCsd
 .data          0x20000098        0x2 .\CortexM0p\ARM_GCC_541\Debug\Design01.a(CapSense_Adc.o)
                0x20000098                CapSense_adcVrefMv
 *fill*         0x2000009a        0x2 
 .data          0x2000009c       0x14 .\CortexM0p\ARM_GCC_541\Debug\Design01.a(CyLib.o)
                0x2000009c                CySysClkPumpConfig
                0x200000a0                cydelay32kMs
                0x200000a4                cydelayFreqKhz
                0x200000a8                cydelayFreqMhz
                0x200000ac                cydelayFreqHz
 .data.impure_data
                0x200000b0       0x60 e:/psoc creator/4.3/psoc creator/import/gnu/arm/5.4.1/bin/../lib/gcc/arm-none-eabi/5.4.1/../../../../arm-none-eabi/lib/armv6-m\libg_nano.a(lib_a-impure.o)
 .data._impure_ptr
                0x20000110        0x4 e:/psoc creator/4.3/psoc creator/import/gnu/arm/5.4.1/bin/../lib/gcc/arm-none-eabi/5.4.1/../../../../arm-none-eabi/lib/armv6-m\libg_nano.a(lib_a-impure.o)
                0x20000110                _impure_ptr
                0x20000118                . = ALIGN (0x8)
 *fill*         0x20000114        0x4 
 *(.ram)
                0x20000118                _edata = .

.igot.plt       0x20000118        0x0 load address 0x00003a78
 .igot.plt      0x20000118        0x0 e:/psoc creator/4.3/psoc creator/import/gnu/arm/5.4.1/bin/../lib/gcc/arm-none-eabi/5.4.1/armv6-m/crtbegin.o

.bss            0x20000118      0x1d8 load address 0x00003a78
                0x20000118                PROVIDE (__bss_start__, .)
 *(.shbss)
 *(.bss .bss.* .gnu.linkonce.b.*)
 .bss           0x20000118       0x1c e:/psoc creator/4.3/psoc creator/import/gnu/arm/5.4.1/bin/../lib/gcc/arm-none-eabi/5.4.1/armv6-m/crtbegin.o
 .bss           0x20000134       0x2d .\CortexM0p\ARM_GCC_541\Debug\sys.o
                0x20000160                enteringTestMode
 *fill*         0x20000161        0x3 
 .bss           0x20000164       0x75 .\CortexM0p\ARM_GCC_541\Debug\touchBtn_ADC.o
                0x20000166                mVolts
 *fill*         0x200001d9        0x3 
 .bss           0x200001dc        0xb .\CortexM0p\ARM_GCC_541\Debug\main.o
                0x200001e6                MODE_TEST
 .bss           0x200001e7        0x1 .\CortexM0p\ARM_GCC_541\Debug\Design01.a(CapSense_Control.o)
 .bss           0x200001e8       0x2d .\CortexM0p\ARM_GCC_541\Debug\Design01.a(CapSense_Structure.o)
 *fill*         0x20000215        0x3 
 .bss           0x20000218        0x4 .\CortexM0p\ARM_GCC_541\Debug\Design01.a(CapSense_Tuner.o)
 .bss           0x2000021c        0x4 .\CortexM0p\ARM_GCC_541\Debug\Design01.a(CapSense_Sensing.o)
                0x2000021c                CapSense_currentSenseMethod
                0x2000021d                CapSense_requestScanAllWidget
                0x2000021e                CapSense_widgetIndex
                0x2000021f                CapSense_sensorIndex
 .bss           0x20000220        0x1 .\CortexM0p\ARM_GCC_541\Debug\Design01.a(CapSense_SensingCSD_LL.o)
 .bss           0x20000221        0x1 .\CortexM0p\ARM_GCC_541\Debug\Design01.a(CapSense_Adc.o)
 .bss           0x20000222        0xa .\CortexM0p\ARM_GCC_541\Debug\Design01.a(CapSense_Adc_INT.o)
 .bss           0x2000022c       0x18 .\CortexM0p\ARM_GCC_541\Debug\Design01.a(CyLib.o)
                0x20000240                CySysTickInitVar
 .bss.__malloc_sbrk_start
                0x20000244        0x4 e:/psoc creator/4.3/psoc creator/import/gnu/arm/5.4.1/bin/../lib/gcc/arm-none-eabi/5.4.1/../../../../arm-none-eabi/lib/armv6-m\libg_nano.a(lib_a-nano-mallocr.o)
                0x20000244                __malloc_sbrk_start
 .bss.__malloc_free_list
                0x20000248        0x4 e:/psoc creator/4.3/psoc creator/import/gnu/arm/5.4.1/bin/../lib/gcc/arm-none-eabi/5.4.1/../../../../arm-none-eabi/lib/armv6-m\libg_nano.a(lib_a-nano-mallocr.o)
                0x20000248                __malloc_free_list
 *(COMMON)
 COMMON         0x2000024c        0x4 .\CortexM0p\ARM_GCC_541\Debug\sysTick.o
                0x2000024c                g_SysTime
 COMMON         0x20000250       0x90 .\CortexM0p\ARM_GCC_541\Debug\Design01.a(CapSense_Structure.o)
                0x20000250                CapSense_dsRam
 COMMON         0x200002e0        0x8 .\CortexM0p\ARM_GCC_541\Debug\Design01.a(CapSense_Sensing.o)
                0x200002e0                CapSense_curRamSnsPtr
                0x200002e4                CapSense_curSnsIOPtr
 COMMON         0x200002e8        0x4 e:/psoc creator/4.3/psoc creator/import/gnu/arm/5.4.1/bin/../lib/gcc/arm-none-eabi/5.4.1/../../../../arm-none-eabi/lib/armv6-m\libg_nano.a(lib_a-reent.o)
                0x200002e8                errno
                0x200002f0                . = ALIGN (0x8)
 *fill*         0x200002ec        0x4 
 *(.ram.b)
                0x200002f0                _end = .
                0x200002f0                __end = .
                0x200002f0                PROVIDE (end, .)
                0x200002f0                PROVIDE (__bss_end__, .)
                0x000039e0                __cy_region_init_ram = LOADADDR (.data)
                0x00000098                __cy_region_init_size_ram = (_edata - ADDR (.data))
                0x000001d8                __cy_region_zero_size_ram = (_end - _edata)

.heap           0x200002f0       0x80 load address 0x00003a78
                0x200002f0                . = _end
                0x20000370                . = (. + 0x80)
 *fill*         0x200002f0       0x80 
                0x20000370                __cy_heap_limit = .

.stack          0x20000c00      0x400
                0x20000c00                __cy_stack_limit = .
                0x20001000                . = (. + 0x400)
 *fill*         0x20000c00      0x400 
                0x00000001                ASSERT ((__cy_stack_limit >= __cy_heap_limit), region RAM overflowed with stack)
                0x00000000                cy_checksum_exclude_size = (CY_APPL_LOADABLE == 0x1)?SIZEOF (.cy_checksum_exclude):0x0
                0x00000001                ASSERT ((cy_checksum_exclude_size <= CY_CHECKSUM_EXCLUDE_SIZE), CY_BOOT: Section .cy_checksum_exclude size exceedes specified limit.)
                0x00007fc0                cyloadermeta_start = (cy_project_type_bootloader || cy_project_type_app_for_stack_and_copier)?(LENGTH (rom) - CY_METADATA_SIZE):0xf0000000

.cyloadermeta
 *(.cyloadermeta)
                0x00007fc0                cyloadablemeta_start = cy_project_type_app_for_stack_and_copier?((LENGTH (rom) - CY_FLASH_ROW_SIZE) - CY_METADATA_SIZE):((LENGTH (rom) - (CY_FLASH_ROW_SIZE * (CY_APPL_NUM - 0x1))) - CY_METADATA_SIZE)

.cyloadablemeta
 *(.cyloadablemeta)

.cyflashprotect
                0x90400000       0x20
 *(.cyflashprotect)
 .cyflashprotect
                0x90400000       0x20 .\CortexM0p\ARM_GCC_541\Debug\cymetadata.o
                0x90400000                cy_meta_flashprotect

.cymeta         0x90500000        0xc
 *(.cymeta)
 .cymeta        0x90500000        0xc .\CortexM0p\ARM_GCC_541\Debug\cymetadata.o
                0x90500000                cy_metadata

.cychipprotect  0x90600000        0x1
 *(.cychipprotect)
 .cychipprotect
                0x90600000        0x1 .\CortexM0p\ARM_GCC_541\Debug\cymetadata.o
                0x90600000                cy_meta_chipprotect

.rel.dyn        0x00003a78        0x0 load address 0x90600004
 .rel.iplt      0x00003a78        0x0 e:/psoc creator/4.3/psoc creator/import/gnu/arm/5.4.1/bin/../lib/gcc/arm-none-eabi/5.4.1/armv6-m/crtbegin.o

.stab
 *(.stab)

.stabstr
 *(.stabstr)

.debug
 *(.debug)

.line
 *(.line)

.debug_srcinfo
 *(.debug_srcinfo)

.debug_sfnames
 *(.debug_sfnames)

.debug_aranges  0x00000000      0xca8
 *(.debug_aranges)
 .debug_aranges
                0x00000000       0x20 .\CortexM0p\ARM_GCC_541\Debug\softDebug.o
 .debug_aranges
                0x00000020       0xc0 .\CortexM0p\ARM_GCC_541\Debug\sys.o
 .debug_aranges
                0x000000e0       0x28 .\CortexM0p\ARM_GCC_541\Debug\sysTick.o
 .debug_aranges
                0x00000108       0x58 .\CortexM0p\ARM_GCC_541\Debug\touchBtn_ADC.o
 .debug_aranges
                0x00000160       0x28 .\CortexM0p\ARM_GCC_541\Debug\main.o
 .debug_aranges
                0x00000188       0x38 .\CortexM0p\ARM_GCC_541\Debug\cyfitter_cfg.o
 .debug_aranges
                0x000001c0       0x18 .\CortexM0p\ARM_GCC_541\Debug\cymetadata.o
 .debug_aranges
                0x000001d8       0x48 .\CortexM0p\ARM_GCC_541\Debug\Cm0plusStart.o
 .debug_aranges
                0x00000220       0x50 .\CortexM0p\ARM_GCC_541\Debug\Design01.a(SW_Tx_UART.o)
 .debug_aranges
                0x00000270       0x48 .\CortexM0p\ARM_GCC_541\Debug\Design01.a(LED_RO.o)
 .debug_aranges
                0x000002b8       0x48 .\CortexM0p\ARM_GCC_541\Debug\Design01.a(LED_COLD.o)
 .debug_aranges
                0x00000300       0x48 .\CortexM0p\ARM_GCC_541\Debug\Design01.a(LED_HOT.o)
 .debug_aranges
                0x00000348       0x48 .\CortexM0p\ARM_GCC_541\Debug\Design01.a(LED_LOCK.o)
 .debug_aranges
                0x00000390       0x48 .\CortexM0p\ARM_GCC_541\Debug\Design01.a(VL1.o)
 .debug_aranges
                0x000003d8       0x48 .\CortexM0p\ARM_GCC_541\Debug\Design01.a(VL2.o)
 .debug_aranges
                0x00000420       0x48 .\CortexM0p\ARM_GCC_541\Debug\Design01.a(VL3.o)
 .debug_aranges
                0x00000468       0x68 .\CortexM0p\ARM_GCC_541\Debug\Design01.a(CapSense_Control.o)
 .debug_aranges
                0x000004d0       0x48 .\CortexM0p\ARM_GCC_541\Debug\Design01.a(CapSense_Processing.o)
 .debug_aranges
                0x00000518       0x58 .\CortexM0p\ARM_GCC_541\Debug\Design01.a(CapSense_Structure.o)
 .debug_aranges
                0x00000570       0x28 .\CortexM0p\ARM_GCC_541\Debug\Design01.a(CapSense_Tuner.o)
 .debug_aranges
                0x00000598       0x70 .\CortexM0p\ARM_GCC_541\Debug\Design01.a(CapSense_Filter.o)
 .debug_aranges
                0x00000608       0xe0 .\CortexM0p\ARM_GCC_541\Debug\Design01.a(CapSense_Sensing.o)
 .debug_aranges
                0x000006e8       0xd0 .\CortexM0p\ARM_GCC_541\Debug\Design01.a(CapSense_SensingCSD_LL.o)
 .debug_aranges
                0x000007b8       0x98 .\CortexM0p\ARM_GCC_541\Debug\Design01.a(CapSense_Adc.o)
 .debug_aranges
                0x00000850       0x20 .\CortexM0p\ARM_GCC_541\Debug\Design01.a(CapSense_Adc_INT.o)
 .debug_aranges
                0x00000870       0x48 .\CortexM0p\ARM_GCC_541\Debug\Design01.a(COLD_K1.o)
 .debug_aranges
                0x000008b8       0x48 .\CortexM0p\ARM_GCC_541\Debug\Design01.a(Buzzer.o)
 .debug_aranges
                0x00000900       0x80 .\CortexM0p\ARM_GCC_541\Debug\Design01.a(CapSense_ISR.o)
 .debug_aranges
                0x00000980      0x190 .\CortexM0p\ARM_GCC_541\Debug\Design01.a(CyLib.o)
 .debug_aranges
                0x00000b10       0xd8 .\CortexM0p\ARM_GCC_541\Debug\Design01.a(CyLFClk.o)
 .debug_aranges
                0x00000be8       0x20 .\CortexM0p\ARM_GCC_541\Debug\Design01.a(SW_Tx_UART_AsmGnu.o)
 .debug_aranges
                0x00000c08       0x20 .\CortexM0p\ARM_GCC_541\Debug\Design01.a(CyBootAsmGnu.o)
 .debug_aranges
                0x00000c28       0x38 .\CortexM0p\ARM_GCC_541\Debug\Design01.a(CapSense_INT.o)
 .debug_aranges
                0x00000c60       0x48 .\CortexM0p\ARM_GCC_541\Debug\Design01.a(CyFlash.o)

.debug_pubnames
 *(.debug_pubnames)

.debug_info     0x00000000     0xaf12
 *(.debug_info .gnu.linkonce.wi.*)
 .debug_info    0x00000000      0x1c5 .\CortexM0p\ARM_GCC_541\Debug\softDebug.o
 .debug_info    0x000001c5      0x96a .\CortexM0p\ARM_GCC_541\Debug\sys.o
 .debug_info    0x00000b2f      0x1cf .\CortexM0p\ARM_GCC_541\Debug\sysTick.o
 .debug_info    0x00000cfe      0xa68 .\CortexM0p\ARM_GCC_541\Debug\touchBtn_ADC.o
 .debug_info    0x00001766      0x241 .\CortexM0p\ARM_GCC_541\Debug\main.o
 .debug_info    0x000019a7      0x168 .\CortexM0p\ARM_GCC_541\Debug\cyfitter_cfg.o
 .debug_info    0x00001b0f       0xf8 .\CortexM0p\ARM_GCC_541\Debug\cymetadata.o
 .debug_info    0x00001c07      0x3a5 .\CortexM0p\ARM_GCC_541\Debug\Cm0plusStart.o
 .debug_info    0x00001fac      0x2c4 .\CortexM0p\ARM_GCC_541\Debug\Design01.a(SW_Tx_UART.o)
 .debug_info    0x00002270      0x19b .\CortexM0p\ARM_GCC_541\Debug\Design01.a(LED_RO.o)
 .debug_info    0x0000240b      0x19d .\CortexM0p\ARM_GCC_541\Debug\Design01.a(LED_COLD.o)
 .debug_info    0x000025a8      0x19d .\CortexM0p\ARM_GCC_541\Debug\Design01.a(LED_HOT.o)
 .debug_info    0x00002745      0x19d .\CortexM0p\ARM_GCC_541\Debug\Design01.a(LED_LOCK.o)
 .debug_info    0x000028e2      0x19d .\CortexM0p\ARM_GCC_541\Debug\Design01.a(VL1.o)
 .debug_info    0x00002a7f      0x19d .\CortexM0p\ARM_GCC_541\Debug\Design01.a(VL2.o)
 .debug_info    0x00002c1c      0x19b .\CortexM0p\ARM_GCC_541\Debug\Design01.a(VL3.o)
 .debug_info    0x00002db7      0xa96 .\CortexM0p\ARM_GCC_541\Debug\Design01.a(CapSense_Control.o)
 .debug_info    0x0000384d      0xa01 .\CortexM0p\ARM_GCC_541\Debug\Design01.a(CapSense_Processing.o)
 .debug_info    0x0000424e      0xbca .\CortexM0p\ARM_GCC_541\Debug\Design01.a(CapSense_Structure.o)
 .debug_info    0x00004e18      0x672 .\CortexM0p\ARM_GCC_541\Debug\Design01.a(CapSense_Tuner.o)
 .debug_info    0x0000548a      0x7b6 .\CortexM0p\ARM_GCC_541\Debug\Design01.a(CapSense_Filter.o)
 .debug_info    0x00005c40      0xff9 .\CortexM0p\ARM_GCC_541\Debug\Design01.a(CapSense_Sensing.o)
 .debug_info    0x00006c39      0xfe2 .\CortexM0p\ARM_GCC_541\Debug\Design01.a(CapSense_SensingCSD_LL.o)
 .debug_info    0x00007c1b      0xa5b .\CortexM0p\ARM_GCC_541\Debug\Design01.a(CapSense_Adc.o)
 .debug_info    0x00008676      0x561 .\CortexM0p\ARM_GCC_541\Debug\Design01.a(CapSense_Adc_INT.o)
 .debug_info    0x00008bd7      0x19d .\CortexM0p\ARM_GCC_541\Debug\Design01.a(COLD_K1.o)
 .debug_info    0x00008d74      0x19d .\CortexM0p\ARM_GCC_541\Debug\Design01.a(Buzzer.o)
 .debug_info    0x00008f11      0x305 .\CortexM0p\ARM_GCC_541\Debug\Design01.a(CapSense_ISR.o)
 .debug_info    0x00009216      0xbce .\CortexM0p\ARM_GCC_541\Debug\Design01.a(CyLib.o)
 .debug_info    0x00009de4      0x444 .\CortexM0p\ARM_GCC_541\Debug\Design01.a(CyLFClk.o)
 .debug_info    0x0000a228       0x93 .\CortexM0p\ARM_GCC_541\Debug\Design01.a(SW_Tx_UART_AsmGnu.o)
 .debug_info    0x0000a2bb       0x8e .\CortexM0p\ARM_GCC_541\Debug\Design01.a(CyBootAsmGnu.o)
 .debug_info    0x0000a349      0x7b2 .\CortexM0p\ARM_GCC_541\Debug\Design01.a(CapSense_INT.o)
 .debug_info    0x0000aafb      0x417 .\CortexM0p\ARM_GCC_541\Debug\Design01.a(CyFlash.o)

.debug_abbrev   0x00000000     0x2b70
 *(.debug_abbrev)
 .debug_abbrev  0x00000000      0x11b .\CortexM0p\ARM_GCC_541\Debug\softDebug.o
 .debug_abbrev  0x0000011b      0x1c7 .\CortexM0p\ARM_GCC_541\Debug\sys.o
 .debug_abbrev  0x000002e2      0x11c .\CortexM0p\ARM_GCC_541\Debug\sysTick.o
 .debug_abbrev  0x000003fe      0x1ca .\CortexM0p\ARM_GCC_541\Debug\touchBtn_ADC.o
 .debug_abbrev  0x000005c8      0x112 .\CortexM0p\ARM_GCC_541\Debug\main.o
 .debug_abbrev  0x000006da       0xdb .\CortexM0p\ARM_GCC_541\Debug\cyfitter_cfg.o
 .debug_abbrev  0x000007b5       0x5d .\CortexM0p\ARM_GCC_541\Debug\cymetadata.o
 .debug_abbrev  0x00000812      0x1d0 .\CortexM0p\ARM_GCC_541\Debug\Cm0plusStart.o
 .debug_abbrev  0x000009e2      0x109 .\CortexM0p\ARM_GCC_541\Debug\Design01.a(SW_Tx_UART.o)
 .debug_abbrev  0x00000aeb       0xc8 .\CortexM0p\ARM_GCC_541\Debug\Design01.a(LED_RO.o)
 .debug_abbrev  0x00000bb3       0xc8 .\CortexM0p\ARM_GCC_541\Debug\Design01.a(LED_COLD.o)
 .debug_abbrev  0x00000c7b       0xc8 .\CortexM0p\ARM_GCC_541\Debug\Design01.a(LED_HOT.o)
 .debug_abbrev  0x00000d43       0xc8 .\CortexM0p\ARM_GCC_541\Debug\Design01.a(LED_LOCK.o)
 .debug_abbrev  0x00000e0b       0xc8 .\CortexM0p\ARM_GCC_541\Debug\Design01.a(VL1.o)
 .debug_abbrev  0x00000ed3       0xc8 .\CortexM0p\ARM_GCC_541\Debug\Design01.a(VL2.o)
 .debug_abbrev  0x00000f9b       0xc8 .\CortexM0p\ARM_GCC_541\Debug\Design01.a(VL3.o)
 .debug_abbrev  0x00001063      0x209 .\CortexM0p\ARM_GCC_541\Debug\Design01.a(CapSense_Control.o)
 .debug_abbrev  0x0000126c      0x1c2 .\CortexM0p\ARM_GCC_541\Debug\Design01.a(CapSense_Processing.o)
 .debug_abbrev  0x0000142e      0x226 .\CortexM0p\ARM_GCC_541\Debug\Design01.a(CapSense_Structure.o)
 .debug_abbrev  0x00001654      0x166 .\CortexM0p\ARM_GCC_541\Debug\Design01.a(CapSense_Tuner.o)
 .debug_abbrev  0x000017ba      0x202 .\CortexM0p\ARM_GCC_541\Debug\Design01.a(CapSense_Filter.o)
 .debug_abbrev  0x000019bc      0x21f .\CortexM0p\ARM_GCC_541\Debug\Design01.a(CapSense_Sensing.o)
 .debug_abbrev  0x00001bdb      0x278 .\CortexM0p\ARM_GCC_541\Debug\Design01.a(CapSense_SensingCSD_LL.o)
 .debug_abbrev  0x00001e53      0x1eb .\CortexM0p\ARM_GCC_541\Debug\Design01.a(CapSense_Adc.o)
 .debug_abbrev  0x0000203e      0x126 .\CortexM0p\ARM_GCC_541\Debug\Design01.a(CapSense_Adc_INT.o)
 .debug_abbrev  0x00002164       0xc8 .\CortexM0p\ARM_GCC_541\Debug\Design01.a(COLD_K1.o)
 .debug_abbrev  0x0000222c       0xc8 .\CortexM0p\ARM_GCC_541\Debug\Design01.a(Buzzer.o)
 .debug_abbrev  0x000022f4      0x19a .\CortexM0p\ARM_GCC_541\Debug\Design01.a(CapSense_ISR.o)
 .debug_abbrev  0x0000248e      0x1f5 .\CortexM0p\ARM_GCC_541\Debug\Design01.a(CyLib.o)
 .debug_abbrev  0x00002683      0x1af .\CortexM0p\ARM_GCC_541\Debug\Design01.a(CyLFClk.o)
 .debug_abbrev  0x00002832       0x14 .\CortexM0p\ARM_GCC_541\Debug\Design01.a(SW_Tx_UART_AsmGnu.o)
 .debug_abbrev  0x00002846       0x14 .\CortexM0p\ARM_GCC_541\Debug\Design01.a(CyBootAsmGnu.o)
 .debug_abbrev  0x0000285a      0x178 .\CortexM0p\ARM_GCC_541\Debug\Design01.a(CapSense_INT.o)
 .debug_abbrev  0x000029d2      0x19e .\CortexM0p\ARM_GCC_541\Debug\Design01.a(CyFlash.o)

.debug_line     0x00000000     0x39ef
 *(.debug_line)
 .debug_line    0x00000000      0x215 .\CortexM0p\ARM_GCC_541\Debug\softDebug.o
 .debug_line    0x00000215      0x3e3 .\CortexM0p\ARM_GCC_541\Debug\sys.o
 .debug_line    0x000005f8      0x166 .\CortexM0p\ARM_GCC_541\Debug\sysTick.o
 .debug_line    0x0000075e      0x37a .\CortexM0p\ARM_GCC_541\Debug\touchBtn_ADC.o
 .debug_line    0x00000ad8      0x17a .\CortexM0p\ARM_GCC_541\Debug\main.o
 .debug_line    0x00000c52       0xb5 .\CortexM0p\ARM_GCC_541\Debug\cyfitter_cfg.o
 .debug_line    0x00000d07      0x109 .\CortexM0p\ARM_GCC_541\Debug\cymetadata.o
 .debug_line    0x00000e10      0x20f .\CortexM0p\ARM_GCC_541\Debug\Cm0plusStart.o
 .debug_line    0x0000101f       0xf6 .\CortexM0p\ARM_GCC_541\Debug\Design01.a(SW_Tx_UART.o)
 .debug_line    0x00001115       0xbd .\CortexM0p\ARM_GCC_541\Debug\Design01.a(LED_RO.o)
 .debug_line    0x000011d2       0xc0 .\CortexM0p\ARM_GCC_541\Debug\Design01.a(LED_COLD.o)
 .debug_line    0x00001292       0xbf .\CortexM0p\ARM_GCC_541\Debug\Design01.a(LED_HOT.o)
 .debug_line    0x00001351       0xc0 .\CortexM0p\ARM_GCC_541\Debug\Design01.a(LED_LOCK.o)
 .debug_line    0x00001411       0xbb .\CortexM0p\ARM_GCC_541\Debug\Design01.a(VL1.o)
 .debug_line    0x000014cc       0xbb .\CortexM0p\ARM_GCC_541\Debug\Design01.a(VL2.o)
 .debug_line    0x00001587       0xba .\CortexM0p\ARM_GCC_541\Debug\Design01.a(VL3.o)
 .debug_line    0x00001641      0x220 .\CortexM0p\ARM_GCC_541\Debug\Design01.a(CapSense_Control.o)
 .debug_line    0x00001861      0x2a3 .\CortexM0p\ARM_GCC_541\Debug\Design01.a(CapSense_Processing.o)
 .debug_line    0x00001b04      0x1d2 .\CortexM0p\ARM_GCC_541\Debug\Design01.a(CapSense_Structure.o)
 .debug_line    0x00001cd6      0x11c .\CortexM0p\ARM_GCC_541\Debug\Design01.a(CapSense_Tuner.o)
 .debug_line    0x00001df2      0x1bf .\CortexM0p\ARM_GCC_541\Debug\Design01.a(CapSense_Filter.o)
 .debug_line    0x00001fb1      0x468 .\CortexM0p\ARM_GCC_541\Debug\Design01.a(CapSense_Sensing.o)
 .debug_line    0x00002419      0x3d8 .\CortexM0p\ARM_GCC_541\Debug\Design01.a(CapSense_SensingCSD_LL.o)
 .debug_line    0x000027f1      0x2ad .\CortexM0p\ARM_GCC_541\Debug\Design01.a(CapSense_Adc.o)
 .debug_line    0x00002a9e       0xfb .\CortexM0p\ARM_GCC_541\Debug\Design01.a(CapSense_Adc_INT.o)
 .debug_line    0x00002b99       0xbf .\CortexM0p\ARM_GCC_541\Debug\Design01.a(COLD_K1.o)
 .debug_line    0x00002c58       0xbe .\CortexM0p\ARM_GCC_541\Debug\Design01.a(Buzzer.o)
 .debug_line    0x00002d16      0x158 .\CortexM0p\ARM_GCC_541\Debug\Design01.a(CapSense_ISR.o)
 .debug_line    0x00002e6e      0x4dc .\CortexM0p\ARM_GCC_541\Debug\Design01.a(CyLib.o)
 .debug_line    0x0000334a      0x284 .\CortexM0p\ARM_GCC_541\Debug\Design01.a(CyLFClk.o)
 .debug_line    0x000035ce       0xa3 .\CortexM0p\ARM_GCC_541\Debug\Design01.a(SW_Tx_UART_AsmGnu.o)
 .debug_line    0x00003671       0x68 .\CortexM0p\ARM_GCC_541\Debug\Design01.a(CyBootAsmGnu.o)
 .debug_line    0x000036d9      0x135 .\CortexM0p\ARM_GCC_541\Debug\Design01.a(CapSense_INT.o)
 .debug_line    0x0000380e      0x1e1 .\CortexM0p\ARM_GCC_541\Debug\Design01.a(CyFlash.o)

.debug_frame    0x00000000     0x2160
 *(.debug_frame)
 .debug_frame   0x00000000       0x30 .\CortexM0p\ARM_GCC_541\Debug\softDebug.o
 .debug_frame   0x00000030      0x25c .\CortexM0p\ARM_GCC_541\Debug\sys.o
 .debug_frame   0x0000028c       0x40 .\CortexM0p\ARM_GCC_541\Debug\sysTick.o
 .debug_frame   0x000002cc       0xfc .\CortexM0p\ARM_GCC_541\Debug\touchBtn_ADC.o
 .debug_frame   0x000003c8       0x3c .\CortexM0p\ARM_GCC_541\Debug\main.o
 .debug_frame   0x00000404       0x74 .\CortexM0p\ARM_GCC_541\Debug\cyfitter_cfg.o
 .debug_frame   0x00000478       0xbc .\CortexM0p\ARM_GCC_541\Debug\Cm0plusStart.o
 .debug_frame   0x00000534       0xc8 .\CortexM0p\ARM_GCC_541\Debug\Design01.a(SW_Tx_UART.o)
 .debug_frame   0x000005fc       0x70 .\CortexM0p\ARM_GCC_541\Debug\Design01.a(LED_RO.o)
 .debug_frame   0x0000066c       0x70 .\CortexM0p\ARM_GCC_541\Debug\Design01.a(LED_COLD.o)
 .debug_frame   0x000006dc       0x70 .\CortexM0p\ARM_GCC_541\Debug\Design01.a(LED_HOT.o)
 .debug_frame   0x0000074c       0x70 .\CortexM0p\ARM_GCC_541\Debug\Design01.a(LED_LOCK.o)
 .debug_frame   0x000007bc       0x70 .\CortexM0p\ARM_GCC_541\Debug\Design01.a(VL1.o)
 .debug_frame   0x0000082c       0x70 .\CortexM0p\ARM_GCC_541\Debug\Design01.a(VL2.o)
 .debug_frame   0x0000089c       0x70 .\CortexM0p\ARM_GCC_541\Debug\Design01.a(VL3.o)
 .debug_frame   0x0000090c      0x128 .\CortexM0p\ARM_GCC_541\Debug\Design01.a(CapSense_Control.o)
 .debug_frame   0x00000a34       0xe0 .\CortexM0p\ARM_GCC_541\Debug\Design01.a(CapSense_Processing.o)
 .debug_frame   0x00000b14       0xd0 .\CortexM0p\ARM_GCC_541\Debug\Design01.a(CapSense_Structure.o)
 .debug_frame   0x00000be4       0x40 .\CortexM0p\ARM_GCC_541\Debug\Design01.a(CapSense_Tuner.o)
 .debug_frame   0x00000c24      0x148 .\CortexM0p\ARM_GCC_541\Debug\Design01.a(CapSense_Filter.o)
 .debug_frame   0x00000d6c      0x2b4 .\CortexM0p\ARM_GCC_541\Debug\Design01.a(CapSense_Sensing.o)
 .debug_frame   0x00001020      0x2a4 .\CortexM0p\ARM_GCC_541\Debug\Design01.a(CapSense_SensingCSD_LL.o)
 .debug_frame   0x000012c4      0x1c4 .\CortexM0p\ARM_GCC_541\Debug\Design01.a(CapSense_Adc.o)
 .debug_frame   0x00001488       0x38 .\CortexM0p\ARM_GCC_541\Debug\Design01.a(CapSense_Adc_INT.o)
 .debug_frame   0x000014c0       0x70 .\CortexM0p\ARM_GCC_541\Debug\Design01.a(COLD_K1.o)
 .debug_frame   0x00001530       0x70 .\CortexM0p\ARM_GCC_541\Debug\Design01.a(Buzzer.o)
 .debug_frame   0x000015a0      0x110 .\CortexM0p\ARM_GCC_541\Debug\Design01.a(CapSense_ISR.o)
 .debug_frame   0x000016b0      0x418 .\CortexM0p\ARM_GCC_541\Debug\Design01.a(CyLib.o)
 .debug_frame   0x00001ac8      0x1dc .\CortexM0p\ARM_GCC_541\Debug\Design01.a(CyLFClk.o)
 .debug_frame   0x00001ca4       0x78 .\CortexM0p\ARM_GCC_541\Debug\Design01.a(CapSense_INT.o)
 .debug_frame   0x00001d1c       0xa8 .\CortexM0p\ARM_GCC_541\Debug\Design01.a(CyFlash.o)
 .debug_frame   0x00001dc4       0x20 e:/psoc creator/4.3/psoc creator/import/gnu/arm/5.4.1/bin/../lib/gcc/arm-none-eabi/5.4.1/armv6-m\libgcc.a(_udivsi3.o)
 .debug_frame   0x00001de4       0x20 e:/psoc creator/4.3/psoc creator/import/gnu/arm/5.4.1/bin/../lib/gcc/arm-none-eabi/5.4.1/armv6-m\libgcc.a(_divsi3.o)
 .debug_frame   0x00001e04       0x20 e:/psoc creator/4.3/psoc creator/import/gnu/arm/5.4.1/bin/../lib/gcc/arm-none-eabi/5.4.1/../../../../arm-none-eabi/lib/armv6-m\libg_nano.a(lib_a-errno.o)
 .debug_frame   0x00001e24       0x28 e:/psoc creator/4.3/psoc creator/import/gnu/arm/5.4.1/bin/../lib/gcc/arm-none-eabi/5.4.1/../../../../arm-none-eabi/lib/armv6-m\libg_nano.a(lib_a-exit.o)
 .debug_frame   0x00001e4c       0x2c e:/psoc creator/4.3/psoc creator/import/gnu/arm/5.4.1/bin/../lib/gcc/arm-none-eabi/5.4.1/../../../../arm-none-eabi/lib/armv6-m\libg_nano.a(lib_a-init.o)
 .debug_frame   0x00001e78       0x28 e:/psoc creator/4.3/psoc creator/import/gnu/arm/5.4.1/bin/../lib/gcc/arm-none-eabi/5.4.1/../../../../arm-none-eabi/lib/armv6-m\libg_nano.a(lib_a-memcpy-stub.o)
 .debug_frame   0x00001ea0       0x20 e:/psoc creator/4.3/psoc creator/import/gnu/arm/5.4.1/bin/../lib/gcc/arm-none-eabi/5.4.1/../../../../arm-none-eabi/lib/armv6-m\libg_nano.a(lib_a-memset.o)
 .debug_frame   0x00001ec0       0x44 e:/psoc creator/4.3/psoc creator/import/gnu/arm/5.4.1/bin/../lib/gcc/arm-none-eabi/5.4.1/../../../../arm-none-eabi/lib/armv6-m\libg_nano.a(lib_a-vsprintf.o)
 .debug_frame   0x00001f04       0x74 e:/psoc creator/4.3/psoc creator/import/gnu/arm/5.4.1/bin/../lib/gcc/arm-none-eabi/5.4.1/../../../../arm-none-eabi/lib/armv6-m\libg_nano.a(lib_a-nano-svfprintf.o)
 .debug_frame   0x00001f78       0x54 e:/psoc creator/4.3/psoc creator/import/gnu/arm/5.4.1/bin/../lib/gcc/arm-none-eabi/5.4.1/../../../../arm-none-eabi/lib/armv6-m\libg_nano.a(lib_a-nano-vfprintf_i.o)
 .debug_frame   0x00001fcc       0x20 e:/psoc creator/4.3/psoc creator/import/gnu/arm/5.4.1/bin/../lib/gcc/arm-none-eabi/5.4.1/../../../../arm-none-eabi/lib/armv6-m\libg_nano.a(lib_a-memchr-stub.o)
 .debug_frame   0x00001fec       0x28 e:/psoc creator/4.3/psoc creator/import/gnu/arm/5.4.1/bin/../lib/gcc/arm-none-eabi/5.4.1/../../../../arm-none-eabi/lib/armv6-m\libg_nano.a(lib_a-memmove.o)
 .debug_frame   0x00002014       0x2c e:/psoc creator/4.3/psoc creator/import/gnu/arm/5.4.1/bin/../lib/gcc/arm-none-eabi/5.4.1/../../../../arm-none-eabi/lib/armv6-m\libg_nano.a(lib_a-nano-freer.o)
 .debug_frame   0x00002040       0x2c e:/psoc creator/4.3/psoc creator/import/gnu/arm/5.4.1/bin/../lib/gcc/arm-none-eabi/5.4.1/../../../../arm-none-eabi/lib/armv6-m\libg_nano.a(lib_a-nano-mallocr.o)
 .debug_frame   0x0000206c       0x30 e:/psoc creator/4.3/psoc creator/import/gnu/arm/5.4.1/bin/../lib/gcc/arm-none-eabi/5.4.1/../../../../arm-none-eabi/lib/armv6-m\libg_nano.a(lib_a-nano-reallocr.o)
 .debug_frame   0x0000209c       0x2c e:/psoc creator/4.3/psoc creator/import/gnu/arm/5.4.1/bin/../lib/gcc/arm-none-eabi/5.4.1/../../../../arm-none-eabi/lib/armv6-m\libg_nano.a(lib_a-sbrkr.o)
 .debug_frame   0x000020c8       0x30 e:/psoc creator/4.3/psoc creator/import/gnu/arm/5.4.1/bin/../lib/gcc/arm-none-eabi/5.4.1/../../../../arm-none-eabi/lib/armv6-m\libg_nano.a(lib_a-mlock.o)
 .debug_frame   0x000020f8       0x20 e:/psoc creator/4.3/psoc creator/import/gnu/arm/5.4.1/bin/../lib/gcc/arm-none-eabi/5.4.1/../../../../arm-none-eabi/lib/armv6-m\libg_nano.a(lib_a-nano-msizer.o)
 .debug_frame   0x00002118       0x48 e:/psoc creator/4.3/psoc creator/import/gnu/arm/5.4.1/bin/../lib/gcc/arm-none-eabi/5.4.1/../../../../arm-none-eabi/lib/armv6-m\libg_nano.a(lib_a-reent.o)

.debug_str      0x00000000     0x33f3
 *(.debug_str)
 .debug_str     0x00000000      0x1c3 .\CortexM0p\ARM_GCC_541\Debug\softDebug.o
                                0x213 (size before relaxing)
 .debug_str     0x000001c3      0x31f .\CortexM0p\ARM_GCC_541\Debug\sys.o
                                0x4df (size before relaxing)
 .debug_str     0x000004e2       0x76 .\CortexM0p\ARM_GCC_541\Debug\sysTick.o
                                0x23f (size before relaxing)
 .debug_str     0x00000558      0x590 .\CortexM0p\ARM_GCC_541\Debug\touchBtn_ADC.o
                                0x7dd (size before relaxing)
 .debug_str     0x00000ae8       0x2e .\CortexM0p\ARM_GCC_541\Debug\main.o
                                0x26e (size before relaxing)
 .debug_str     0x00000b16       0x91 .\CortexM0p\ARM_GCC_541\Debug\cyfitter_cfg.o
                                0x21b (size before relaxing)
 .debug_str     0x00000ba7       0x59 .\CortexM0p\ARM_GCC_541\Debug\cymetadata.o
                                0x1ca (size before relaxing)
 .debug_str     0x00000c00      0x156 .\CortexM0p\ARM_GCC_541\Debug\Cm0plusStart.o
                                0x311 (size before relaxing)
 .debug_str     0x00000d56      0x13a .\CortexM0p\ARM_GCC_541\Debug\Design01.a(SW_Tx_UART.o)
                                0x2e7 (size before relaxing)
 .debug_str     0x00000e90       0xab .\CortexM0p\ARM_GCC_541\Debug\Design01.a(LED_RO.o)
                                0x23f (size before relaxing)
 .debug_str     0x00000f3b       0x8d .\CortexM0p\ARM_GCC_541\Debug\Design01.a(LED_COLD.o)
                                0x24d (size before relaxing)
 .debug_str     0x00000fc8       0x87 .\CortexM0p\ARM_GCC_541\Debug\Design01.a(LED_HOT.o)
                                0x246 (size before relaxing)
 .debug_str     0x0000104f       0x8d .\CortexM0p\ARM_GCC_541\Debug\Design01.a(LED_LOCK.o)
                                0x24d (size before relaxing)
 .debug_str     0x000010dc       0x6f .\CortexM0p\ARM_GCC_541\Debug\Design01.a(VL1.o)
                                0x22a (size before relaxing)
 .debug_str     0x0000114b       0x6f .\CortexM0p\ARM_GCC_541\Debug\Design01.a(VL2.o)
                                0x22a (size before relaxing)
 .debug_str     0x000011ba       0x6f .\CortexM0p\ARM_GCC_541\Debug\Design01.a(VL3.o)
                                0x22a (size before relaxing)
 .debug_str     0x00001229      0x4e2 .\CortexM0p\ARM_GCC_541\Debug\Design01.a(CapSense_Control.o)
                                0x95e (size before relaxing)
 .debug_str     0x0000170b      0x133 .\CortexM0p\ARM_GCC_541\Debug\Design01.a(CapSense_Processing.o)
                                0x7f7 (size before relaxing)
 .debug_str     0x0000183e      0x293 .\CortexM0p\ARM_GCC_541\Debug\Design01.a(CapSense_Structure.o)
                                0x8dd (size before relaxing)
 .debug_str     0x00001ad1      0x171 .\CortexM0p\ARM_GCC_541\Debug\Design01.a(CapSense_Tuner.o)
                                0x66f (size before relaxing)
 .debug_str     0x00001c42      0x17c .\CortexM0p\ARM_GCC_541\Debug\Design01.a(CapSense_Filter.o)
                                0x61b (size before relaxing)
 .debug_str     0x00001dbe      0x549 .\CortexM0p\ARM_GCC_541\Debug\Design01.a(CapSense_Sensing.o)
                                0xc14 (size before relaxing)
 .debug_str     0x00002307      0x34e .\CortexM0p\ARM_GCC_541\Debug\Design01.a(CapSense_SensingCSD_LL.o)
                                0xb88 (size before relaxing)
 .debug_str     0x00002655      0x1b7 .\CortexM0p\ARM_GCC_541\Debug\Design01.a(CapSense_Adc.o)
                                0x79e (size before relaxing)
 .debug_str     0x0000280c       0x96 .\CortexM0p\ARM_GCC_541\Debug\Design01.a(CapSense_Adc_INT.o)
                                0x511 (size before relaxing)
 .debug_str     0x000028a2       0x87 .\CortexM0p\ARM_GCC_541\Debug\Design01.a(COLD_K1.o)
                                0x246 (size before relaxing)
 .debug_str     0x00002929       0x81 .\CortexM0p\ARM_GCC_541\Debug\Design01.a(Buzzer.o)
                                0x23f (size before relaxing)
 .debug_str     0x000029aa      0x14b .\CortexM0p\ARM_GCC_541\Debug\Design01.a(CapSense_ISR.o)
                                0x34e (size before relaxing)
 .debug_str     0x00002af5      0x46d .\CortexM0p\ARM_GCC_541\Debug\Design01.a(CyLib.o)
                                0x70d (size before relaxing)
 .debug_str     0x00002f62      0x2d0 .\CortexM0p\ARM_GCC_541\Debug\Design01.a(CyLFClk.o)
                                0x4bc (size before relaxing)
 .debug_str     0x00003232       0xa4 .\CortexM0p\ARM_GCC_541\Debug\Design01.a(CapSense_INT.o)
                                0x6f2 (size before relaxing)
 .debug_str     0x000032d6      0x11d .\CortexM0p\ARM_GCC_541\Debug\Design01.a(CyFlash.o)
                                0x324 (size before relaxing)

.debug_loc      0x00000000     0x43f1
 *(.debug_loc)
 .debug_loc     0x00000000      0x18e .\CortexM0p\ARM_GCC_541\Debug\sys.o
 .debug_loc     0x0000018e       0x77 .\CortexM0p\ARM_GCC_541\Debug\sysTick.o
 .debug_loc     0x00000205      0x291 .\CortexM0p\ARM_GCC_541\Debug\touchBtn_ADC.o
 .debug_loc     0x00000496       0x2a .\CortexM0p\ARM_GCC_541\Debug\main.o
 .debug_loc     0x000004c0       0x35 .\CortexM0p\ARM_GCC_541\Debug\cyfitter_cfg.o
 .debug_loc     0x000004f5      0x14f .\CortexM0p\ARM_GCC_541\Debug\Cm0plusStart.o
 .debug_loc     0x00000644      0x12d .\CortexM0p\ARM_GCC_541\Debug\Design01.a(SW_Tx_UART.o)
 .debug_loc     0x00000771       0x81 .\CortexM0p\ARM_GCC_541\Debug\Design01.a(LED_RO.o)
 .debug_loc     0x000007f2       0xa2 .\CortexM0p\ARM_GCC_541\Debug\Design01.a(LED_COLD.o)
 .debug_loc     0x00000894       0xa2 .\CortexM0p\ARM_GCC_541\Debug\Design01.a(LED_HOT.o)
 .debug_loc     0x00000936       0xa2 .\CortexM0p\ARM_GCC_541\Debug\Design01.a(LED_LOCK.o)
 .debug_loc     0x000009d8       0xa2 .\CortexM0p\ARM_GCC_541\Debug\Design01.a(VL1.o)
 .debug_loc     0x00000a7a       0xa2 .\CortexM0p\ARM_GCC_541\Debug\Design01.a(VL2.o)
 .debug_loc     0x00000b1c       0x81 .\CortexM0p\ARM_GCC_541\Debug\Design01.a(VL3.o)
 .debug_loc     0x00000b9d      0x40e .\CortexM0p\ARM_GCC_541\Debug\Design01.a(CapSense_Control.o)
 .debug_loc     0x00000fab      0x52e .\CortexM0p\ARM_GCC_541\Debug\Design01.a(CapSense_Processing.o)
 .debug_loc     0x000014d9      0x3ad .\CortexM0p\ARM_GCC_541\Debug\Design01.a(CapSense_Structure.o)
 .debug_loc     0x00001886      0x176 .\CortexM0p\ARM_GCC_541\Debug\Design01.a(CapSense_Tuner.o)
 .debug_loc     0x000019fc      0x5d8 .\CortexM0p\ARM_GCC_541\Debug\Design01.a(CapSense_Filter.o)
 .debug_loc     0x00001fd4      0x7d2 .\CortexM0p\ARM_GCC_541\Debug\Design01.a(CapSense_Sensing.o)
 .debug_loc     0x000027a6      0x87a .\CortexM0p\ARM_GCC_541\Debug\Design01.a(CapSense_SensingCSD_LL.o)
 .debug_loc     0x00003020      0x42f .\CortexM0p\ARM_GCC_541\Debug\Design01.a(CapSense_Adc.o)
 .debug_loc     0x0000344f      0x223 .\CortexM0p\ARM_GCC_541\Debug\Design01.a(CapSense_Adc_INT.o)
 .debug_loc     0x00003672       0xa2 .\CortexM0p\ARM_GCC_541\Debug\Design01.a(COLD_K1.o)
 .debug_loc     0x00003714       0xa2 .\CortexM0p\ARM_GCC_541\Debug\Design01.a(Buzzer.o)
 .debug_loc     0x000037b6       0x82 .\CortexM0p\ARM_GCC_541\Debug\Design01.a(CapSense_ISR.o)
 .debug_loc     0x00003838      0x5d9 .\CortexM0p\ARM_GCC_541\Debug\Design01.a(CyLib.o)
 .debug_loc     0x00003e11      0x354 .\CortexM0p\ARM_GCC_541\Debug\Design01.a(CyLFClk.o)
 .debug_loc     0x00004165       0xcf .\CortexM0p\ARM_GCC_541\Debug\Design01.a(CapSense_INT.o)
 .debug_loc     0x00004234      0x1bd .\CortexM0p\ARM_GCC_541\Debug\Design01.a(CyFlash.o)

.debug_macinfo
 *(.debug_macinfo)

.debug_ranges   0x00000000      0xa60
 *(.debug_ranges)
 .debug_ranges  0x00000000       0x10 .\CortexM0p\ARM_GCC_541\Debug\softDebug.o
 .debug_ranges  0x00000010       0xb0 .\CortexM0p\ARM_GCC_541\Debug\sys.o
 .debug_ranges  0x000000c0       0x18 .\CortexM0p\ARM_GCC_541\Debug\sysTick.o
 .debug_ranges  0x000000d8       0x48 .\CortexM0p\ARM_GCC_541\Debug\touchBtn_ADC.o
 .debug_ranges  0x00000120       0x18 .\CortexM0p\ARM_GCC_541\Debug\main.o
 .debug_ranges  0x00000138       0x28 .\CortexM0p\ARM_GCC_541\Debug\cyfitter_cfg.o
 .debug_ranges  0x00000160       0x38 .\CortexM0p\ARM_GCC_541\Debug\Cm0plusStart.o
 .debug_ranges  0x00000198       0x40 .\CortexM0p\ARM_GCC_541\Debug\Design01.a(SW_Tx_UART.o)
 .debug_ranges  0x000001d8       0x38 .\CortexM0p\ARM_GCC_541\Debug\Design01.a(LED_RO.o)
 .debug_ranges  0x00000210       0x38 .\CortexM0p\ARM_GCC_541\Debug\Design01.a(LED_COLD.o)
 .debug_ranges  0x00000248       0x38 .\CortexM0p\ARM_GCC_541\Debug\Design01.a(LED_HOT.o)
 .debug_ranges  0x00000280       0x38 .\CortexM0p\ARM_GCC_541\Debug\Design01.a(LED_LOCK.o)
 .debug_ranges  0x000002b8       0x38 .\CortexM0p\ARM_GCC_541\Debug\Design01.a(VL1.o)
 .debug_ranges  0x000002f0       0x38 .\CortexM0p\ARM_GCC_541\Debug\Design01.a(VL2.o)
 .debug_ranges  0x00000328       0x38 .\CortexM0p\ARM_GCC_541\Debug\Design01.a(VL3.o)
 .debug_ranges  0x00000360       0x58 .\CortexM0p\ARM_GCC_541\Debug\Design01.a(CapSense_Control.o)
 .debug_ranges  0x000003b8       0x38 .\CortexM0p\ARM_GCC_541\Debug\Design01.a(CapSense_Processing.o)
 .debug_ranges  0x000003f0       0x48 .\CortexM0p\ARM_GCC_541\Debug\Design01.a(CapSense_Structure.o)
 .debug_ranges  0x00000438       0x18 .\CortexM0p\ARM_GCC_541\Debug\Design01.a(CapSense_Tuner.o)
 .debug_ranges  0x00000450       0x60 .\CortexM0p\ARM_GCC_541\Debug\Design01.a(CapSense_Filter.o)
 .debug_ranges  0x000004b0       0xd0 .\CortexM0p\ARM_GCC_541\Debug\Design01.a(CapSense_Sensing.o)
 .debug_ranges  0x00000580       0xc0 .\CortexM0p\ARM_GCC_541\Debug\Design01.a(CapSense_SensingCSD_LL.o)
 .debug_ranges  0x00000640       0x88 .\CortexM0p\ARM_GCC_541\Debug\Design01.a(CapSense_Adc.o)
 .debug_ranges  0x000006c8       0x10 .\CortexM0p\ARM_GCC_541\Debug\Design01.a(CapSense_Adc_INT.o)
 .debug_ranges  0x000006d8       0x38 .\CortexM0p\ARM_GCC_541\Debug\Design01.a(COLD_K1.o)
 .debug_ranges  0x00000710       0x38 .\CortexM0p\ARM_GCC_541\Debug\Design01.a(Buzzer.o)
 .debug_ranges  0x00000748       0x70 .\CortexM0p\ARM_GCC_541\Debug\Design01.a(CapSense_ISR.o)
 .debug_ranges  0x000007b8      0x180 .\CortexM0p\ARM_GCC_541\Debug\Design01.a(CyLib.o)
 .debug_ranges  0x00000938       0xc8 .\CortexM0p\ARM_GCC_541\Debug\Design01.a(CyLFClk.o)
 .debug_ranges  0x00000a00       0x28 .\CortexM0p\ARM_GCC_541\Debug\Design01.a(CapSense_INT.o)
 .debug_ranges  0x00000a28       0x38 .\CortexM0p\ARM_GCC_541\Debug\Design01.a(CyFlash.o)

.comment        0x00000000       0x6e
 .comment       0x00000000       0x6e .\CortexM0p\ARM_GCC_541\Debug\softDebug.o
                                 0x6f (size before relaxing)
 .comment       0x0000006e       0x6f .\CortexM0p\ARM_GCC_541\Debug\sys.o
 .comment       0x0000006e       0x6f .\CortexM0p\ARM_GCC_541\Debug\sysTick.o
 .comment       0x0000006e       0x6f .\CortexM0p\ARM_GCC_541\Debug\touchBtn_ADC.o
 .comment       0x0000006e       0x6f .\CortexM0p\ARM_GCC_541\Debug\main.o
 .comment       0x0000006e       0x6f .\CortexM0p\ARM_GCC_541\Debug\cyfitter_cfg.o
 .comment       0x0000006e       0x6f .\CortexM0p\ARM_GCC_541\Debug\cymetadata.o
 .comment       0x0000006e       0x6f .\CortexM0p\ARM_GCC_541\Debug\Cm0plusStart.o
 .comment       0x0000006e       0x6f .\CortexM0p\ARM_GCC_541\Debug\Design01.a(SW_Tx_UART.o)
 .comment       0x0000006e       0x6f .\CortexM0p\ARM_GCC_541\Debug\Design01.a(LED_RO.o)
 .comment       0x0000006e       0x6f .\CortexM0p\ARM_GCC_541\Debug\Design01.a(LED_COLD.o)
 .comment       0x0000006e       0x6f .\CortexM0p\ARM_GCC_541\Debug\Design01.a(LED_HOT.o)
 .comment       0x0000006e       0x6f .\CortexM0p\ARM_GCC_541\Debug\Design01.a(LED_LOCK.o)
 .comment       0x0000006e       0x6f .\CortexM0p\ARM_GCC_541\Debug\Design01.a(VL1.o)
 .comment       0x0000006e       0x6f .\CortexM0p\ARM_GCC_541\Debug\Design01.a(VL2.o)
 .comment       0x0000006e       0x6f .\CortexM0p\ARM_GCC_541\Debug\Design01.a(VL3.o)
 .comment       0x0000006e       0x6f .\CortexM0p\ARM_GCC_541\Debug\Design01.a(CapSense_Control.o)
 .comment       0x0000006e       0x6f .\CortexM0p\ARM_GCC_541\Debug\Design01.a(CapSense_Processing.o)
 .comment       0x0000006e       0x6f .\CortexM0p\ARM_GCC_541\Debug\Design01.a(CapSense_Structure.o)
 .comment       0x0000006e       0x6f .\CortexM0p\ARM_GCC_541\Debug\Design01.a(CapSense_Tuner.o)
 .comment       0x0000006e       0x6f .\CortexM0p\ARM_GCC_541\Debug\Design01.a(CapSense_Filter.o)
 .comment       0x0000006e       0x6f .\CortexM0p\ARM_GCC_541\Debug\Design01.a(CapSense_Sensing.o)
 .comment       0x0000006e       0x6f .\CortexM0p\ARM_GCC_541\Debug\Design01.a(CapSense_SensingCSD_LL.o)
 .comment       0x0000006e       0x6f .\CortexM0p\ARM_GCC_541\Debug\Design01.a(CapSense_Adc.o)
 .comment       0x0000006e       0x6f .\CortexM0p\ARM_GCC_541\Debug\Design01.a(CapSense_Adc_INT.o)
 .comment       0x0000006e       0x6f .\CortexM0p\ARM_GCC_541\Debug\Design01.a(COLD_K1.o)
 .comment       0x0000006e       0x6f .\CortexM0p\ARM_GCC_541\Debug\Design01.a(Buzzer.o)
 .comment       0x0000006e       0x6f .\CortexM0p\ARM_GCC_541\Debug\Design01.a(CapSense_ISR.o)
 .comment       0x0000006e       0x6f .\CortexM0p\ARM_GCC_541\Debug\Design01.a(CyLib.o)
 .comment       0x0000006e       0x6f .\CortexM0p\ARM_GCC_541\Debug\Design01.a(CyLFClk.o)
 .comment       0x0000006e       0x6f .\CortexM0p\ARM_GCC_541\Debug\Design01.a(CapSense_INT.o)
 .comment       0x0000006e       0x6f .\CortexM0p\ARM_GCC_541\Debug\Design01.a(CyFlash.o)

.debug_weaknames
 *(.debug_weaknames)

.debug_funcnames
 *(.debug_funcnames)

.debug_typenames
 *(.debug_typenames)

.debug_varnames
 *(.debug_varnames)

.note.gnu.arm.ident
 *(.note.gnu.arm.ident)

.ARM.attributes
                0x00000000       0x28
 *(.ARM.attributes)
 .ARM.attributes
                0x00000000       0x1e e:/psoc creator/4.3/psoc creator/import/gnu/arm/5.4.1/bin/../lib/gcc/arm-none-eabi/5.4.1/armv6-m/crti.o
 .ARM.attributes
                0x0000001e       0x2c e:/psoc creator/4.3/psoc creator/import/gnu/arm/5.4.1/bin/../lib/gcc/arm-none-eabi/5.4.1/armv6-m/crtbegin.o
 .ARM.attributes
                0x0000004a       0x1b e:/psoc creator/4.3/psoc creator/import/gnu/arm/5.4.1/bin/../lib/gcc/arm-none-eabi/5.4.1/../../../../arm-none-eabi/lib/armv6-m/crt0.o
 .ARM.attributes
                0x00000065       0x32 .\CortexM0p\ARM_GCC_541\Debug\softDebug.o
 .ARM.attributes
                0x00000097       0x32 .\CortexM0p\ARM_GCC_541\Debug\sys.o
 .ARM.attributes
                0x000000c9       0x32 .\CortexM0p\ARM_GCC_541\Debug\sysTick.o
 .ARM.attributes
                0x000000fb       0x32 .\CortexM0p\ARM_GCC_541\Debug\touchBtn_ADC.o
 .ARM.attributes
                0x0000012d       0x32 .\CortexM0p\ARM_GCC_541\Debug\main.o
 .ARM.attributes
                0x0000015f       0x32 .\CortexM0p\ARM_GCC_541\Debug\cyfitter_cfg.o
 .ARM.attributes
                0x00000191       0x32 .\CortexM0p\ARM_GCC_541\Debug\cymetadata.o
 .ARM.attributes
                0x000001c3       0x32 .\CortexM0p\ARM_GCC_541\Debug\Cm0plusStart.o
 .ARM.attributes
                0x000001f5       0x32 .\CortexM0p\ARM_GCC_541\Debug\Design01.a(SW_Tx_UART.o)
 .ARM.attributes
                0x00000227       0x32 .\CortexM0p\ARM_GCC_541\Debug\Design01.a(LED_RO.o)
 .ARM.attributes
                0x00000259       0x32 .\CortexM0p\ARM_GCC_541\Debug\Design01.a(LED_COLD.o)
 .ARM.attributes
                0x0000028b       0x32 .\CortexM0p\ARM_GCC_541\Debug\Design01.a(LED_HOT.o)
 .ARM.attributes
                0x000002bd       0x32 .\CortexM0p\ARM_GCC_541\Debug\Design01.a(LED_LOCK.o)
 .ARM.attributes
                0x000002ef       0x32 .\CortexM0p\ARM_GCC_541\Debug\Design01.a(VL1.o)
 .ARM.attributes
                0x00000321       0x32 .\CortexM0p\ARM_GCC_541\Debug\Design01.a(VL2.o)
 .ARM.attributes
                0x00000353       0x32 .\CortexM0p\ARM_GCC_541\Debug\Design01.a(VL3.o)
 .ARM.attributes
                0x00000385       0x32 .\CortexM0p\ARM_GCC_541\Debug\Design01.a(CapSense_Control.o)
 .ARM.attributes
                0x000003b7       0x32 .\CortexM0p\ARM_GCC_541\Debug\Design01.a(CapSense_Processing.o)
 .ARM.attributes
                0x000003e9       0x32 .\CortexM0p\ARM_GCC_541\Debug\Design01.a(CapSense_Structure.o)
 .ARM.attributes
                0x0000041b       0x32 .\CortexM0p\ARM_GCC_541\Debug\Design01.a(CapSense_Tuner.o)
 .ARM.attributes
                0x0000044d       0x32 .\CortexM0p\ARM_GCC_541\Debug\Design01.a(CapSense_Filter.o)
 .ARM.attributes
                0x0000047f       0x32 .\CortexM0p\ARM_GCC_541\Debug\Design01.a(CapSense_Sensing.o)
 .ARM.attributes
                0x000004b1       0x32 .\CortexM0p\ARM_GCC_541\Debug\Design01.a(CapSense_SensingCSD_LL.o)
 .ARM.attributes
                0x000004e3       0x32 .\CortexM0p\ARM_GCC_541\Debug\Design01.a(CapSense_Adc.o)
 .ARM.attributes
                0x00000515       0x32 .\CortexM0p\ARM_GCC_541\Debug\Design01.a(CapSense_Adc_INT.o)
 .ARM.attributes
                0x00000547       0x32 .\CortexM0p\ARM_GCC_541\Debug\Design01.a(COLD_K1.o)
 .ARM.attributes
                0x00000579       0x32 .\CortexM0p\ARM_GCC_541\Debug\Design01.a(Buzzer.o)
 .ARM.attributes
                0x000005ab       0x32 .\CortexM0p\ARM_GCC_541\Debug\Design01.a(CapSense_ISR.o)
 .ARM.attributes
                0x000005dd       0x32 .\CortexM0p\ARM_GCC_541\Debug\Design01.a(CyLib.o)
 .ARM.attributes
                0x0000060f       0x32 .\CortexM0p\ARM_GCC_541\Debug\Design01.a(CyLFClk.o)
 .ARM.attributes
                0x00000641       0x22 .\CortexM0p\ARM_GCC_541\Debug\Design01.a(SW_Tx_UART_AsmGnu.o)
 .ARM.attributes
                0x00000663       0x22 .\CortexM0p\ARM_GCC_541\Debug\Design01.a(CyBootAsmGnu.o)
 .ARM.attributes
                0x00000685       0x32 .\CortexM0p\ARM_GCC_541\Debug\Design01.a(CapSense_INT.o)
 .ARM.attributes
                0x000006b7       0x32 .\CortexM0p\ARM_GCC_541\Debug\Design01.a(CyFlash.o)
 .ARM.attributes
                0x000006e9       0x1e e:/psoc creator/4.3/psoc creator/import/gnu/arm/5.4.1/bin/../lib/gcc/arm-none-eabi/5.4.1/armv6-m\libgcc.a(_udivsi3.o)
 .ARM.attributes
                0x00000707       0x1e e:/psoc creator/4.3/psoc creator/import/gnu/arm/5.4.1/bin/../lib/gcc/arm-none-eabi/5.4.1/armv6-m\libgcc.a(_divsi3.o)
 .ARM.attributes
                0x00000725       0x1e e:/psoc creator/4.3/psoc creator/import/gnu/arm/5.4.1/bin/../lib/gcc/arm-none-eabi/5.4.1/armv6-m\libgcc.a(_dvmd_tls.o)
 .ARM.attributes
                0x00000743       0x2c e:/psoc creator/4.3/psoc creator/import/gnu/arm/5.4.1/bin/../lib/gcc/arm-none-eabi/5.4.1/../../../../arm-none-eabi/lib/armv6-m\libg_nano.a(lib_a-errno.o)
 .ARM.attributes
                0x0000076f       0x2c e:/psoc creator/4.3/psoc creator/import/gnu/arm/5.4.1/bin/../lib/gcc/arm-none-eabi/5.4.1/../../../../arm-none-eabi/lib/armv6-m\libg_nano.a(lib_a-exit.o)
 .ARM.attributes
                0x0000079b       0x2c e:/psoc creator/4.3/psoc creator/import/gnu/arm/5.4.1/bin/../lib/gcc/arm-none-eabi/5.4.1/../../../../arm-none-eabi/lib/armv6-m\libg_nano.a(lib_a-impure.o)
 .ARM.attributes
                0x000007c7       0x2c e:/psoc creator/4.3/psoc creator/import/gnu/arm/5.4.1/bin/../lib/gcc/arm-none-eabi/5.4.1/../../../../arm-none-eabi/lib/armv6-m\libg_nano.a(lib_a-init.o)
 .ARM.attributes
                0x000007f3       0x2c e:/psoc creator/4.3/psoc creator/import/gnu/arm/5.4.1/bin/../lib/gcc/arm-none-eabi/5.4.1/../../../../arm-none-eabi/lib/armv6-m\libg_nano.a(lib_a-memcpy-stub.o)
 .ARM.attributes
                0x0000081f       0x2c e:/psoc creator/4.3/psoc creator/import/gnu/arm/5.4.1/bin/../lib/gcc/arm-none-eabi/5.4.1/../../../../arm-none-eabi/lib/armv6-m\libg_nano.a(lib_a-memset.o)
 .ARM.attributes
                0x0000084b       0x2c e:/psoc creator/4.3/psoc creator/import/gnu/arm/5.4.1/bin/../lib/gcc/arm-none-eabi/5.4.1/../../../../arm-none-eabi/lib/armv6-m\libg_nano.a(lib_a-vsprintf.o)
 .ARM.attributes
                0x00000877       0x2c e:/psoc creator/4.3/psoc creator/import/gnu/arm/5.4.1/bin/../lib/gcc/arm-none-eabi/5.4.1/../../../../arm-none-eabi/lib/armv6-m\libg_nano.a(lib_a-nano-svfprintf.o)
 .ARM.attributes
                0x000008a3       0x2c e:/psoc creator/4.3/psoc creator/import/gnu/arm/5.4.1/bin/../lib/gcc/arm-none-eabi/5.4.1/../../../../arm-none-eabi/lib/armv6-m\libg_nano.a(lib_a-nano-vfprintf_i.o)
 .ARM.attributes
                0x000008cf       0x2c e:/psoc creator/4.3/psoc creator/import/gnu/arm/5.4.1/bin/../lib/gcc/arm-none-eabi/5.4.1/../../../../arm-none-eabi/lib/armv6-m\libg_nano.a(lib_a-memchr-stub.o)
 .ARM.attributes