Archive member included to satisfy reference by file (symbol)

.\CortexM0p\ARM_GCC_541\Debug\Design01.a(SW_Tx_UART.o)
                              .\CortexM0p\ARM_GCC_541\Debug\softDebug.o (SW_Tx_UART_PutString)
.\CortexM0p\ARM_GCC_541\Debug\Design01.a(LED_RO.o)
                              .\CortexM0p\ARM_GCC_541\Debug\sys.o (LED_RO_Write)
.\CortexM0p\ARM_GCC_541\Debug\Design01.a(LED_COLD.o)
                              .\CortexM0p\ARM_GCC_541\Debug\sys.o (LED_COLD_Write)
.\CortexM0p\ARM_GCC_541\Debug\Design01.a(LED_HOT.o)
                              .\CortexM0p\ARM_GCC_541\Debug\sys.o (LED_HOT_Write)
.\CortexM0p\ARM_GCC_541\Debug\Design01.a(LED_LOCK.o)
                              .\CortexM0p\ARM_GCC_541\Debug\sys.o (LED_LOCK_Write)
.\CortexM0p\ARM_GCC_541\Debug\Design01.a(VL1.o)
                              .\CortexM0p\ARM_GCC_541\Debug\sys.o (VL1_Write)
.\CortexM0p\ARM_GCC_541\Debug\Design01.a(VL2.o)
                              .\CortexM0p\ARM_GCC_541\Debug\sys.o (VL2_Write)
.\CortexM0p\ARM_GCC_541\Debug\Design01.a(VL3.o)
                              .\CortexM0p\ARM_GCC_541\Debug\sys.o (VL3_Write)
.\CortexM0p\ARM_GCC_541\Debug\Design01.a(CapSense_Control.o)
                              .\CortexM0p\ARM_GCC_541\Debug\touchBtn_ADC.o (CapSense_Start)
.\CortexM0p\ARM_GCC_541\Debug\Design01.a(CapSense_Processing.o)
                              .\CortexM0p\ARM_GCC_541\Debug\Design01.a(CapSense_Control.o) (CapSense_DpInitialize)
.\CortexM0p\ARM_GCC_541\Debug\Design01.a(CapSense_Structure.o)
                              .\CortexM0p\ARM_GCC_541\Debug\touchBtn_ADC.o (CapSense_dsRam)
.\CortexM0p\ARM_GCC_541\Debug\Design01.a(CapSense_Tuner.o)
                              .\CortexM0p\ARM_GCC_541\Debug\Design01.a(CapSense_Control.o) (CapSense_TuInitialize)
.\CortexM0p\ARM_GCC_541\Debug\Design01.a(CapSense_Filter.o)
                              .\CortexM0p\ARM_GCC_541\Debug\Design01.a(CapSense_Control.o) (CapSense_FtInitialize)
.\CortexM0p\ARM_GCC_541\Debug\Design01.a(CapSense_Sensing.o)
                              .\CortexM0p\ARM_GCC_541\Debug\touchBtn_ADC.o (CapSense_IsBusy)
.\CortexM0p\ARM_GCC_541\Debug\Design01.a(CapSense_SensingCSD_LL.o)
                              .\CortexM0p\ARM_GCC_541\Debug\Design01.a(CapSense_Sensing.o) (CapSense_SsCSDInitialize)
.\CortexM0p\ARM_GCC_541\Debug\Design01.a(CapSense_Adc.o)
                              .\CortexM0p\ARM_GCC_541\Debug\touchBtn_ADC.o (CapSense_AdcIsBusy)
.\CortexM0p\ARM_GCC_541\Debug\Design01.a(CapSense_Adc_INT.o)
                              .\CortexM0p\ARM_GCC_541\Debug\Design01.a(CapSense_Adc.o) (CapSense_AdcIntrHandler)
.\CortexM0p\ARM_GCC_541\Debug\Design01.a(COLD_K1.o)
                              .\CortexM0p\ARM_GCC_541\Debug\touchBtn_ADC.o (COLD_K1_Write)
.\CortexM0p\ARM_GCC_541\Debug\Design01.a(Buzzer.o)
                              .\CortexM0p\ARM_GCC_541\Debug\sys.o (Buzzer_Write)
.\CortexM0p\ARM_GCC_541\Debug\Design01.a(CapSense_ISR.o)
                              .\CortexM0p\ARM_GCC_541\Debug\Design01.a(CapSense_Sensing.o) (CapSense_ISR_StartEx)
.\CortexM0p\ARM_GCC_541\Debug\Design01.a(CyLib.o)
                              .\CortexM0p\ARM_GCC_541\Debug\Design01.a(CapSense_SensingCSD_LL.o) (CyIntEnable)
.\CortexM0p\ARM_GCC_541\Debug\Design01.a(CyLFClk.o)
                              .\CortexM0p\ARM_GCC_541\Debug\Design01.a(CyLib.o) (CySysClkWcoEnabled)
.\CortexM0p\ARM_GCC_541\Debug\Design01.a(SW_Tx_UART_AsmGnu.o)
                              .\CortexM0p\ARM_GCC_541\Debug\Design01.a(SW_Tx_UART.o) (SW_Tx_UART_PutChar)
.\CortexM0p\ARM_GCC_541\Debug\Design01.a(CyBootAsmGnu.o)
                              .\CortexM0p\ARM_GCC_541\Debug\Design01.a(CyLib.o) (CyDelayCycles)
.\CortexM0p\ARM_GCC_541\Debug\Design01.a(CapSense_INT.o)
                              .\CortexM0p\ARM_GCC_541\Debug\Design01.a(CapSense_SensingCSD_LL.o) (CapSense_CSDPostSingleScan)
.\CortexM0p\ARM_GCC_541\Debug\Design01.a(CyFlash.o)
                              .\CortexM0p\ARM_GCC_541\Debug\Design01.a(CyLib.o) (CySysFlashSetWaitCycles)
e:/psoc creator/4.3/psoc creator/import/gnu/arm/5.4.1/bin/../lib/gcc/arm-none-eabi/5.4.1/armv6-m\libgcc.a(_udivsi3.o)
                              .\CortexM0p\ARM_GCC_541\Debug\Design01.a(CapSense_Sensing.o) (__aeabi_uidiv)
e:/psoc creator/4.3/psoc creator/import/gnu/arm/5.4.1/bin/../lib/gcc/arm-none-eabi/5.4.1/armv6-m\libgcc.a(_divsi3.o)
                              .\CortexM0p\ARM_GCC_541\Debug\Design01.a(CapSense_Adc_INT.o) (__aeabi_idiv)
e:/psoc creator/4.3/psoc creator/import/gnu/arm/5.4.1/bin/../lib/gcc/arm-none-eabi/5.4.1/armv6-m\libgcc.a(_dvmd_tls.o)
                              e:/psoc creator/4.3/psoc creator/import/gnu/arm/5.4.1/bin/../lib/gcc/arm-none-eabi/5.4.1/armv6-m\libgcc.a(_udivsi3.o) (__aeabi_idiv0)
e:/psoc creator/4.3/psoc creator/import/gnu/arm/5.4.1/bin/../lib/gcc/arm-none-eabi/5.4.1/../../../../arm-none-eabi/lib/armv6-m\libg_nano.a(lib_a-errno.o)
[...]
Memory Configuration

Name             Origin             Length             Attributes
rom              0x00000000         0x00008000         xr
ram              0x20000000         0x00001000         xrw
*default*        0x00000000         0xffffffff

Linker script and memory map

LOAD e:/psoc creator/4.3/psoc creator/import/gnu/arm/5.4.1/bin/../lib/gcc/arm-none-eabi/5.4.1/armv6-m/crti.o
LOAD e:/psoc creator/4.3/psoc creator/import/gnu/arm/5.4.1/bin/../lib/gcc/arm-none-eabi/5.4.1/armv6-m/crtbegin.o
LOAD e:/psoc creator/4.3/psoc creator/import/gnu/arm/5.4.1/bin/../lib/gcc/arm-none-eabi/5.4.1/../../../../arm-none-eabi/lib/armv6-m/crt0.o
START GROUP
LOAD .\CortexM0p\ARM_GCC_541\Debug\softDebug.o
LOAD .\CortexM0p\ARM_GCC_541\Debug\sys.o
LOAD .\CortexM0p\ARM_GCC_541\Debug\sysTick.o
LOAD .\CortexM0p\ARM_GCC_541\Debug\touchBtn_ADC.o
LOAD .\CortexM0p\ARM_GCC_541\Debug\main.o
LOAD .\CortexM0p\ARM_GCC_541\Debug\cyfitter_cfg.o
LOAD .\CortexM0p\ARM_GCC_541\Debug\cymetadata.o
LOAD .\CortexM0p\ARM_GCC_541\Debug\Cm0plusStart.o
LOAD .\CortexM0p\ARM_GCC_541\Debug\Design01.a
LOAD E:\PSoC Creator\4.3\PSoC Creator\psoc\content\CyComponentLibrary\CyComponentLibrary.cylib\CapSense_P4_v5_0\PSoC4\Library\Capsense_P4Library_GCCp.a
END GROUP
START GROUP
LOAD e:/psoc creator/4.3/psoc creator/import/gnu/arm/5.4.1/bin/../lib/gcc/arm-none-eabi/5.4.1/armv6-m\libgcc.a
LOAD e:/psoc creator/4.3/psoc creator/import/gnu/arm/5.4.1/bin/../lib/gcc/arm-none-eabi/5.4.1/../../../../arm-none-eabi/lib/armv6-m\libg_nano.a
LOAD e:/psoc creator/4.3/psoc creator/import/gnu/arm/5.4.1/bin/../lib/gcc/arm-none-eabi/5.4.1/../../../../arm-none-eabi/lib/armv6-m\libc_nano.a
END GROUP
START GROUP
LOAD e:/psoc creator/4.3/psoc creator/import/gnu/arm/5.4.1/bin/../lib/gcc/arm-none-eabi/5.4.1/armv6-m\libgcc.a
LOAD e:/psoc creator/4.3/psoc creator/import/gnu/arm/5.4.1/bin/../lib/gcc/arm-none-eabi/5.4.1/../../../../arm-none-eabi/lib/armv6-m\libc_nano.a
END GROUP
LOAD e:/psoc creator/4.3/psoc creator/import/gnu/arm/5.4.1/bin/../lib/gcc/arm-none-eabi/5.4.1/armv6-m/crtend.o
LOAD e:/psoc creator/4.3/psoc creator/import/gnu/arm/5.4.1/bin/../lib/gcc/arm-none-eabi/5.4.1/armv6-m/crtn.o
START GROUP
LOAD e:/psoc creator/4.3/psoc creator/import/gnu/arm/5.4.1/bin/../lib/gcc/arm-none-eabi/5.4.1/armv6-m\libgcc.a
LOAD e:/psoc creator/4.3/psoc creator/import/gnu/arm/5.4.1/bin/../lib/gcc/arm-none-eabi/5.4.1/../../../../arm-none-eabi/lib/armv6-m\libc.a
LOAD e:/psoc creator/4.3/psoc creator/import/gnu/arm/5.4.1/bin/../lib/gcc/arm-none-eabi/5.4.1/../../../../arm-none-eabi/lib/armv6-m\libnosys.a
END GROUP
                0x00000000                CY_APPL_ORIGIN = 0x0
                0x00000080                CY_FLASH_ROW_SIZE = 0x80
                0x00000001                CY_APPL_NUM = 0x1
                0x00000001                CY_APPL_MAX = 0x1
                0x00000040                CY_METADATA_SIZE = 0x40
                0x00000000                CY_APPL_LOADABLE = 0x0
                0x00000000                CY_CHECKSUM_EXCLUDE_SIZE = ALIGN (0x0, CY_FLASH_ROW_SIZE)
                0x00000000                CY_APP_FOR_STACK_AND_COPIER = 0x0
                [!provide]                PROVIDE (__cy_heap_start, _end)
                0x00000001                PROVIDE (__cy_region_num, ((__cy_regions_end - __cy_regions) / 0x10))
                0x20001000                PROVIDE (__cy_stack, (ORIGIN (ram) + LENGTH (ram)))
                [!provide]                PROVIDE (__cy_heap_end, (__cy_stack - 0x400))

.cybootloader   0x00000000        0x0
 *(.cybootloader)
                0x00000000                appl1_start = CY_APPL_ORIGIN?CY_APPL_ORIGIN:ALIGN (CY_FLASH_ROW_SIZE)
                0x00003f80                appl2_start = (appl1_start + ALIGN ((((LENGTH (rom) - appl1_start) - (0x2 * CY_FLASH_ROW_SIZE)) / 0x2), CY_FLASH_ROW_SIZE))
                0x00000000                appl_start = (CY_APPL_NUM == 0x1)?appl1_start:appl2_start
                0x00000001                cy_project_type_bootloader = (appl_start == 0x0)?0x1:0x0
                0x00000000                cy_project_type_app_for_stack_and_copier = (CY_APP_FOR_STACK_AND_COPIER == 0x1)?0x1:0x0

.text           0x00000000     0x3846
 CREATE_OBJECT_SYMBOLS
                0x00000000                PROVIDE (__cy_interrupt_vector, RomVectors)
 *(.romvectors)
 .romvectors    0x00000000       0x10 .\CortexM0p\ARM_GCC_541\Debug\Cm0plusStart.o
                0x00000000                RomVectors
                0x00000001                ASSERT ((. != __cy_interrupt_vector), No interrupt vector)
                0x00000001                ASSERT (CY_APPL_ORIGIN?(SIZEOF (.cybootloader) <= CY_APPL_ORIGIN):0x1, Wrong image location)
                0x00000010                PROVIDE (__cy_reset, Reset)
 *(.text.Reset)
 .text.Reset    0x00000010        0xc .\CortexM0p\ARM_GCC_541\Debug\Cm0plusStart.o
                0x00000010                Reset
                0x00000001                ASSERT ((. != __cy_reset), No reset code)
 *(.psocinit)
 .psocinit      0x0000001c       0xbc .\CortexM0p\ARM_GCC_541\Debug\cyfitter_cfg.o
                0x00000064                cyfitter_cfg
                0x00000100                . = MAX (., 0x100)
 *fill*         0x000000d8       0x28 
 *(.text .text.* .gnu.linkonce.t.*)
 .text          0x00000100       0x60 e:/psoc creator/4.3/psoc creator/import/gnu/arm/5.4.1/bin/../lib/gcc/arm-none-eabi/5.4.1/armv6-m/crtbegin.o
 .text.DEBUG_SW_UART
                0x00000160       0x20 .\CortexM0p\ARM_GCC_541\Debug\softDebug.o
                0x00000160                DEBUG_SW_UART
 .text.enableTestInd
                0x00000180       0x18 .\CortexM0p\ARM_GCC_541\Debug\sys.o
 .text.SwitchState
                0x00000198       0x38 .\CortexM0p\ARM_GCC_541\Debug\sys.o
 .text.disableTestInd
                0x000001d0       0x14 .\CortexM0p\ARM_GCC_541\Debug\sys.o
 .text.Dung_lay_nuoc
                0x000001e4       0x60 .\CortexM0p\ARM_GCC_541\Debug\sys.o
 .text.Lay_nuoc_RO
                0x00000244       0x30 .\CortexM0p\ARM_GCC_541\Debug\sys.o
 .text.Lay_nuoc_COLD
                0x00000274       0x30 .\CortexM0p\ARM_GCC_541\Debug\sys.o
 .text.Lay_nuoc_HOT
                0x000002a4       0x34 .\CortexM0p\ARM_GCC_541\Debug\sys.o
 .text.Lay_nuoc_All
                0x000002d8       0x38 .\CortexM0p\ARM_GCC_541\Debug\sys.o
 .text.Beep     0x00000310       0x18 .\CortexM0p\ARM_GCC_541\Debug\sys.o
 .text.KiemTra_dungLayNuoc
                0x00000328       0x30 .\CortexM0p\ARM_GCC_541\Debug\sys.o
 .text.KiemTra_tuKhoaPhim
                0x00000358       0x44 .\CortexM0p\ARM_GCC_541\Debug\sys.o
 .text.ledLOCKBlinkProcess
                0x0000039c       0x58 .\CortexM0p\ARM_GCC_541\Debug\sys.o
 .text.ledHOTBlinkProcess
                0x000003f4       0x5c .\CortexM0p\ARM_GCC_541\Debug\sys.o
 .text.ledROBlinkProcess
                0x00000450       0x5c .\CortexM0p\ARM_GCC_541\Debug\sys.o
 .text.ledCOLDBlinkProcess
                0x000004ac       0x5c .\CortexM0p\ARM_GCC_541\Debug\sys.o
 .text.ledBlinkProcess
                0x00000508       0x14 .\CortexM0p\ARM_GCC_541\Debug\sys.o
 .text.Sys_init
                0x0000051c       0x3c .\CortexM0p\ARM_GCC_541\Debug\sys.o
                0x0000051c                Sys_init
 .text.Sys_touchPress
                0x00000558       0x8c .\CortexM0p\ARM_GCC_541\Debug\sys.o
                0x00000558                Sys_touchPress
 .text.Sys_touchShortPress
                0x000005e4       0x5c .\CortexM0p\ARM_GCC_541\Debug\sys.o
                0x000005e4                Sys_touchShortPress
 .text.Sys_touchHold
                0x00000640       0x58 .\CortexM0p\ARM_GCC_541\Debug\sys.o
                0x00000640                Sys_touchHold
 .text.Sys_RoColdHold
                0x00000698       0x3c .\CortexM0p\ARM_GCC_541\Debug\sys.o
                0x00000698                Sys_RoColdHold
 .text.Sys_process
                0x000006d4       0x20 .\CortexM0p\ARM_GCC_541\Debug\sys.o
                0x000006d4                Sys_process
 .text.SYSTICK_regSysTickISRCallback
                0x000006f4       0x2c .\CortexM0p\ARM_GCC_541\Debug\sysTick.o
                0x000006f4                SYSTICK_regSysTickISRCallback
 .text.elapstime
                0x00000720        0x4 .\CortexM0p\ARM_GCC_541\Debug\sysTick.o
                0x00000720                elapstime
 .text.getDataMode
                0x00000724       0xac .\CortexM0p\ARM_GCC_541\Debug\touchBtn_ADC.o
 .text.Touch_init
                0x000007d0       0x48 .\CortexM0p\ARM_GCC_541\Debug\touchBtn_ADC.o
                0x000007d0                Touch_init
 .text.Touch_pressEvent
                0x00000818        0x8 .\CortexM0p\ARM_GCC_541\Debug\touchBtn_ADC.o
                0x00000818                Touch_pressEvent
 .text.Touch_holdEvent
                0x00000820       0x20 .\CortexM0p\ARM_GCC_541\Debug\touchBtn_ADC.o
                0x00000820                Touch_holdEvent
 .text.Touch_releaseEvent
                0x00000840       0x20 .\CortexM0p\ARM_GCC_541\Debug\touchBtn_ADC.o
                0x00000840                Touch_releaseEvent
 .text.Touch_process
                0x00000860      0x22c .\CortexM0p\ARM_GCC_541\Debug\touchBtn_ADC.o
                0x00000860                Touch_process
 .text.MF58_init
                0x00000a8c       0x18 .\CortexM0p\ARM_GCC_541\Debug\touchBtn_ADC.o
                0x00000a8c                MF58_init
 .text.MF58_control
                0x00000aa4       0x5c .\CortexM0p\ARM_GCC_541\Debug\touchBtn_ADC.o
                0x00000aa4                MF58_control
 .text.systickInt
                0x00000b00       0x18 .\CortexM0p\ARM_GCC_541\Debug\main.o
 .text.main     0x00000b18       0xa4 .\CortexM0p\ARM_GCC_541\Debug\main.o
                0x00000b18                main
 .text.SetAnalogRoutingPumps
                0x00000bbc       0x38 .\CortexM0p\ARM_GCC_541\Debug\cyfitter_cfg.o
                0x00000bbc                SetAnalogRoutingPumps
 .text.AnalogSetDefault
                0x00000bf4       0x14 .\CortexM0p\ARM_GCC_541\Debug\cyfitter_cfg.o
 .text.IntDefaultHandler
                0x00000c08       0x10 .\CortexM0p\ARM_GCC_541\Debug\Cm0plusStart.o
                0x00000c08                IntDefaultHandler
 .text._sbrk    0x00000c18       0x30 .\CortexM0p\ARM_GCC_541\Debug\Cm0plusStart.o
                0x00000c18                _sbrk
 .text.Start_c  0x00000c48       0x48 .\CortexM0p\ARM_GCC_541\Debug\Cm0plusStart.o
                0x00000c48                Start_c
 .text.initialize_psoc
                0x00000c90       0x40 .\CortexM0p\ARM_GCC_541\Debug\Cm0plusStart.o
                0x00000c90                initialize_psoc
 .text.SW_Tx_UART_PutString
                0x00000cd0       0x1c .\CortexM0p\ARM_GCC_541\Debug\Design01.a(SW_Tx_UART.o)
                0x00000cd0                SW_Tx_UART_PutString
 .text.LED_RO_Write
                0x00000cec       0x18 .\CortexM0p\ARM_GCC_541\Debug\Design01.a(LED_RO.o)
                0x00000cec                LED_RO_Write
 .text.LED_COLD_Write
                0x00000d04       0x18 .\CortexM0p\ARM_GCC_541\Debug\Design01.a(LED_COLD.o)
                0x00000d04                LED_COLD_Write
 .text.LED_HOT_Write
                0x00000d1c       0x18 .\CortexM0p\ARM_GCC_541\Debug\Design01.a(LED_HOT.o)
                0x00000d1c                LED_HOT_Write
 .text.LED_LOCK_Write
                0x00000d34       0x18 .\CortexM0p\ARM_GCC_541\Debug\Design01.a(LED_LOCK.o)
                0x00000d34                LED_LOCK_Write
 .text.VL1_Write
                0x00000d4c       0x18 .\CortexM0p\ARM_GCC_541\Debug\Design01.a(VL1.o)
                0x00000d4c                VL1_Write
 .text.VL2_Write
                0x00000d64       0x18 .\CortexM0p\ARM_GCC_541\Debug\Design01.a(VL2.o)
                0x00000d64                VL2_Write
 .text.VL3_Write
                0x00000d7c       0x18 .\CortexM0p\ARM_GCC_541\Debug\Design01.a(VL3.o)
                0x00000d7c                VL3_Write
 .text.CapSense_Initialize
                0x00000d94       0x28 .\CortexM0p\ARM_GCC_541\Debug\Design01.a(CapSense_Control.o)
                0x00000d94                CapSense_Initialize
 .text.CapSense_Start
                0x00000dbc       0x38 .\CortexM0p\ARM_GCC_541\Debug\Design01.a(CapSense_Control.o)
                0x00000dbc                CapSense_Start
 .text.CapSense_ProcessAllWidgets
                0x00000df4       0x44 .\CortexM0p\ARM_GCC_541\Debug\Design01.a(CapSense_Control.o)
                0x00000df4                CapSense_ProcessAllWidgets
 .text.CapSense_DpInitialize
                0x00000e38       0x58 .\CortexM0p\ARM_GCC_541\Debug\Design01.a(CapSense_Processing.o)
                0x00000e38                CapSense_DpInitialize
 .text.CapSense_DpUpdateDifferences
                0x00000e90       0x18 .\CortexM0p\ARM_GCC_541\Debug\Design01.a(CapSense_Processing.o)
                0x00000e90                CapSense_DpUpdateDifferences
 .text.CapSense_DpProcessCsdWidgetRawCounts
                0x00000ea8       0x3c .\CortexM0p\ARM_GCC_541\Debug\Design01.a(CapSense_Processing.o)
                0x00000ea8                CapSense_DpProcessCsdWidgetRawCounts
 .text.CapSense_DpProcessButton
                0x00000ee4       0x64 .\CortexM0p\ARM_GCC_541\Debug\Design01.a(CapSense_Processing.o)
                0x00000ee4                CapSense_DpProcessButton
 .text.CapSense_DpProcessCsdWidgetStatus
                0x00000f48       0x58 .\CortexM0p\ARM_GCC_541\Debug\Design01.a(CapSense_Processing.o)
                0x00000f48                CapSense_DpProcessCsdWidgetStatus
 .text.CapSense_AdcDsInitialize
                0x00000fa0       0x1c .\CortexM0p\ARM_GCC_541\Debug\Design01.a(CapSense_Structure.o)
                0x00000fa0                CapSense_AdcDsInitialize
 .text.CapSense_DsInitialize
                0x00000fbc       0x74 .\CortexM0p\ARM_GCC_541\Debug\Design01.a(CapSense_Structure.o)
                0x00000fbc                CapSense_DsInitialize
 .text.CapSense_IsWidgetActive
                0x00001030       0x24 .\CortexM0p\ARM_GCC_541\Debug\Design01.a(CapSense_Structure.o)
                0x00001030                CapSense_IsWidgetActive
 .text.CapSense_TuInitialize
                0x00001054       0x14 .\CortexM0p\ARM_GCC_541\Debug\Design01.a(CapSense_Tuner.o)
                0x00001054                CapSense_TuInitialize
 .text.CapSense_FtInitialize
                0x00001068        0x4 .\CortexM0p\ARM_GCC_541\Debug\Design01.a(CapSense_Filter.o)
                0x00001068                CapSense_FtInitialize
 .text.CapSense_FtInitializeBaselineChannel
                0x0000106c       0x20 .\CortexM0p\ARM_GCC_541\Debug\Design01.a(CapSense_Filter.o)
                0x0000106c                CapSense_FtInitializeBaselineChannel
 .text.CapSense_FtInitializeBaseline
                0x0000108c       0x20 .\CortexM0p\ARM_GCC_541\Debug\Design01.a(CapSense_Filter.o)
                0x0000108c                CapSense_FtInitializeBaseline
 .text.CapSense_InitializeSensorBaseline
                0x000010ac       0x2c .\CortexM0p\ARM_GCC_541\Debug\Design01.a(CapSense_Filter.o)
                0x000010ac                CapSense_InitializeSensorBaseline
 .text.CapSense_InitializeWidgetBaseline
                0x000010d8       0x28 .\CortexM0p\ARM_GCC_541\Debug\Design01.a(CapSense_Filter.o)
                0x000010d8                CapSense_InitializeWidgetBaseline
 .text.CapSense_InitializeAllBaselines
                0x00001100       0x18 .\CortexM0p\ARM_GCC_541\Debug\Design01.a(CapSense_Filter.o)
                0x00001100                CapSense_InitializeAllBaselines
 .text.CapSense_FtIIR1stOrder
                0x00001118       0x14 .\CortexM0p\ARM_GCC_541\Debug\Design01.a(CapSense_Filter.o)
                0x00001118                CapSense_FtIIR1stOrder
 .text.CapSense_FtUpdateBaseline
                0x0000112c       0xa0 .\CortexM0p\ARM_GCC_541\Debug\Design01.a(CapSense_Filter.o)
                0x0000112c                CapSense_FtUpdateBaseline
 .text.CapSense_SsCalcLfsrSize
                0x000011cc       0x84 .\CortexM0p\ARM_GCC_541\Debug\Design01.a(CapSense_Sensing.o)
 .text.CapSense_SsCalcLfsrScale
                0x00001250       0x44 .\CortexM0p\ARM_GCC_541\Debug\Design01.a(CapSense_Sensing.o)
 .text.CapSense_SsCSDDisableMode
                0x00001294       0x28 .\CortexM0p\ARM_GCC_541\Debug\Design01.a(CapSense_Sensing.o)
 .text.CapSense_IsBusy
                0x000012bc       0x10 .\CortexM0p\ARM_GCC_541\Debug\Design01.a(CapSense_Sensing.o)
                0x000012bc                CapSense_IsBusy
 .text.CapSense_SetupWidget
                0x000012cc       0x40 .\CortexM0p\ARM_GCC_541\Debug\Design01.a(CapSense_Sensing.o)
                0x000012cc                CapSense_SetupWidget
 .text.CapSense_Scan
                0x0000130c       0x2c .\CortexM0p\ARM_GCC_541\Debug\Design01.a(CapSense_Sensing.o)
                0x0000130c                CapSense_Scan
 .text.CapSense_ScanAllWidgets
                0x00001338       0x48 .\CortexM0p\ARM_GCC_541\Debug\Design01.a(CapSense_Sensing.o)
                0x00001338                CapSense_ScanAllWidgets
 .text.CapSense_SsSwitchSensingMode
                0x00001380       0x50 .\CortexM0p\ARM_GCC_541\Debug\Design01.a(CapSense_Sensing.o)
                0x00001380                CapSense_SsSwitchSensingMode
 .text.CapSense_SsSetIOsInDefaultState
                0x000013d0       0x44 .\CortexM0p\ARM_GCC_541\Debug\Design01.a(CapSense_Sensing.o)
                0x000013d0                CapSense_SsSetIOsInDefaultState
 .text.CapSense_SsReleaseResources
                0x00001414       0x24 .\CortexM0p\ARM_GCC_541\Debug\Design01.a(CapSense_Sensing.o)
                0x00001414                CapSense_SsReleaseResources
 .text.CapSense_SsPostAllWidgetsScan
                0x00001438       0x78 .\CortexM0p\ARM_GCC_541\Debug\Design01.a(CapSense_Sensing.o)
                0x00001438                CapSense_SsPostAllWidgetsScan
 .text.CapSense_SsSetModClkClockDivider
                0x000014b0       0x30 .\CortexM0p\ARM_GCC_541\Debug\Design01.a(CapSense_Sensing.o)
                0x000014b0                CapSense_SsSetModClkClockDivider
 .text.CapSense_CalibrateWidget
                0x000014e0       0x1c .\CortexM0p\ARM_GCC_541\Debug\Design01.a(CapSense_Sensing.o)
                0x000014e0                CapSense_CalibrateWidget
 .text.CapSense_CalibrateAllWidgets
                0x000014fc       0x1c .\CortexM0p\ARM_GCC_541\Debug\Design01.a(CapSense_Sensing.o)
                0x000014fc                CapSense_CalibrateAllWidgets
 .text.CapSense_SsClearCSDSensors
                0x00001518       0x40 .\CortexM0p\ARM_GCC_541\Debug\Design01.a(CapSense_Sensing.o)
                0x00001518                CapSense_SsClearCSDSensors
 .text.CapSense_SsCSDGetColSnsClkDivider
                0x00001558       0x14 .\CortexM0p\ARM_GCC_541\Debug\Design01.a(CapSense_Sensing.o)
                0x00001558                CapSense_SsCSDGetColSnsClkDivider
 .text.CapSense_SsCSDCalcPrsSize
                0x0000156c       0x24 .\CortexM0p\ARM_GCC_541\Debug\Design01.a(CapSense_Sensing.o)
                0x0000156c                CapSense_SsCSDCalcPrsSize
 .text.CapSense_SsSetWidgetSenseClkSrc
                0x00001590       0x3c .\CortexM0p\ARM_GCC_541\Debug\Design01.a(CapSense_Sensing.o)
 .text.CapSense_SsInitializeSourceSenseClk
                0x000015cc       0x24 .\CortexM0p\ARM_GCC_541\Debug\Design01.a(CapSense_Sensing.o)
                0x000015cc                CapSense_SsInitializeSourceSenseClk
 .text.CapSense_SsInitialize
                0x000015f0       0x18 .\CortexM0p\ARM_GCC_541\Debug\Design01.a(CapSense_Sensing.o)
                0x000015f0                CapSense_SsInitialize
 .text.CapSense_BistDischargeExtCapacitors
                0x00001608       0x68 .\CortexM0p\ARM_GCC_541\Debug\Design01.a(CapSense_Sensing.o)
                0x00001608                CapSense_BistDischargeExtCapacitors
 .text.CapSense_SsCSDSetModeSnsClockDivider
                0x00001670       0x10 .\CortexM0p\ARM_GCC_541\Debug\Design01.a(CapSense_SensingCSD_LL.o)
 .text.CapSense_SsCSDSetFilterDelay
                0x00001680       0x54 .\CortexM0p\ARM_GCC_541\Debug\Design01.a(CapSense_SensingCSD_LL.o)
 .text.CapSense_SsCSDConfigIDACs
                0x000016d4       0x1c .\CortexM0p\ARM_GCC_541\Debug\Design01.a(CapSense_SensingCSD_LL.o)
 .text.CapSense_SsCSDSetSingleIdacMode
                0x000016f0       0x2c .\CortexM0p\ARM_GCC_541\Debug\Design01.a(CapSense_SensingCSD_LL.o)
 .text.CapSense_SsCSDRestoreIdacMode
                0x0000171c       0x30 .\CortexM0p\ARM_GCC_541\Debug\Design01.a(CapSense_SensingCSD_LL.o)
 .text.CapSense_SsCSDCalibrateCheck
                0x0000174c       0x44 .\CortexM0p\ARM_GCC_541\Debug\Design01.a(CapSense_SensingCSD_LL.o)
 .text.CapSense_SsCSDInitialize
                0x00001790      0x11c .\CortexM0p\ARM_GCC_541\Debug\Design01.a(CapSense_SensingCSD_LL.o)
                0x00001790                CapSense_SsCSDInitialize
 .text.CapSense_SsCSDSetUpIdacs
                0x000018ac       0x4c .\CortexM0p\ARM_GCC_541\Debug\Design01.a(CapSense_SensingCSD_LL.o)
                0x000018ac                CapSense_SsCSDSetUpIdacs
 .text.CapSense_SsCSDGetNumberOfConversions
                0x000018f8       0x28 .\CortexM0p\ARM_GCC_541\Debug\Design01.a(CapSense_SensingCSD_LL.o)
                0x000018f8                CapSense_SsCSDGetNumberOfConversions
 .text.CapSense_SsCSDConfigClock
                0x00001920       0x44 .\CortexM0p\ARM_GCC_541\Debug\Design01.a(CapSense_SensingCSD_LL.o)
                0x00001920                CapSense_SsCSDConfigClock
 .text.CapSense_SsCSDCalculateScanDuration
                0x00001964       0x1c .\CortexM0p\ARM_GCC_541\Debug\Design01.a(CapSense_SensingCSD_LL.o)
                0x00001964                CapSense_SsCSDCalculateScanDuration
 .text.CapSense_SsCSDStartSample
                0x00001980       0xf8 .\CortexM0p\ARM_GCC_541\Debug\Design01.a(CapSense_SensingCSD_LL.o)
                0x00001980                CapSense_SsCSDStartSample
 .text.CapSense_CSDScanExt
                0x00001a78       0x20 .\CortexM0p\ARM_GCC_541\Debug\Design01.a(CapSense_SensingCSD_LL.o)
                0x00001a78                CapSense_CSDScanExt
 .text.CapSense_CSDConnectSns
                0x00001a98       0x34 .\CortexM0p\ARM_GCC_541\Debug\Design01.a(CapSense_SensingCSD_LL.o)
                0x00001a98                CapSense_CSDConnectSns
 .text.CapSense_CSDScan
                0x00001acc       0x80 .\CortexM0p\ARM_GCC_541\Debug\Design01.a(CapSense_SensingCSD_LL.o)
                0x00001acc                CapSense_CSDScan
 .text.CapSense_SsCSDConnectSensorExt
                0x00001b4c       0x28 .\CortexM0p\ARM_GCC_541\Debug\Design01.a(CapSense_SensingCSD_LL.o)
                0x00001b4c                CapSense_SsCSDConnectSensorExt
 .text.CapSense_CSDDisconnectSns
                0x00001b74       0x40 .\CortexM0p\ARM_GCC_541\Debug\Design01.a(CapSense_SensingCSD_LL.o)
                0x00001b74                CapSense_CSDDisconnectSns
 .text.CapSense_SsCSDElectrodeCheck
                0x00001bb4       0x24 .\CortexM0p\ARM_GCC_541\Debug\Design01.a(CapSense_SensingCSD_LL.o)
                0x00001bb4                CapSense_SsCSDElectrodeCheck
 .text.CapSense_CSDSetupWidget
                0x00001bd8       0x5c .\CortexM0p\ARM_GCC_541\Debug\Design01.a(CapSense_SensingCSD_LL.o)
                0x00001bd8                CapSense_CSDSetupWidget
 .text.CapSense_CSDSetupWidgetExt
                0x00001c34       0x70 .\CortexM0p\ARM_GCC_541\Debug\Design01.a(CapSense_SensingCSD_LL.o)
                0x00001c34                CapSense_CSDSetupWidgetExt
 .text.CapSense_SsCSDCalibrateOneSensor
                0x00001ca4       0xec .\CortexM0p\ARM_GCC_541\Debug\Design01.a(CapSense_SensingCSD_LL.o)
 .text.CapSense_CSDCalibrateWidget
                0x00001d90      0x10c .\CortexM0p\ARM_GCC_541\Debug\Design01.a(CapSense_SensingCSD_LL.o)
                0x00001d90                CapSense_CSDCalibrateWidget
 .text.CapSense_SetNonDedicatedAdcChannel
                0x00001e9c       0xd4 .\CortexM0p\ARM_GCC_541\Debug\Design01.a(CapSense_Adc.o)
                0x00001e9c                CapSense_SetNonDedicatedAdcChannel
 .text.CapSense_SetAdcChannel
                0x00001f70        0x8 .\CortexM0p\ARM_GCC_541\Debug\Design01.a(CapSense_Adc.o)
                0x00001f70                CapSense_SetAdcChannel
 .text.CapSense_StartAdcFSM
                0x00001f78       0x30 .\CortexM0p\ARM_GCC_541\Debug\Design01.a(CapSense_Adc.o)
                0x00001f78                CapSense_StartAdcFSM
 .text.CapSense_AdcIsBusy
                0x00001fa8       0x20 .\CortexM0p\ARM_GCC_541\Debug\Design01.a(CapSense_Adc.o)
                0x00001fa8                CapSense_AdcIsBusy
 .text.CapSense_AdcGetResult_mVolts
                0x00001fc8       0x20 .\CortexM0p\ARM_GCC_541\Debug\Design01.a(CapSense_Adc.o)
                0x00001fc8                CapSense_AdcGetResult_mVolts
 .text.CapSense_ClearAdcChannels
                0x00001fe8       0x24 .\CortexM0p\ARM_GCC_541\Debug\Design01.a(CapSense_Adc.o)
                0x00001fe8                CapSense_ClearAdcChannels
 .text.CapSense_AdcReleaseResources
                0x0000200c       0xb8 .\CortexM0p\ARM_GCC_541\Debug\Design01.a(CapSense_Adc.o)
                0x0000200c                CapSense_AdcReleaseResources
 .text.CapSense_AdcSetModClkClockDivider
                0x000020c4       0x30 .\CortexM0p\ARM_GCC_541\Debug\Design01.a(CapSense_Adc.o)
                0x000020c4                CapSense_AdcSetModClkClockDivider
 .text.CapSense_ConfigAdcResources
                0x000020f4      0x124 .\CortexM0p\ARM_GCC_541\Debug\Design01.a(CapSense_Adc.o)
                0x000020f4                CapSense_ConfigAdcResources
 .text.CapSense_AdcCaptureResources
                0x00002218       0x24 .\CortexM0p\ARM_GCC_541\Debug\Design01.a(CapSense_Adc.o)
                0x00002218                CapSense_AdcCaptureResources
 .text.CapSense_AdcStartConvert
                0x0000223c       0x78 .\CortexM0p\ARM_GCC_541\Debug\Design01.a(CapSense_Adc.o)
                0x0000223c                CapSense_AdcStartConvert
 .text.CapSense_AdcCalibrate
                0x000022b4       0xb4 .\CortexM0p\ARM_GCC_541\Debug\Design01.a(CapSense_Adc.o)
                0x000022b4                CapSense_AdcCalibrate
 .text.CapSense_AdcInitialize
                0x00002368        0xc .\CortexM0p\ARM_GCC_541\Debug\Design01.a(CapSense_Adc.o)
                0x00002368                CapSense_AdcInitialize
 .text.CapSense_AdcIntrHandler
                0x00002374      0x1ac .\CortexM0p\ARM_GCC_541\Debug\Design01.a(CapSense_Adc_INT.o)
                0x00002374                CapSense_AdcIntrHandler
 .text.COLD_K1_Write
                0x00002520       0x18 .\CortexM0p\ARM_GCC_541\Debug\Design01.a(COLD_K1.o)
                0x00002520                COLD_K1_Write
 .text.Buzzer_Write
                0x00002538       0x18 .\CortexM0p\ARM_GCC_541\Debug\Design01.a(Buzzer.o)
                0x00002538                Buzzer_Write
 .text.CapSense_ISR_SetVector
                0x00002550        0xc .\CortexM0p\ARM_GCC_541\Debug\Design01.a(CapSense_ISR.o)
                0x00002550                CapSense_ISR_SetVector
 .text.CapSense_ISR_SetPriority
                0x0000255c       0x24 .\CortexM0p\ARM_GCC_541\Debug\Design01.a(CapSense_ISR.o)
                0x0000255c                CapSense_ISR_SetPriority
 .text.CapSense_ISR_Enable
                0x00002580       0x10 .\CortexM0p\ARM_GCC_541\Debug\Design01.a(CapSense_ISR.o)
                0x00002580                CapSense_ISR_Enable
 .text.CapSense_ISR_Disable
                0x00002590       0x10 .\CortexM0p\ARM_GCC_541\Debug\Design01.a(CapSense_ISR.o)
                0x00002590                CapSense_ISR_Disable
 .text.CapSense_ISR_StartEx
                0x000025a0       0x1c .\CortexM0p\ARM_GCC_541\Debug\Design01.a(CapSense_ISR.o)
                0x000025a0                CapSense_ISR_StartEx
 .text.CySysClkImoDisableWcoLock
                0x000025bc       0x4c .\CortexM0p\ARM_GCC_541\Debug\Design01.a(CyLib.o)
                0x000025bc                CySysClkImoDisableWcoLock
 .text.CySysClkImoGetWcoLock
                0x00002608       0x14 .\CortexM0p\ARM_GCC_541\Debug\Design01.a(CyLib.o)
                0x00002608                CySysClkImoGetWcoLock
 .text.CyIntEnable
                0x0000261c       0x14 .\CortexM0p\ARM_GCC_541\Debug\Design01.a(CyLib.o)
                0x0000261c                CyIntEnable
 .text.CyIntDisable
                0x00002630       0x14 .\CortexM0p\ARM_GCC_541\Debug\Design01.a(CyLib.o)
                0x00002630                CyIntDisable
 .text.CyIntClearPending
                0x00002644       0x14 .\CortexM0p\ARM_GCC_541\Debug\Design01.a(CyLib.o)
                0x00002644                CyIntClearPending
 .text.CyHalt   0x00002658        0x4 .\CortexM0p\ARM_GCC_541\Debug\Design01.a(CyLib.o)
                0x00002658                CyHalt
 .text.CyIntSetSysVector
                0x0000265c       0x20 .\CortexM0p\ARM_GCC_541\Debug\Design01.a(CyLib.o)
                0x0000265c                CyIntSetSysVector
 .text.CyDelay  0x0000267c       0x30 .\CortexM0p\ARM_GCC_541\Debug\Design01.a(CyLib.o)
                0x0000267c                CyDelay
 .text.CySysClkImoEnableWcoLock
                0x000026ac       0xd0 .\CortexM0p\ARM_GCC_541\Debug\Design01.a(CyLib.o)
                0x000026ac                CySysClkImoEnableWcoLock
 .text.CySysClkWriteImoFreq
                0x0000277c       0xd8 .\CortexM0p\ARM_GCC_541\Debug\Design01.a(CyLib.o)
                0x0000277c                CySysClkWriteImoFreq
 .text.CyDelayUs
                0x00002854       0x14 .\CortexM0p\ARM_GCC_541\Debug\Design01.a(CyLib.o)
                0x00002854                CyDelayUs
 .text.CySysTickEnableInterrupt
                0x00002868       0x10 .\CortexM0p\ARM_GCC_541\Debug\Design01.a(CyLib.o)
                0x00002868                CySysTickEnableInterrupt
 .text.CySysTickEnable
                0x00002878       0x18 .\CortexM0p\ARM_GCC_541\Debug\Design01.a(CyLib.o)
                0x00002878                CySysTickEnable
 .text.CySysTickSetReload
                0x00002890       0x10 .\CortexM0p\ARM_GCC_541\Debug\Design01.a(CyLib.o)
                0x00002890                CySysTickSetReload
 .text.CySysTickSetClockSource
                0x000028a0       0x20 .\CortexM0p\ARM_GCC_541\Debug\Design01.a(CyLib.o)
                0x000028a0                CySysTickSetClockSource
 .text.CySysTickGetCountFlag
                0x000028c0       0x10 .\CortexM0p\ARM_GCC_541\Debug\Design01.a(CyLib.o)
                0x000028c0                CySysTickGetCountFlag
 .text.CySysTickServiceCallbacks
                0x000028d0       0x28 .\CortexM0p\ARM_GCC_541\Debug\Design01.a(CyLib.o)
 .text.CySysTickClear
                0x000028f8        0xc .\CortexM0p\ARM_GCC_541\Debug\Design01.a(CyLib.o)
                0x000028f8                CySysTickClear
 .text.CySysTickInit
                0x00002904       0x44 .\CortexM0p\ARM_GCC_541\Debug\Design01.a(CyLib.o)
                0x00002904                CySysTickInit
 .text.CySysTickStart
                0x00002948       0x20 .\CortexM0p\ARM_GCC_541\Debug\Design01.a(CyLib.o)
                0x00002948                CySysTickStart
 .text.CySysTickSetCallback
                0x00002968       0x10 .\CortexM0p\ARM_GCC_541\Debug\Design01.a(CyLib.o)
                0x00002968                CySysTickSetCallback
 .text.CySysTickGetCallback
                0x00002978        0xc .\CortexM0p\ARM_GCC_541\Debug\Design01.a(CyLib.o)
                0x00002978                CySysTickGetCallback
 .text.CySysClkWcoEnabled
                0x00002984       0x14 .\CortexM0p\ARM_GCC_541\Debug\Design01.a(CyLFClk.o)
                0x00002984                CySysClkWcoEnabled
 .text.CySysWdtDisable
                0x00002998       0x10 .\CortexM0p\ARM_GCC_541\Debug\Design01.a(CyLFClk.o)
                0x00002998                CySysWdtDisable
 *fill*         0x000029a8       0x18 
 .text          0x000029c0       0xd4 .\CortexM0p\ARM_GCC_541\Debug\Design01.a(SW_Tx_UART_AsmGnu.o)
                0x000029c0                SW_Tx_UART_PutChar
 *fill*         0x00002a94        0x4 
 .text          0x00002a98       0x20 .\CortexM0p\ARM_GCC_541\Debug\Design01.a(CyBootAsmGnu.o)
                0x00002a98                CyDelayCycles
                0x00002aaa                CyEnterCriticalSection
                0x00002ab2                CyExitCriticalSection
 .text.CapSense_SsCSDPostScan
                0x00002ab8       0x58 .\CortexM0p\ARM_GCC_541\Debug\Design01.a(CapSense_INT.o)
 .text.CapSense_SsCSDInitNextScan
                0x00002b10       0xbc .\CortexM0p\ARM_GCC_541\Debug\Design01.a(CapSense_INT.o)
 .text.CapSense_CSDPostSingleScan
                0x00002bcc       0x2c .\CortexM0p\ARM_GCC_541\Debug\Design01.a(CapSense_INT.o)
                0x00002bcc                CapSense_CSDPostSingleScan
 .text.CapSense_CSDPostMultiScan
                0x00002bf8       0x48 .\CortexM0p\ARM_GCC_541\Debug\Design01.a(CapSense_INT.o)
                0x00002bf8                CapSense_CSDPostMultiScan
 .text.CySysFlashSetWaitCycles
                0x00002c40       0x54 .\CortexM0p\ARM_GCC_541\Debug\Design01.a(CyFlash.o)
                0x00002c40                CySysFlashSetWaitCycles
 .text          0x00002c94      0x114 e:/psoc creator/4.3/psoc creator/import/gnu/arm/5.4.1/bin/../lib/gcc/arm-none-eabi/5.4.1/armv6-m\libgcc.a(_udivsi3.o)
                0x00002c94                __aeabi_uidiv
                0x00002c94                __udivsi3
                0x00002da0                __aeabi_uidivmod
 .text          0x00002da8      0x1d4 e:/psoc creator/4.3/psoc creator/import/gnu/arm/5.4.1/bin/../lib/gcc/arm-none-eabi/5.4.1/armv6-m\libgcc.a(_divsi3.o)
                0x00002da8                __divsi3
                0x00002da8                __aeabi_idiv
                0x00002f74                __aeabi_idivmod
 .text          0x00002f7c        0x4 e:/psoc creator/4.3/psoc creator/import/gnu/arm/5.4.1/bin/../lib/gcc/arm-none-eabi/5.4.1/armv6-m\libgcc.a(_dvmd_tls.o)
                0x00002f7c                __aeabi_idiv0
                0x00002f7c                __aeabi_ldiv0
 .text.__errno  0x00002f80        0xc e:/psoc creator/4.3/psoc creator/import/gnu/arm/5.4.1/bin/../lib/gcc/arm-none-eabi/5.4.1/../../../../arm-none-eabi/lib/armv6-m\libg_nano.a(lib_a-errno.o)
                0x00002f80                __errno
 .text.__libc_init_array
                0x00002f8c       0x4c e:/psoc creator/4.3/psoc creator/import/gnu/arm/5.4.1/bin/../lib/gcc/arm-none-eabi/5.4.1/../../../../arm-none-eabi/lib/armv6-m\libg_nano.a(lib_a-init.o)
                0x00002f8c                __libc_init_array
 .text.memcpy   0x00002fd8       0x12 e:/psoc creator/4.3/psoc creator/import/gnu/arm/5.4.1/bin/../lib/gcc/arm-none-eabi/5.4.1/../../../../arm-none-eabi/lib/armv6-m\libg_nano.a(lib_a-memcpy-stub.o)
                0x00002fd8                memcpy
 .text.memset   0x00002fea       0x10 e:/psoc creator/4.3/psoc creator/import/gnu/arm/5.4.1/bin/../lib/gcc/arm-none-eabi/5.4.1/../../../../arm-none-eabi/lib/armv6-m\libg_nano.a(lib_a-memset.o)
                0x00002fea                memset
 *fill*         0x00002ffa        0x2 
 .text._vsprintf_r
                0x00002ffc       0x30 e:/psoc creator/4.3/psoc creator/import/gnu/arm/5.4.1/bin/../lib/gcc/arm-none-eabi/5.4.1/../../../../arm-none-eabi/lib/armv6-m\libg_nano.a(lib_a-vsprintf.o)
                0x00002ffc                _vsprintf_r
                0x00002ffc                _vsiprintf_r
 .text.vsprintf
                0x0000302c       0x18 e:/psoc creator/4.3/psoc creator/import/gnu/arm/5.4.1/bin/../lib/gcc/arm-none-eabi/5.4.1/../../../../arm-none-eabi/lib/armv6-m\libg_nano.a(lib_a-vsprintf.o)
                0x0000302c                vsiprintf
                0x0000302c                vsprintf
 .text.__ssputs_r
                0x00003044       0xc4 e:/psoc creator/4.3/psoc creator/import/gnu/arm/5.4.1/bin/../lib/gcc/arm-none-eabi/5.4.1/../../../../arm-none-eabi/lib/armv6-m\libg_nano.a(lib_a-nano-svfprintf.o)
                0x00003044                __ssputs_r
 .text._svfprintf_r
                0x00003108      0x1fc e:/psoc creator/4.3/psoc creator/import/gnu/arm/5.4.1/bin/../lib/gcc/arm-none-eabi/5.4.1/../../../../arm-none-eabi/lib/armv6-m\libg_nano.a(lib_a-nano-svfprintf.o)
                0x00003108                _svfiprintf_r
                0x00003108                _svfprintf_r
 .text._printf_common
                0x00003304       0xdc e:/psoc creator/4.3/psoc creator/import/gnu/arm/5.4.1/bin/../lib/gcc/arm-none-eabi/5.4.1/../../../../arm-none-eabi/lib/armv6-m\libg_nano.a(lib_a-nano-vfprintf_i.o)
                0x00003304                _printf_common
 .text._printf_i
                0x000033e0      0x244 e:/psoc creator/4.3/psoc creator/import/gnu/arm/5.4.1/bin/../lib/gcc/arm-none-eabi/5.4.1/../../../../arm-none-eabi/lib/armv6-m\libg_nano.a(lib_a-nano-vfprintf_i.o)
                0x000033e0                _printf_i
 .text.memchr   0x00003624       0x16 e:/psoc creator/4.3/psoc creator/import/gnu/arm/5.4.1/bin/../lib/gcc/arm-none-eabi/5.4.1/../../../../arm-none-eabi/lib/armv6-m\libg_nano.a(lib_a-memchr-stub.o)
                0x00003624                memchr
 .text.memmove  0x0000363a       0x2a e:/psoc creator/4.3/psoc creator/import/gnu/arm/5.4.1/bin/../lib/gcc/arm-none-eabi/5.4.1/../../../../arm-none-eabi/lib/armv6-m\libg_nano.a(lib_a-memmove.o)
                0x0000363a                memmove
 .text._free_r  0x00003664       0x98 e:/psoc creator/4.3/psoc creator/import/gnu/arm/5.4.1/bin/../lib/gcc/arm-none-eabi/5.4.1/../../../../arm-none-eabi/lib/armv6-m\libg_nano.a(lib_a-nano-freer.o)
                0x00003664                _free_r
 .text._malloc_r
                0x000036fc       0xc0 e:/psoc creator/4.3/psoc creator/import/gnu/arm/5.4.1/bin/../lib/gcc/arm-none-eabi/5.4.1/../../../../arm-none-eabi/lib/armv6-m\libg_nano.a(lib_a-nano-mallocr.o)
                0x000036fc                _malloc_r
 .text._realloc_r
                0x000037bc       0x4c e:/psoc creator/4.3/psoc creator/import/gnu/arm/5.4.1/bin/../lib/gcc/arm-none-eabi/5.4.1/../../../../arm-none-eabi/lib/armv6-m\libg_nano.a(lib_a-nano-reallocr.o)
                0x000037bc                _realloc_r
 .text._sbrk_r  0x00003808       0x24 e:/psoc creator/4.3/psoc creator/import/gnu/arm/5.4.1/bin/../lib/gcc/arm-none-eabi/5.4.1/../../../../arm-none-eabi/lib/armv6-m\libg_nano.a(lib_a-sbrkr.o)
                0x00003808                _sbrk_r
 .text.__malloc_lock
                0x0000382c        0x2 e:/psoc creator/4.3/psoc creator/import/gnu/arm/5.4.1/bin/../lib/gcc/arm-none-eabi/5.4.1/../../../../arm-none-eabi/lib/armv6-m\libg_nano.a(lib_a-mlock.o)
                0x0000382c                __malloc_lock
 .text.__malloc_unlock
                0x0000382e        0x2 e:/psoc creator/4.3/psoc creator/import/gnu/arm/5.4.1/bin/../lib/gcc/arm-none-eabi/5.4.1/../../../../arm-none-eabi/lib/armv6-m\libg_nano.a(lib_a-mlock.o)
                0x0000382e                __malloc_unlock
 .text._malloc_usable_size_r
                0x00003830       0x16 e:/psoc creator/4.3/psoc creator/import/gnu/arm/5.4.1/bin/../lib/gcc/arm-none-eabi/5.4.1/../../../../arm-none-eabi/lib/armv6-m\libg_nano.a(lib_a-nano-msizer.o)
                0x00003830                _malloc_usable_size_r
 *(.plt)
 *(.gnu.warning)
 *(.glue_7t)
 .glue_7t       0x00003846        0x0 linker stubs
 *(.glue_7)
 .glue_7        0x00003846        0x0 linker stubs
 *(.vfp11_veneer)
 .vfp11_veneer  0x00003846        0x0 linker stubs
 *(.bootloader)
 *(.ARM.extab* .gnu.linkonce.armextab.*)
 *(.gcc_except_table)

.v4_bx          0x00003848        0x0
 .v4_bx         0x00003848        0x0 linker stubs

.iplt           0x00003848        0x0
 .iplt          0x00003848        0x0 e:/psoc creator/4.3/psoc creator/import/gnu/arm/5.4.1/bin/../lib/gcc/arm-none-eabi/5.4.1/armv6-m/crtbegin.o

.eh_frame_hdr
 *(.eh_frame_hdr)

.eh_frame       0x00003848        0x4
 *(.eh_frame)
 .eh_frame      0x00003848        0x0 e:/psoc creator/4.3/psoc creator/import/gnu/arm/5.4.1/bin/../lib/gcc/arm-none-eabi/5.4.1/armv6-m/crtbegin.o
 .eh_frame      0x00003848        0x4 e:/psoc creator/4.3/psoc creator/import/gnu/arm/5.4.1/bin/../lib/gcc/arm-none-eabi/5.4.1/armv6-m/crtend.o
                [!provide]                PROVIDE (__exidx_start, .)

.ARM.exidx
 *(.ARM.exidx* .gnu.linkonce.armexidx.*)
                0x0000384c                __exidx_end = .

.rodata         0x0000384c      0x1d4
 *(.rodata .rodata.* .gnu.linkonce.r.*)
 .rodata.str1.4
                0x0000384c       0x2c .\CortexM0p\ARM_GCC_541\Debug\touchBtn_ADC.o
                                 0x29 (size before relaxing)
 .rodata        0x00003878      0x138 .\CortexM0p\ARM_GCC_541\Debug\Design01.a(CapSense_Structure.o)
                0x00003878                CapSense_ramIdacInit
                0x0000387c                CapSense_dsFlash
                0x000038ec                CapSense_ramWidgetInit
                0x00003924                CapSense_adcIoList
                0x00003940                CapSense_ioList
 .rodata        0x000039b0        0x1 .\CortexM0p\ARM_GCC_541\Debug\Design01.a(CapSense_Sensing.o)
                0x000039b0                CapSense_scanFreqIndex
 .rodata.str1.1
                0x000039b1        0x2 e:/psoc creator/4.3/psoc creator/import/gnu/arm/5.4.1/bin/../lib/gcc/arm-none-eabi/5.4.1/../../../../arm-none-eabi/lib/armv6-m\libg_nano.a(lib_a-impure.o)
 .rodata.str1.1
                0x000039b3       0x11 e:/psoc creator/4.3/psoc creator/import/gnu/arm/5.4.1/bin/../lib/gcc/arm-none-eabi/5.4.1/../../../../arm-none-eabi/lib/armv6-m\libg_nano.a(lib_a-nano-svfprintf.o)
 .rodata.str1.1
                0x000039c4       0x22 e:/psoc creator/4.3/psoc creator/import/gnu/arm/5.4.1/bin/../lib/gcc/arm-none-eabi/5.4.1/../../../../arm-none-eabi/lib/armv6-m\libg_nano.a(lib_a-nano-vfprintf_i.o)
                0x000039e8                . = ALIGN (0x4)
 *fill*         0x000039e6        0x2 
 *(.init)
 .init          0x000039e8        0x4 e:/psoc creator/4.3/psoc creator/import/gnu/arm/5.4.1/bin/../lib/gcc/arm-none-eabi/5.4.1/armv6-m/crti.o
                0x000039e8                _init
 .init          0x000039ec        0x8 e:/psoc creator/4.3/psoc creator/import/gnu/arm/5.4.1/bin/../lib/gcc/arm-none-eabi/5.4.1/armv6-m/crtn.o
                0x000039f4                . = ALIGN (0x4)
                0x000039f4                __preinit_array_start = .
 *(.preinit_array)
                0x000039f4                __preinit_array_end = .
                0x000039f4                . = ALIGN (0x4)
                0x000039f4                __init_array_start = .
 *(SORT(.init_array.*))
 *(.init_array)
 .init_array    0x000039f4        0x4 e:/psoc creator/4.3/psoc creator/import/gnu/arm/5.4.1/bin/../lib/gcc/arm-none-eabi/5.4.1/armv6-m/crtbegin.o
 .init_array    0x000039f8        0x4 .\CortexM0p\ARM_GCC_541\Debug\Cm0plusStart.o
                0x000039fc                __init_array_end = .
                0x000039fc                . = ALIGN (0x4)
 *(.fini)
 .fini          0x000039fc        0x4 e:/psoc creator/4.3/psoc creator/import/gnu/arm/5.4.1/bin/../lib/gcc/arm-none-eabi/5.4.1/armv6-m/crti.o
                0x000039fc                _fini
 .fini          0x00003a00        0x8 e:/psoc creator/4.3/psoc creator/import/gnu/arm/5.4.1/bin/../lib/gcc/arm-none-eabi/5.4.1/armv6-m/crtn.o
                0x00003a08                . = ALIGN (0x4)
                0x00003a08                __fini_array_start = .
 *(.fini_array)
 .fini_array    0x00003a08        0x4 e:/psoc creator/4.3/psoc creator/import/gnu/arm/5.4.1/bin/../lib/gcc/arm-none-eabi/5.4.1/armv6-m/crtbegin.o
 *(SORT(.fini_array.*))
                0x00003a0c                __fini_array_end = .
                0x00003a0c                . = ALIGN (0x4)
 *crtbegin.o(.ctors)
 *(EXCLUDE_FILE(*crtend.o) .ctors)
 *(SORT(.ctors.*))
 *crtend.o(.ctors)
                0x00003a0c                . = ALIGN (0x4)
 *crtbegin.o(.dtors)
 *(EXCLUDE_FILE(*crtend.o) .dtors)
 *(SORT(.dtors.*))
 *crtend.o(.dtors)
                0x00003a0c                . = ALIGN (0x4)
                0x00003a0c                __cy_regions = .
                0x00003a0c        0x4 LONG 0x3a20 __cy_region_init_ram
                0x00003a10        0x4 LONG 0x20000080 __cy_region_start_data
                0x00003a14        0x4 LONG 0x98 __cy_region_init_size_ram
                0x00003a18        0x4 LONG 0x1d8 __cy_region_zero_size_ram
                0x00003a1c                __cy_regions_end = .
                0x00003a20                . = ALIGN (0x8)
 *fill*         0x00003a1c        0x4 
                0x00003a20                _etext = .

.cy_checksum_exclude
                0x00003a20        0x0
 *(.cy_checksum_exclude)

.ramvectors     0x20000000       0x80
                0x20000000                __cy_region_start_ram = .
 *(.ramvectors)
 .ramvectors    0x20000000       0x80 .\CortexM0p\ARM_GCC_541\Debug\Cm0plusStart.o
                0x20000000                CyRamVectors

.noinit
 *(.noinit)

.data           0x20000080       0x98 load address 0x00003a20
                0x20000080                __cy_region_start_data = .
 *(.jcr)
 .jcr           0x20000080        0x0 e:/psoc creator/4.3/psoc creator/import/gnu/arm/5.4.1/bin/../lib/gcc/arm-none-eabi/5.4.1/armv6-m/crtbegin.o
 .jcr           0x20000080        0x4 e:/psoc creator/4.3/psoc creator/import/gnu/arm/5.4.1/bin/../lib/gcc/arm-none-eabi/5.4.1/armv6-m/crtend.o
 *(.got.plt)
 *(.got)
 *(.shdata)
 *(.data .data.* .gnu.linkonce.d.*)
 .data          0x20000084        0x4 .\CortexM0p\ARM_GCC_541\Debug\Cm0plusStart.o
 .data          0x20000088        0xc .\CortexM0p\ARM_GCC_541\Debug\Design01.a(SW_Tx_UART.o)
                0x20000088                SW_Tx_UART_pinDrAdress
                0x2000008c                SW_Tx_UART_pinPortNumber
                0x20000090                SW_Tx_UART_pinNumber
 .data          0x20000094        0x4 .\CortexM0p\ARM_GCC_541\Debug\Design01.a(CapSense_SensingCSD_LL.o)
                0x20000094                CapSense_configCsd
 .data          0x20000098        0x2 .\CortexM0p\ARM_GCC_541\Debug\Design01.a(CapSense_Adc.o)
                0x20000098                CapSense_adcVrefMv
 *fill*         0x2000009a        0x2 
 .data          0x2000009c       0x14 .\CortexM0p\ARM_GCC_541\Debug\Design01.a(CyLib.o)
                0x2000009c                CySysClkPumpConfig
                0x200000a0                cydelay32kMs
                0x200000a4                cydelayFreqKhz
                0x200000a8                cydelayFreqMhz
                0x200000ac                cydelayFreqHz
 .data.impure_data
                0x200000b0       0x60 e:/psoc creator/4.3/psoc creator/import/gnu/arm/5.4.1/bin/../lib/gcc/arm-none-eabi/5.4.1/../../../../arm-none-eabi/lib/armv6-m\libg_nano.a(lib_a-impure.o)
 .data._impure_ptr
                0x20000110        0x4 e:/psoc creator/4.3/psoc creator/import/gnu/arm/5.4.1/bin/../lib/gcc/arm-none-eabi/5.4.1/../../../../arm-none-eabi/lib/armv6-m\libg_nano.a(lib_a-impure.o)
                0x20000110                _impure_ptr
                0x20000118                . = ALIGN (0x8)
 *fill*         0x20000114        0x4 
 *(.ram)
                0x20000118                _edata = .

.igot.plt       0x20000118        0x0 load address 0x00003ab8
 .igot.plt      0x20000118        0x0 e:/psoc creator/4.3/psoc creator/import/gnu/arm/5.4.1/bin/../lib/gcc/arm-none-eabi/5.4.1/armv6-m/crtbegin.o

.bss            0x20000118      0x1d8 load address 0x00003ab8
                0x20000118                PROVIDE (__bss_start__, .)
 *(.shbss)
 *(.bss .bss.* .gnu.linkonce.b.*)
 .bss           0x20000118       0x1c e:/psoc creator/4.3/psoc creator/import/gnu/arm/5.4.1/bin/../lib/gcc/arm-none-eabi/5.4.1/armv6-m/crtbegin.o
 .bss           0x20000134       0x2e .\CortexM0p\ARM_GCC_541\Debug\sys.o
                0x20000160                enteringTestMode
                0x20000161                unLockAll
 *fill*         0x20000162        0x2 
 .bss           0x20000164       0x75 .\CortexM0p\ARM_GCC_541\Debug\touchBtn_ADC.o
                0x20000166                mVolts
 *fill*         0x200001d9        0x3 
 .bss           0x200001dc        0xb .\CortexM0p\ARM_GCC_541\Debug\main.o
                0x200001e6                MODE_TEST
 .bss           0x200001e7        0x1 .\CortexM0p\ARM_GCC_541\Debug\Design01.a(CapSense_Control.o)
 .bss           0x200001e8       0x2d .\CortexM0p\ARM_GCC_541\Debug\Design01.a(CapSense_Structure.o)
 *fill*         0x20000215        0x3 
 .bss           0x20000218        0x4 .\CortexM0p\ARM_GCC_541\Debug\Design01.a(CapSense_Tuner.o)
 .bss           0x2000021c        0x4 .\CortexM0p\ARM_GCC_541\Debug\Design01.a(CapSense_Sensing.o)
                0x2000021c                CapSense_currentSenseMethod
                0x2000021d                CapSense_requestScanAllWidget
                0x2000021e                CapSense_widgetIndex
                0x2000021f                CapSense_sensorIndex
 .bss           0x20000220        0x1 .\CortexM0p\ARM_GCC_541\Debug\Design01.a(CapSense_SensingCSD_LL.o)
 .bss           0x20000221        0x1 .\CortexM0p\ARM_GCC_541\Debug\Design01.a(CapSense_Adc.o)
 .bss           0x20000222        0xa .\CortexM0p\ARM_GCC_541\Debug\Design01.a(CapSense_Adc_INT.o)
 .bss           0x2000022c       0x18 .\CortexM0p\ARM_GCC_541\Debug\Design01.a(CyLib.o)
                0x20000240                CySysTickInitVar
 .bss.__malloc_sbrk_start
                0x20000244        0x4 e:/psoc creator/4.3/psoc creator/import/gnu/arm/5.4.1/bin/../lib/gcc/arm-none-eabi/5.4.1/../../../../arm-none-eabi/lib/armv6-m\libg_nano.a(lib_a-nano-mallocr.o)
                0x20000244                __malloc_sbrk_start
 .bss.__malloc_free_list
                0x20000248        0x4 e:/psoc creator/4.3/psoc creator/import/gnu/arm/5.4.1/bin/../lib/gcc/arm-none-eabi/5.4.1/../../../../arm-none-eabi/lib/armv6-m\libg_nano.a(lib_a-nano-mallocr.o)
                0x20000248                __malloc_free_list
 *(COMMON)
 COMMON         0x2000024c        0x4 .\CortexM0p\ARM_GCC_541\Debug\sysTick.o
                0x2000024c                g_SysTime
 COMMON         0x20000250        0x2 .\CortexM0p\ARM_GCC_541\Debug\touchBtn_ADC.o
                0x20000250                retacd
 *fill*         0x20000252        0x2 
 COMMON         0x20000254       0x90 .\CortexM0p\ARM_GCC_541\Debug\Design01.a(CapSense_Structure.o)
                0x20000254                CapSense_dsRam
 COMMON         0x200002e4        0x8 .\CortexM0p\ARM_GCC_541\Debug\Design01.a(CapSense_Sensing.o)
                0x200002e4                CapSense_curRamSnsPtr
                0x200002e8                CapSense_curSnsIOPtr
 COMMON         0x200002ec        0x4 e:/psoc creator/4.3/psoc creator/import/gnu/arm/5.4.1/bin/../lib/gcc/arm-none-eabi/5.4.1/../../../../arm-none-eabi/lib/armv6-m\libg_nano.a(lib_a-reent.o)
                0x200002ec                errno
                0x200002f0                . = ALIGN (0x8)
 *(.ram.b)
                0x200002f0                _end = .
                0x200002f0                __end = .
                0x200002f0                PROVIDE (end, .)
                0x200002f0                PROVIDE (__bss_end__, .)
                0x00003a20                __cy_region_init_ram = LOADADDR (.data)
                0x00000098                __cy_region_init_size_ram = (_edata - ADDR (.data))
                0x000001d8                __cy_region_zero_size_ram = (_end - _edata)

.heap           0x200002f0       0x80 load address 0x00003ab8
                0x200002f0                . = _end
                0x20000370                . = (. + 0x80)
 *fill*         0x200002f0       0x80 
                0x20000370                __cy_heap_limit = .

.stack          0x20000c00      0x400
                0x20000c00                __cy_stack_limit = .
                0x20001000                . = (. + 0x400)
 *fill*         0x20000c00      0x400 
                0x00000001                ASSERT ((__cy_stack_limit >= __cy_heap_limit), region RAM overflowed with stack)
                0x00000000                cy_checksum_exclude_size = (CY_APPL_LOADABLE == 0x1)?SIZEOF (.cy_checksum_exclude):0x0
                0x00000001                ASSERT ((cy_checksum_exclude_size <= CY_CHECKSUM_EXCLUDE_SIZE), CY_BOOT: Section .cy_checksum_exclude size exceedes specified limit.)
                0x00007fc0                cyloadermeta_start = (cy_project_type_bootloader || cy_project_type_app_for_stack_and_copier)?(LENGTH (rom) - CY_METADATA_SIZE):0xf0000000

.cyloadermeta
 *(.cyloadermeta)
                0x00007fc0                cyloadablemeta_start = cy_project_type_app_for_stack_and_copier?((LENGTH (rom) - CY_FLASH_ROW_SIZE) - CY_METADATA_SIZE):((LENGTH (rom) - (CY_FLASH_ROW_SIZE * (CY_APPL_NUM - 0x1))) - CY_METADATA_SIZE)

.cyloadablemeta
 *(.cyloadablemeta)

.cyflashprotect
                0x90400000       0x20
 *(.cyflashprotect)
 .cyflashprotect
                0x90400000       0x20 .\CortexM0p\ARM_GCC_541\Debug\cymetadata.o
                0x90400000                cy_meta_flashprotect

.cymeta         0x90500000        0xc
 *(.cymeta)
 .cymeta        0x90500000        0xc .\CortexM0p\ARM_GCC_541\Debug\cymetadata.o
                0x90500000                cy_metadata

.cychipprotect  0x90600000        0x1
 *(.cychipprotect)
 .cychipprotect
                0x90600000        0x1 .\CortexM0p\ARM_GCC_541\Debug\cymetadata.o
                0x90600000                cy_meta_chipprotect

.rel.dyn        0x00003ab8        0x0 load address 0x90600004
 .rel.iplt      0x00003ab8        0x0 e:/psoc creator/4.3/psoc creator/import/gnu/arm/5.4.1/bin/../lib/gcc/arm-none-eabi/5.4.1/armv6-m/crtbegin.o

.stab
 *(.stab)

.stabstr
 *(.stabstr)

.debug
 *(.debug)

.line
 *(.line)

.debug_srcinfo
 *(.debug_srcinfo)

.debug_sfnames
 *(.debug_sfnames)

.debug_aranges  0x00000000      0xcb0
 *(.debug_aranges)
 .debug_aranges
                0x00000000       0x20 .\CortexM0p\ARM_GCC_541\Debug\softDebug.o
 .debug_aranges
                0x00000020       0xc8 .\CortexM0p\ARM_GCC_541\Debug\sys.o
 .debug_aranges
                0x000000e8       0x28 .\CortexM0p\ARM_GCC_541\Debug\sysTick.o
 .debug_aranges
                0x00000110       0x58 .\CortexM0p\ARM_GCC_541\Debug\touchBtn_ADC.o
 .debug_aranges
                0x00000168       0x28 .\CortexM0p\ARM_GCC_541\Debug\main.o
 .debug_aranges
                0x00000190       0x38 .\CortexM0p\ARM_GCC_541\Debug\cyfitter_cfg.o
 .debug_aranges
                0x000001c8       0x18 .\CortexM0p\ARM_GCC_541\Debug\cymetadata.o
 .debug_aranges
                0x000001e0       0x48 .\CortexM0p\ARM_GCC_541\Debug\Cm0plusStart.o
 .debug_aranges
                0x00000228       0x50 .\CortexM0p\ARM_GCC_541\Debug\Design01.a(SW_Tx_UART.o)
 .debug_aranges
                0x00000278       0x48 .\CortexM0p\ARM_GCC_541\Debug\Design01.a(LED_RO.o)
 .debug_aranges
                0x000002c0       0x48 .\CortexM0p\ARM_GCC_541\Debug\Design01.a(LED_COLD.o)
 .debug_aranges
                0x00000308       0x48 .\CortexM0p\ARM_GCC_541\Debug\Design01.a(LED_HOT.o)
 .debug_aranges
                0x00000350       0x48 .\CortexM0p\ARM_GCC_541\Debug\Design01.a(LED_LOCK.o)
 .debug_aranges
                0x00000398       0x48 .\CortexM0p\ARM_GCC_541\Debug\Design01.a(VL1.o)
 .debug_aranges
                0x000003e0       0x48 .\CortexM0p\ARM_GCC_541\Debug\Design01.a(VL2.o)
 .debug_aranges
                0x00000428       0x48 .\CortexM0p\ARM_GCC_541\Debug\Design01.a(VL3.o)
 .debug_aranges
                0x00000470       0x68 .\CortexM0p\ARM_GCC_541\Debug\Design01.a(CapSense_Control.o)
 .debug_aranges
                0x000004d8       0x48 .\CortexM0p\ARM_GCC_541\Debug\Design01.a(CapSense_Processing.o)
 .debug_aranges
                0x00000520       0x58 .\CortexM0p\ARM_GCC_541\Debug\Design01.a(CapSense_Structure.o)
 .debug_aranges
                0x00000578       0x28 .\CortexM0p\ARM_GCC_541\Debug\Design01.a(CapSense_Tuner.o)
 .debug_aranges
                0x000005a0       0x70 .\CortexM0p\ARM_GCC_541\Debug\Design01.a(CapSense_Filter.o)
 .debug_aranges
                0x00000610       0xe0 .\CortexM0p\ARM_GCC_541\Debug\Design01.a(CapSense_Sensing.o)
 .debug_aranges
                0x000006f0       0xd0 .\CortexM0p\ARM_GCC_541\Debug\Design01.a(CapSense_SensingCSD_LL.o)
 .debug_aranges
                0x000007c0       0x98 .\CortexM0p\ARM_GCC_541\Debug\Design01.a(CapSense_Adc.o)
 .debug_aranges
                0x00000858       0x20 .\CortexM0p\ARM_GCC_541\Debug\Design01.a(CapSense_Adc_INT.o)
 .debug_aranges
                0x00000878       0x48 .\CortexM0p\ARM_GCC_541\Debug\Design01.a(COLD_K1.o)
 .debug_aranges
                0x000008c0       0x48 .\CortexM0p\ARM_GCC_541\Debug\Design01.a(Buzzer.o)
 .debug_aranges
                0x00000908       0x80 .\CortexM0p\ARM_GCC_541\Debug\Design01.a(CapSense_ISR.o)
 .debug_aranges
                0x00000988      0x190 .\CortexM0p\ARM_GCC_541\Debug\Design01.a(CyLib.o)
 .debug_aranges
                0x00000b18       0xd8 .\CortexM0p\ARM_GCC_541\Debug\Design01.a(CyLFClk.o)
 .debug_aranges
                0x00000bf0       0x20 .\CortexM0p\ARM_GCC_541\Debug\Design01.a(SW_Tx_UART_AsmGnu.o)
 .debug_aranges
                0x00000c10       0x20 .\CortexM0p\ARM_GCC_541\Debug\Design01.a(CyBootAsmGnu.o)
 .debug_aranges
                0x00000c30       0x38 .\CortexM0p\ARM_GCC_541\Debug\Design01.a(CapSense_INT.o)
 .debug_aranges
                0x00000c68       0x48 .\CortexM0p\ARM_GCC_541\Debug\Design01.a(CyFlash.o)

.debug_pubnames
 *(.debug_pubnames)

.debug_info     0x00000000     0xb01c
 *(.debug_info .gnu.linkonce.wi.*)
 .debug_info    0x00000000      0x1c5 .\CortexM0p\ARM_GCC_541\Debug\softDebug.o
 .debug_info    0x000001c5      0xa0b .\CortexM0p\ARM_GCC_541\Debug\sys.o
 .debug_info    0x00000bd0      0x1cf .\CortexM0p\ARM_GCC_541\Debug\sysTick.o
 .debug_info    0x00000d9f      0xad1 .\CortexM0p\ARM_GCC_541\Debug\touchBtn_ADC.o
 .debug_info    0x00001870      0x241 .\CortexM0p\ARM_GCC_541\Debug\main.o
 .debug_info    0x00001ab1      0x168 .\CortexM0p\ARM_GCC_541\Debug\cyfitter_cfg.o
 .debug_info    0x00001c19       0xf8 .\CortexM0p\ARM_GCC_541\Debug\cymetadata.o
 .debug_info    0x00001d11      0x3a5 .\CortexM0p\ARM_GCC_541\Debug\Cm0plusStart.o
 .debug_info    0x000020b6      0x2c4 .\CortexM0p\ARM_GCC_541\Debug\Design01.a(SW_Tx_UART.o)
 .debug_info    0x0000237a      0x19b .\CortexM0p\ARM_GCC_541\Debug\Design01.a(LED_RO.o)
 .debug_info    0x00002515      0x19d .\CortexM0p\ARM_GCC_541\Debug\Design01.a(LED_COLD.o)
 .debug_info    0x000026b2      0x19d .\CortexM0p\ARM_GCC_541\Debug\Design01.a(LED_HOT.o)
 .debug_info    0x0000284f      0x19d .\CortexM0p\ARM_GCC_541\Debug\Design01.a(LED_LOCK.o)
 .debug_info    0x000029ec      0x19d .\CortexM0p\ARM_GCC_541\Debug\Design01.a(VL1.o)
 .debug_info    0x00002b89      0x19d .\CortexM0p\ARM_GCC_541\Debug\Design01.a(VL2.o)
 .debug_info    0x00002d26      0x19b .\CortexM0p\ARM_GCC_541\Debug\Design01.a(VL3.o)
 .debug_info    0x00002ec1      0xa96 .\CortexM0p\ARM_GCC_541\Debug\Design01.a(CapSense_Control.o)
 .debug_info    0x00003957      0xa01 .\CortexM0p\ARM_GCC_541\Debug\Design01.a(CapSense_Processing.o)
 .debug_info    0x00004358      0xbca .\CortexM0p\ARM_GCC_541\Debug\Design01.a(CapSense_Structure.o)
 .debug_info    0x00004f22      0x672 .\CortexM0p\ARM_GCC_541\Debug\Design01.a(CapSense_Tuner.o)
 .debug_info    0x00005594      0x7b6 .\CortexM0p\ARM_GCC_541\Debug\Design01.a(CapSense_Filter.o)
 .debug_info    0x00005d4a      0xff9 .\CortexM0p\ARM_GCC_541\Debug\Design01.a(CapSense_Sensing.o)
 .debug_info    0x00006d43      0xfe2 .\CortexM0p\ARM_GCC_541\Debug\Design01.a(CapSense_SensingCSD_LL.o)
 .debug_info    0x00007d25      0xa5b .\CortexM0p\ARM_GCC_541\Debug\Design01.a(CapSense_Adc.o)
 .debug_info    0x00008780      0x561 .\CortexM0p\ARM_GCC_541\Debug\Design01.a(CapSense_Adc_INT.o)
 .debug_info    0x00008ce1      0x19d .\CortexM0p\ARM_GCC_541\Debug\Design01.a(COLD_K1.o)
 .debug_info    0x00008e7e      0x19d .\CortexM0p\ARM_GCC_541\Debug\Design01.a(Buzzer.o)
 .debug_info    0x0000901b      0x305 .\CortexM0p\ARM_GCC_541\Debug\Design01.a(CapSense_ISR.o)
 .debug_info    0x00009320      0xbce .\CortexM0p\ARM_GCC_541\Debug\Design01.a(CyLib.o)
 .debug_info    0x00009eee      0x444 .\CortexM0p\ARM_GCC_541\Debug\Design01.a(CyLFClk.o)
 .debug_info    0x0000a332       0x93 .\CortexM0p\ARM_GCC_541\Debug\Design01.a(SW_Tx_UART_AsmGnu.o)
 .debug_info    0x0000a3c5       0x8e .\CortexM0p\ARM_GCC_541\Debug\Design01.a(CyBootAsmGnu.o)
 .debug_info    0x0000a453      0x7b2 .\CortexM0p\ARM_GCC_541\Debug\Design01.a(CapSense_INT.o)
 .debug_info    0x0000ac05      0x417 .\CortexM0p\ARM_GCC_541\Debug\Design01.a(CyFlash.o)

.debug_abbrev   0x00000000     0x2b70
 *(.debug_abbrev)
 .debug_abbrev  0x00000000      0x11b .\CortexM0p\ARM_GCC_541\Debug\softDebug.o
 .debug_abbrev  0x0000011b      0x1c7 .\CortexM0p\ARM_GCC_541\Debug\sys.o
 .debug_abbrev  0x000002e2      0x11c .\CortexM0p\ARM_GCC_541\Debug\sysTick.o
 .debug_abbrev  0x000003fe      0x1ca .\CortexM0p\ARM_GCC_541\Debug\touchBtn_ADC.o
 .debug_abbrev  0x000005c8      0x112 .\CortexM0p\ARM_GCC_541\Debug\main.o
 .debug_abbrev  0x000006da       0xdb .\CortexM0p\ARM_GCC_541\Debug\cyfitter_cfg.o
 .debug_abbrev  0x000007b5       0x5d .\CortexM0p\ARM_GCC_541\Debug\cymetadata.o
 .debug_abbrev  0x00000812      0x1d0 .\CortexM0p\ARM_GCC_541\Debug\Cm0plusStart.o
 .debug_abbrev  0x000009e2      0x109 .\CortexM0p\ARM_GCC_541\Debug\Design01.a(SW_Tx_UART.o)
 .debug_abbrev  0x00000aeb       0xc8 .\CortexM0p\ARM_GCC_541\Debug\Design01.a(LED_RO.o)
 .debug_abbrev  0x00000bb3       0xc8 .\CortexM0p\ARM_GCC_541\Debug\Design01.a(LED_COLD.o)
 .debug_abbrev  0x00000c7b       0xc8 .\CortexM0p\ARM_GCC_541\Debug\Design01.a(LED_HOT.o)
 .debug_abbrev  0x00000d43       0xc8 .\CortexM0p\ARM_GCC_541\Debug\Design01.a(LED_LOCK.o)
 .debug_abbrev  0x00000e0b       0xc8 .\CortexM0p\ARM_GCC_541\Debug\Design01.a(VL1.o)
 .debug_abbrev  0x00000ed3       0xc8 .\CortexM0p\ARM_GCC_541\Debug\Design01.a(VL2.o)
 .debug_abbrev  0x00000f9b       0xc8 .\CortexM0p\ARM_GCC_541\Debug\Design01.a(VL3.o)
 .debug_abbrev  0x00001063      0x209 .\CortexM0p\ARM_GCC_541\Debug\Design01.a(CapSense_Control.o)
 .debug_abbrev  0x0000126c      0x1c2 .\CortexM0p\ARM_GCC_541\Debug\Design01.a(CapSense_Processing.o)
 .debug_abbrev  0x0000142e      0x226 .\CortexM0p\ARM_GCC_541\Debug\Design01.a(CapSense_Structure.o)
 .debug_abbrev  0x00001654      0x166 .\CortexM0p\ARM_GCC_541\Debug\Design01.a(CapSense_Tuner.o)
 .debug_abbrev  0x000017ba      0x202 .\CortexM0p\ARM_GCC_541\Debug\Design01.a(CapSense_Filter.o)
 .debug_abbrev  0x000019bc      0x21f .\CortexM0p\ARM_GCC_541\Debug\Design01.a(CapSense_Sensing.o)
 .debug_abbrev  0x00001bdb      0x278 .\CortexM0p\ARM_GCC_541\Debug\Design01.a(CapSense_SensingCSD_LL.o)
 .debug_abbrev  0x00001e53      0x1eb .\CortexM0p\ARM_GCC_541\Debug\Design01.a(CapSense_Adc.o)
 .debug_abbrev  0x0000203e      0x126 .\CortexM0p\ARM_GCC_541\Debug\Design01.a(CapSense_Adc_INT.o)
 .debug_abbrev  0x00002164       0xc8 .\CortexM0p\ARM_GCC_541\Debug\Design01.a(COLD_K1.o)
 .debug_abbrev  0x0000222c       0xc8 .\CortexM0p\ARM_GCC_541\Debug\Design01.a(Buzzer.o)
 .debug_abbrev  0x000022f4      0x19a .\CortexM0p\ARM_GCC_541\Debug\Design01.a(CapSense_ISR.o)
 .debug_abbrev  0x0000248e      0x1f5 .\CortexM0p\ARM_GCC_541\Debug\Design01.a(CyLib.o)
 .debug_abbrev  0x00002683      0x1af .\CortexM0p\ARM_GCC_541\Debug\Design01.a(CyLFClk.o)
 .debug_abbrev  0x00002832       0x14 .\CortexM0p\ARM_GCC_541\Debug\Design01.a(SW_Tx_UART_AsmGnu.o)
 .debug_abbrev  0x00002846       0x14 .\CortexM0p\ARM_GCC_541\Debug\Design01.a(CyBootAsmGnu.o)
 .debug_abbrev  0x0000285a      0x178 .\CortexM0p\ARM_GCC_541\Debug\Design01.a(CapSense_INT.o)
 .debug_abbrev  0x000029d2      0x19e .\CortexM0p\ARM_GCC_541\Debug\Design01.a(CyFlash.o)

.debug_line     0x00000000     0x3a48
 *(.debug_line)
 .debug_line    0x00000000      0x215 .\CortexM0p\ARM_GCC_541\Debug\softDebug.o
 .debug_line    0x00000215      0x41d .\CortexM0p\ARM_GCC_541\Debug\sys.o
 .debug_line    0x00000632      0x166 .\CortexM0p\ARM_GCC_541\Debug\sysTick.o
 .debug_line    0x00000798      0x399 .\CortexM0p\ARM_GCC_541\Debug\touchBtn_ADC.o
 .debug_line    0x00000b31      0x17a .\CortexM0p\ARM_GCC_541\Debug\main.o
 .debug_line    0x00000cab       0xb5 .\CortexM0p\ARM_GCC_541\Debug\cyfitter_cfg.o
 .debug_line    0x00000d60      0x109 .\CortexM0p\ARM_GCC_541\Debug\cymetadata.o
 .debug_line    0x00000e69      0x20f .\CortexM0p\ARM_GCC_541\Debug\Cm0plusStart.o
 .debug_line    0x00001078       0xf6 .\CortexM0p\ARM_GCC_541\Debug\Design01.a(SW_Tx_UART.o)
 .debug_line    0x0000116e       0xbd .\CortexM0p\ARM_GCC_541\Debug\Design01.a(LED_RO.o)
 .debug_line    0x0000122b       0xc0 .\CortexM0p\ARM_GCC_541\Debug\Design01.a(LED_COLD.o)
 .debug_line    0x000012eb       0xbf .\CortexM0p\ARM_GCC_541\Debug\Design01.a(LED_HOT.o)
 .debug_line    0x000013aa       0xc0 .\CortexM0p\ARM_GCC_541\Debug\Design01.a(LED_LOCK.o)
 .debug_line    0x0000146a       0xbb .\CortexM0p\ARM_GCC_541\Debug\Design01.a(VL1.o)
 .debug_line    0x00001525       0xbb .\CortexM0p\ARM_GCC_541\Debug\Design01.a(VL2.o)
 .debug_line    0x000015e0       0xba .\CortexM0p\ARM_GCC_541\Debug\Design01.a(VL3.o)
 .debug_line    0x0000169a      0x220 .\CortexM0p\ARM_GCC_541\Debug\Design01.a(CapSense_Control.o)
 .debug_line    0x000018ba      0x2a3 .\CortexM0p\ARM_GCC_541\Debug\Design01.a(CapSense_Processing.o)
 .debug_line    0x00001b5d      0x1d2 .\CortexM0p\ARM_GCC_541\Debug\Design01.a(CapSense_Structure.o)
 .debug_line    0x00001d2f      0x11c .\CortexM0p\ARM_GCC_541\Debug\Design01.a(CapSense_Tuner.o)
 .debug_line    0x00001e4b      0x1bf .\CortexM0p\ARM_GCC_541\Debug\Design01.a(CapSense_Filter.o)
 .debug_line    0x0000200a      0x468 .\CortexM0p\ARM_GCC_541\Debug\Design01.a(CapSense_Sensing.o)
 .debug_line    0x00002472      0x3d8 .\CortexM0p\ARM_GCC_541\Debug\Design01.a(CapSense_SensingCSD_LL.o)
 .debug_line    0x0000284a      0x2ad .\CortexM0p\ARM_GCC_541\Debug\Design01.a(CapSense_Adc.o)
 .debug_line    0x00002af7       0xfb .\CortexM0p\ARM_GCC_541\Debug\Design01.a(CapSense_Adc_INT.o)
 .debug_line    0x00002bf2       0xbf .\CortexM0p\ARM_GCC_541\Debug\Design01.a(COLD_K1.o)
 .debug_line    0x00002cb1       0xbe .\CortexM0p\ARM_GCC_541\Debug\Design01.a(Buzzer.o)
 .debug_line    0x00002d6f      0x158 .\CortexM0p\ARM_GCC_541\Debug\Design01.a(CapSense_ISR.o)
 .debug_line    0x00002ec7      0x4dc .\CortexM0p\ARM_GCC_541\Debug\Design01.a(CyLib.o)
 .debug_line    0x000033a3      0x284 .\CortexM0p\ARM_GCC_541\Debug\Design01.a(CyLFClk.o)
 .debug_line    0x00003627       0xa3 .\CortexM0p\ARM_GCC_541\Debug\Design01.a(SW_Tx_UART_AsmGnu.o)
 .debug_line    0x000036ca       0x68 .\CortexM0p\ARM_GCC_541\Debug\Design01.a(CyBootAsmGnu.o)
 .debug_line    0x00003732      0x135 .\CortexM0p\ARM_GCC_541\Debug\Design01.a(CapSense_INT.o)
 .debug_line    0x00003867      0x1e1 .\CortexM0p\ARM_GCC_541\Debug\Design01.a(CyFlash.o)

.debug_frame    0x00000000     0x2180
 *(.debug_frame)
 .debug_frame   0x00000000       0x30 .\CortexM0p\ARM_GCC_541\Debug\softDebug.o
 .debug_frame   0x00000030      0x27c .\CortexM0p\ARM_GCC_541\Debug\sys.o
 .debug_frame   0x000002ac       0x40 .\CortexM0p\ARM_GCC_541\Debug\sysTick.o
 .debug_frame   0x000002ec       0xfc .\CortexM0p\ARM_GCC_541\Debug\touchBtn_ADC.o
 .debug_frame   0x000003e8       0x3c .\CortexM0p\ARM_GCC_541\Debug\main.o
 .debug_frame   0x00000424       0x74 .\CortexM0p\ARM_GCC_541\Debug\cyfitter_cfg.o
 .debug_frame   0x00000498       0xbc .\CortexM0p\ARM_GCC_541\Debug\Cm0plusStart.o
 .debug_frame   0x00000554       0xc8 .\CortexM0p\ARM_GCC_541\Debug\Design01.a(SW_Tx_UART.o)
 .debug_frame   0x0000061c       0x70 .\CortexM0p\ARM_GCC_541\Debug\Design01.a(LED_RO.o)
 .debug_frame   0x0000068c       0x70 .\CortexM0p\ARM_GCC_541\Debug\Design01.a(LED_COLD.o)
 .debug_frame   0x000006fc       0x70 .\CortexM0p\ARM_GCC_541\Debug\Design01.a(LED_HOT.o)
 .debug_frame   0x0000076c       0x70 .\CortexM0p\ARM_GCC_541\Debug\Design01.a(LED_LOCK.o)
 .debug_frame   0x000007dc       0x70 .\CortexM0p\ARM_GCC_541\Debug\Design01.a(VL1.o)
 .debug_frame   0x0000084c       0x70 .\CortexM0p\ARM_GCC_541\Debug\Design01.a(VL2.o)
 .debug_frame   0x000008bc       0x70 .\CortexM0p\ARM_GCC_541\Debug\Design01.a(VL3.o)
 .debug_frame   0x0000092c      0x128 .\CortexM0p\ARM_GCC_541\Debug\Design01.a(CapSense_Control.o)
 .debug_frame   0x00000a54       0xe0 .\CortexM0p\ARM_GCC_541\Debug\Design01.a(CapSense_Processing.o)
 .debug_frame   0x00000b34       0xd0 .\CortexM0p\ARM_GCC_541\Debug\Design01.a(CapSense_Structure.o)
 .debug_frame   0x00000c04       0x40 .\CortexM0p\ARM_GCC_541\Debug\Design01.a(CapSense_Tuner.o)
 .debug_frame   0x00000c44      0x148 .\CortexM0p\ARM_GCC_541\Debug\Design01.a(CapSense_Filter.o)
 .debug_frame   0x00000d8c      0x2b4 .\CortexM0p\ARM_GCC_541\Debug\Design01.a(CapSense_Sensing.o)
 .debug_frame   0x00001040      0x2a4 .\CortexM0p\ARM_GCC_541\Debug\Design01.a(CapSense_SensingCSD_LL.o)
 .debug_frame   0x000012e4      0x1c4 .\CortexM0p\ARM_GCC_541\Debug\Design01.a(CapSense_Adc.o)
 .debug_frame   0x000014a8       0x38 .\CortexM0p\ARM_GCC_541\Debug\Design01.a(CapSense_Adc_INT.o)
 .debug_frame   0x000014e0       0x70 .\CortexM0p\ARM_GCC_541\Debug\Design01.a(COLD_K1.o)
 .debug_frame   0x00001550       0x70 .\CortexM0p\ARM_GCC_541\Debug\Design01.a(Buzzer.o)
 .debug_frame   0x000015c0      0x110 .\CortexM0p\ARM_GCC_541\Debug\Design01.a(CapSense_ISR.o)
 .debug_frame   0x000016d0      0x418 .\CortexM0p\ARM_GCC_541\Debug\Design01.a(CyLib.o)
 .debug_frame   0x00001ae8      0x1dc .\CortexM0p\ARM_GCC_541\Debug\Design01.a(CyLFClk.o)
 .debug_frame   0x00001cc4       0x78 .\CortexM0p\ARM_GCC_541\Debug\Design01.a(CapSense_INT.o)
 .debug_frame   0x00001d3c       0xa8 .\CortexM0p\ARM_GCC_541\Debug\Design01.a(CyFlash.o)
 .debug_frame   0x00001de4       0x20 e:/psoc creator/4.3/psoc creator/import/gnu/arm/5.4.1/bin/../lib/gcc/arm-none-eabi/5.4.1/armv6-m\libgcc.a(_udivsi3.o)
 .debug_frame   0x00001e04       0x20 e:/psoc creator/4.3/psoc creator/import/gnu/arm/5.4.1/bin/../lib/gcc/arm-none-eabi/5.4.1/armv6-m\libgcc.a(_divsi3.o)
 .debug_frame   0x00001e24       0x20 e:/psoc creator/4.3/psoc creator/import/gnu/arm/5.4.1/bin/../lib/gcc/arm-none-eabi/5.4.1/../../../../arm-none-eabi/lib/armv6-m\libg_nano.a(lib_a-errno.o)
 .debug_frame   0x00001e44       0x28 e:/psoc creator/4.3/psoc creator/import/gnu/arm/5.4.1/bin/../lib/gcc/arm-none-eabi/5.4.1/../../../../arm-none-eabi/lib/armv6-m\libg_nano.a(lib_a-exit.o)
 .debug_frame   0x00001e6c       0x2c e:/psoc creator/4.3/psoc creator/import/gnu/arm/5.4.1/bin/../lib/gcc/arm-none-eabi/5.4.1/../../../../arm-none-eabi/lib/armv6-m\libg_nano.a(lib_a-init.o)
 .debug_frame   0x00001e98       0x28 e:/psoc creator/4.3/psoc creator/import/gnu/arm/5.4.1/bin/../lib/gcc/arm-none-eabi/5.4.1/../../../../arm-none-eabi/lib/armv6-m\libg_nano.a(lib_a-memcpy-stub.o)
 .debug_frame   0x00001ec0       0x20 e:/psoc creator/4.3/psoc creator/import/gnu/arm/5.4.1/bin/../lib/gcc/arm-none-eabi/5.4.1/../../../../arm-none-eabi/lib/armv6-m\libg_nano.a(lib_a-memset.o)
 .debug_frame   0x00001ee0       0x44 e:/psoc creator/4.3/psoc creator/import/gnu/arm/5.4.1/bin/../lib/gcc/arm-none-eabi/5.4.1/../../../../arm-none-eabi/lib/armv6-m\libg_nano.a(lib_a-vsprintf.o)
 .debug_frame   0x00001f24       0x74 e:/psoc creator/4.3/psoc creator/import/gnu/arm/5.4.1/bin/../lib/gcc/arm-none-eabi/5.4.1/../../../../arm-none-eabi/lib/armv6-m\libg_nano.a(lib_a-nano-svfprintf.o)
 .debug_frame   0x00001f98       0x54 e:/psoc creator/4.3/psoc creator/import/gnu/arm/5.4.1/bin/../lib/gcc/arm-none-eabi/5.4.1/../../../../arm-none-eabi/lib/armv6-m\libg_nano.a(lib_a-nano-vfprintf_i.o)
 .debug_frame   0x00001fec       0x20 e:/psoc creator/4.3/psoc creator/import/gnu/arm/5.4.1/bin/../lib/gcc/arm-none-eabi/5.4.1/../../../../arm-none-eabi/lib/armv6-m\libg_nano.a(lib_a-memchr-stub.o)
 .debug_frame   0x0000200c       0x28 e:/psoc creator/4.3/psoc creator/import/gnu/arm/5.4.1/bin/../lib/gcc/arm-none-eabi/5.4.1/../../../../arm-none-eabi/lib/armv6-m\libg_nano.a(lib_a-memmove.o)
 .debug_frame   0x00002034       0x2c e:/psoc creator/4.3/psoc creator/import/gnu/arm/5.4.1/bin/../lib/gcc/arm-none-eabi/5.4.1/../../../../arm-none-eabi/lib/armv6-m\libg_nano.a(lib_a-nano-freer.o)
 .debug_frame   0x00002060       0x2c e:/psoc creator/4.3/psoc creator/import/gnu/arm/5.4.1/bin/../lib/gcc/arm-none-eabi/5.4.1/../../../../arm-none-eabi/lib/armv6-m\libg_nano.a(lib_a-nano-mallocr.o)
 .debug_frame   0x0000208c       0x30 e:/psoc creator/4.3/psoc creator/import/gnu/arm/5.4.1/bin/../lib/gcc/arm-none-eabi/5.4.1/../../../../arm-none-eabi/lib/armv6-m\libg_nano.a(lib_a-nano-reallocr.o)
 .debug_frame   0x000020bc       0x2c e:/psoc creator/4.3/psoc creator/import/gnu/arm/5.4.1/bin/../lib/gcc/arm-none-eabi/5.4.1/../../../../arm-none-eabi/lib/armv6-m\libg_nano.a(lib_a-sbrkr.o)
 .debug_frame   0x000020e8       0x30 e:/psoc creator/4.3/psoc creator/import/gnu/arm/5.4.1/bin/../lib/gcc/arm-none-eabi/5.4.1/../../../../arm-none-eabi/lib/armv6-m\libg_nano.a(lib_a-mlock.o)
 .debug_frame   0x00002118       0x20 e:/psoc creator/4.3/psoc creator/import/gnu/arm/5.4.1/bin/../lib/gcc/arm-none-eabi/5.4.1/../../../../arm-none-eabi/lib/armv6-m\libg_nano.a(lib_a-nano-msizer.o)
 .debug_frame   0x00002138       0x48 e:/psoc creator/4.3/psoc creator/import/gnu/arm/5.4.1/bin/../lib/gcc/arm-none-eabi/5.4.1/../../../../arm-none-eabi/lib/armv6-m\libg_nano.a(lib_a-reent.o)

.debug_str      0x00000000     0x3440
 *(.debug_str)
 .debug_str     0x00000000      0x1c3 .\CortexM0p\ARM_GCC_541\Debug\softDebug.o
                                0x213 (size before relaxing)
 .debug_str     0x000001c3      0x365 .\CortexM0p\ARM_GCC_541\Debug\sys.o
                                0x525 (size before relaxing)
 .debug_str     0x00000528       0x76 .\CortexM0p\ARM_GCC_541\Debug\sysTick.o
                                0x23f (size before relaxing)
 .debug_str     0x0000059e      0x597 .\CortexM0p\ARM_GCC_541\Debug\touchBtn_ADC.o
                                0x7e4 (size before relaxing)
 .debug_str     0x00000b35       0x2e .\CortexM0p\ARM_GCC_541\Debug\main.o
                                0x26e (size before relaxing)
 .debug_str     0x00000b63       0x91 .\CortexM0p\ARM_GCC_541\Debug\cyfitter_cfg.o
                                0x21b (size before relaxing)
 .debug_str     0x00000bf4       0x59 .\CortexM0p\ARM_GCC_541\Debug\cymetadata.o
                                0x1ca (size before relaxing)
 .debug_str     0x00000c4d      0x156 .\CortexM0p\ARM_GCC_541\Debug\Cm0plusStart.o
                                0x311 (size before relaxing)
 .debug_str     0x00000da3      0x13a .\CortexM0p\ARM_GCC_541\Debug\Design01.a(SW_Tx_UART.o)
                                0x2e7 (size before relaxing)
 .debug_str     0x00000edd       0xab .\CortexM0p\ARM_GCC_541\Debug\Design01.a(LED_RO.o)
                                0x23f (size before relaxing)
 .debug_str     0x00000f88       0x8d .\CortexM0p\ARM_GCC_541\Debug\Design01.a(LED_COLD.o)
                                0x24d (size before relaxing)
 .debug_str     0x00001015       0x87 .\CortexM0p\ARM_GCC_541\Debug\Design01.a(LED_HOT.o)
                                0x246 (size before relaxing)
 .debug_str     0x0000109c       0x8d .\CortexM0p\ARM_GCC_541\Debug\Design01.a(LED_LOCK.o)
                                0x24d (size before relaxing)
 .debug_str     0x00001129       0x6f .\CortexM0p\ARM_GCC_541\Debug\Design01.a(VL1.o)
                                0x22a (size before relaxing)
 .debug_str     0x00001198       0x6f .\CortexM0p\ARM_GCC_541\Debug\Design01.a(VL2.o)
                                0x22a (size before relaxing)
 .debug_str     0x00001207       0x6f .\CortexM0p\ARM_GCC_541\Debug\Design01.a(VL3.o)
                                0x22a (size before relaxing)
 .debug_str     0x00001276      0x4e2 .\CortexM0p\ARM_GCC_541\Debug\Design01.a(CapSense_Control.o)
                                0x95e (size before relaxing)
 .debug_str     0x00001758      0x133 .\CortexM0p\ARM_GCC_541\Debug\Design01.a(CapSense_Processing.o)
                                0x7f7 (size before relaxing)
 .debug_str     0x0000188b      0x293 .\CortexM0p\ARM_GCC_541\Debug\Design01.a(CapSense_Structure.o)
                                0x8dd (size before relaxing)
 .debug_str     0x00001b1e      0x171 .\CortexM0p\ARM_GCC_541\Debug\Design01.a(CapSense_Tuner.o)
                                0x66f (size before relaxing)
 .debug_str     0x00001c8f      0x198 .\CortexM0p\ARM_GCC_541\Debug\Design01.a(CapSense_Filter.o)
                                0x61b (size before relaxing)
 .debug_str     0x00001e27      0x52d .\CortexM0p\ARM_GCC_541\Debug\Design01.a(CapSense_Sensing.o)
                                0xc14 (size before relaxing)
 .debug_str     0x00002354      0x34e .\CortexM0p\ARM_GCC_541\Debug\Design01.a(CapSense_SensingCSD_LL.o)
                                0xb88 (size before relaxing)
 .debug_str     0x000026a2      0x1b7 .\CortexM0p\ARM_GCC_541\Debug\Design01.a(CapSense_Adc.o)
                                0x79e (size before relaxing)
 .debug_str     0x00002859       0x96 .\CortexM0p\ARM_GCC_541\Debug\Design01.a(CapSense_Adc_INT.o)
                                0x511 (size before relaxing)
 .debug_str     0x000028ef       0x87 .\CortexM0p\ARM_GCC_541\Debug\Design01.a(COLD_K1.o)
                                0x246 (size before relaxing)
 .debug_str     0x00002976       0x81 .\CortexM0p\ARM_GCC_541\Debug\Design01.a(Buzzer.o)
                                0x23f (size before relaxing)
 .debug_str     0x000029f7      0x14b .\CortexM0p\ARM_GCC_541\Debug\Design01.a(CapSense_ISR.o)
                                0x34e (size before relaxing)
 .debug_str     0x00002b42      0x46d .\CortexM0p\ARM_GCC_541\Debug\Design01.a(CyLib.o)
                                0x70d (size before relaxing)
 .debug_str     0x00002faf      0x2d0 .\CortexM0p\ARM_GCC_541\Debug\Design01.a(CyLFClk.o)
                                0x4bc (size before relaxing)
 .debug_str     0x0000327f       0xa4 .\CortexM0p\ARM_GCC_541\Debug\Design01.a(CapSense_INT.o)
                                0x6f2 (size before relaxing)
 .debug_str     0x00003323      0x11d .\CortexM0p\ARM_GCC_541\Debug\Design01.a(CyFlash.o)
                                0x324 (size before relaxing)

.debug_loc      0x00000000     0x43f1
 *(.debug_loc)
 .debug_loc     0x00000000      0x18e .\CortexM0p\ARM_GCC_541\Debug\sys.o
 .debug_loc     0x0000018e       0x77 .\CortexM0p\ARM_GCC_541\Debug\sysTick.o
 .debug_loc     0x00000205      0x291 .\CortexM0p\ARM_GCC_541\Debug\touchBtn_ADC.o
 .debug_loc     0x00000496       0x2a .\CortexM0p\ARM_GCC_541\Debug\main.o
 .debug_loc     0x000004c0       0x35 .\CortexM0p\ARM_GCC_541\Debug\cyfitter_cfg.o
 .debug_loc     0x000004f5      0x14f .\CortexM0p\ARM_GCC_541\Debug\Cm0plusStart.o
 .debug_loc     0x00000644      0x12d .\CortexM0p\ARM_GCC_541\Debug\Design01.a(SW_Tx_UART.o)
 .debug_loc     0x00000771       0x81 .\CortexM0p\ARM_GCC_541\Debug\Design01.a(LED_RO.o)
 .debug_loc     0x000007f2       0xa2 .\CortexM0p\ARM_GCC_541\Debug\Design01.a(LED_COLD.o)
 .debug_loc     0x00000894       0xa2 .\CortexM0p\ARM_GCC_541\Debug\Design01.a(LED_HOT.o)
 .debug_loc     0x00000936       0xa2 .\CortexM0p\ARM_GCC_541\Debug\Design01.a(LED_LOCK.o)
 .debug_loc     0x000009d8       0xa2 .\CortexM0p\ARM_GCC_541\Debug\Design01.a(VL1.o)
 .debug_loc     0x00000a7a       0xa2 .\CortexM0p\ARM_GCC_541\Debug\Design01.a(VL2.o)
 .debug_loc     0x00000b1c       0x81 .\CortexM0p\ARM_GCC_541\Debug\Design01.a(VL3.o)
 .debug_loc     0x00000b9d      0x40e .\CortexM0p\ARM_GCC_541\Debug\Design01.a(CapSense_Control.o)
 .debug_loc     0x00000fab      0x52e .\CortexM0p\ARM_GCC_541\Debug\Design01.a(CapSense_Processing.o)
 .debug_loc     0x000014d9      0x3ad .\CortexM0p\ARM_GCC_541\Debug\Design01.a(CapSense_Structure.o)
 .debug_loc     0x00001886      0x176 .\CortexM0p\ARM_GCC_541\Debug\Design01.a(CapSense_Tuner.o)
 .debug_loc     0x000019fc      0x5d8 .\CortexM0p\ARM_GCC_541\Debug\Design01.a(CapSense_Filter.o)
 .debug_loc     0x00001fd4      0x7d2 .\CortexM0p\ARM_GCC_541\Debug\Design01.a(CapSense_Sensing.o)
 .debug_loc     0x000027a6      0x87a .\CortexM0p\ARM_GCC_541\Debug\Design01.a(CapSense_SensingCSD_LL.o)
 .debug_loc     0x00003020      0x42f .\CortexM0p\ARM_GCC_541\Debug\Design01.a(CapSense_Adc.o)
 .debug_loc     0x0000344f      0x223 .\CortexM0p\ARM_GCC_541\Debug\Design01.a(CapSense_Adc_INT.o)
 .debug_loc     0x00003672       0xa2 .\CortexM0p\ARM_GCC_541\Debug\Design01.a(COLD_K1.o)
 .debug_loc     0x00003714       0xa2 .\CortexM0p\ARM_GCC_541\Debug\Design01.a(Buzzer.o)
 .debug_loc     0x000037b6       0x82 .\CortexM0p\ARM_GCC_541\Debug\Design01.a(CapSense_ISR.o)
 .debug_loc     0x00003838      0x5d9 .\CortexM0p\ARM_GCC_541\Debug\Design01.a(CyLib.o)
 .debug_loc     0x00003e11      0x354 .\CortexM0p\ARM_GCC_541\Debug\Design01.a(CyLFClk.o)
 .debug_loc     0x00004165       0xcf .\CortexM0p\ARM_GCC_541\Debug\Design01.a(CapSense_INT.o)
 .debug_loc     0x00004234      0x1bd .\CortexM0p\ARM_GCC_541\Debug\Design01.a(CyFlash.o)

.debug_macinfo
 *(.debug_macinfo)

.debug_ranges   0x00000000      0xa68
 *(.debug_ranges)
 .debug_ranges  0x00000000       0x10 .\CortexM0p\ARM_GCC_541\Debug\softDebug.o
 .debug_ranges  0x00000010       0xb8 .\CortexM0p\ARM_GCC_541\Debug\sys.o
 .debug_ranges  0x000000c8       0x18 .\CortexM0p\ARM_GCC_541\Debug\sysTick.o
 .debug_ranges  0x000000e0       0x48 .\CortexM0p\ARM_GCC_541\Debug\touchBtn_ADC.o
 .debug_ranges  0x00000128       0x18 .\CortexM0p\ARM_GCC_541\Debug\main.o
 .debug_ranges  0x00000140       0x28 .\CortexM0p\ARM_GCC_541\Debug\cyfitter_cfg.o
 .debug_ranges  0x00000168       0x38 .\CortexM0p\ARM_GCC_541\Debug\Cm0plusStart.o
 .debug_ranges  0x000001a0       0x40 .\CortexM0p\ARM_GCC_541\Debug\Design01.a(SW_Tx_UART.o)
 .debug_ranges  0x000001e0       0x38 .\CortexM0p\ARM_GCC_541\Debug\Design01.a(LED_RO.o)
 .debug_ranges  0x00000218       0x38 .\CortexM0p\ARM_GCC_541\Debug\Design01.a(LED_COLD.o)
 .debug_ranges  0x00000250       0x38 .\CortexM0p\ARM_GCC_541\Debug\Design01.a(LED_HOT.o)
 .debug_ranges  0x00000288       0x38 .\CortexM0p\ARM_GCC_541\Debug\Design01.a(LED_LOCK.o)
 .debug_ranges  0x000002c0       0x38 .\CortexM0p\ARM_GCC_541\Debug\Design01.a(VL1.o)
 .debug_ranges  0x000002f8       0x38 .\CortexM0p\ARM_GCC_541\Debug\Design01.a(VL2.o)
 .debug_ranges  0x00000330       0x38 .\CortexM0p\ARM_GCC_541\Debug\Design01.a(VL3.o)
 .debug_ranges  0x00000368       0x58 .\CortexM0p\ARM_GCC_541\Debug\Design01.a(CapSense_Control.o)
 .debug_ranges  0x000003c0       0x38 .\CortexM0p\ARM_GCC_541\Debug\Design01.a(CapSense_Processing.o)
 .debug_ranges  0x000003f8       0x48 .\CortexM0p\ARM_GCC_541\Debug\Design01.a(CapSense_Structure.o)
 .debug_ranges  0x00000440       0x18 .\CortexM0p\ARM_GCC_541\Debug\Design01.a(CapSense_Tuner.o)
 .debug_ranges  0x00000458       0x60 .\CortexM0p\ARM_GCC_541\Debug\Design01.a(CapSense_Filter.o)
 .debug_ranges  0x000004b8       0xd0 .\CortexM0p\ARM_GCC_541\Debug\Design01.a(CapSense_Sensing.o)
 .debug_ranges  0x00000588       0xc0 .\CortexM0p\ARM_GCC_541\Debug\Design01.a(CapSense_SensingCSD_LL.o)
 .debug_ranges  0x00000648       0x88 .\CortexM0p\ARM_GCC_541\Debug\Design01.a(CapSense_Adc.o)
 .debug_ranges  0x000006d0       0x10 .\CortexM0p\ARM_GCC_541\Debug\Design01.a(CapSense_Adc_INT.o)
 .debug_ranges  0x000006e0       0x38 .\CortexM0p\ARM_GCC_541\Debug\Design01.a(COLD_K1.o)
 .debug_ranges  0x00000718       0x38 .\CortexM0p\ARM_GCC_541\Debug\Design01.a(Buzzer.o)
 .debug_ranges  0x00000750       0x70 .\CortexM0p\ARM_GCC_541\Debug\Design01.a(CapSense_ISR.o)
 .debug_ranges  0x000007c0      0x180 .\CortexM0p\ARM_GCC_541\Debug\Design01.a(CyLib.o)
 .debug_ranges  0x00000940       0xc8 .\CortexM0p\ARM_GCC_541\Debug\Design01.a(CyLFClk.o)
 .debug_ranges  0x00000a08       0x28 .\CortexM0p\ARM_GCC_541\Debug\Design01.a(CapSense_INT.o)
 .debug_ranges  0x00000a30       0x38 .\CortexM0p\ARM_GCC_541\Debug\Design01.a(CyFlash.o)

.comment        0x00000000       0x6e
 .comment       0x00000000       0x6e .\CortexM0p\ARM_GCC_541\Debug\softDebug.o
                                 0x6f (size before relaxing)
 .comment       0x0000006e       0x6f .\CortexM0p\ARM_GCC_541\Debug\sys.o
 .comment       0x0000006e       0x6f .\CortexM0p\ARM_GCC_541\Debug\sysTick.o
 .comment       0x0000006e       0x6f .\CortexM0p\ARM_GCC_541\Debug\touchBtn_ADC.o
 .comment       0x0000006e       0x6f .\CortexM0p\ARM_GCC_541\Debug\main.o
 .comment       0x0000006e       0x6f .\CortexM0p\ARM_GCC_541\Debug\cyfitter_cfg.o
 .comment       0x0000006e       0x6f .\CortexM0p\ARM_GCC_541\Debug\cymetadata.o
 .comment       0x0000006e       0x6f .\CortexM0p\ARM_GCC_541\Debug\Cm0plusStart.o
 .comment       0x0000006e       0x6f .\CortexM0p\ARM_GCC_541\Debug\Design01.a(SW_Tx_UART.o)
 .comment       0x0000006e       0x6f .\CortexM0p\ARM_GCC_541\Debug\Design01.a(LED_RO.o)
 .comment       0x0000006e       0x6f .\CortexM0p\ARM_GCC_541\Debug\Design01.a(LED_COLD.o)
 .comment       0x0000006e       0x6f .\CortexM0p\ARM_GCC_541\Debug\Design01.a(LED_HOT.o)
 .comment       0x0000006e       0x6f .\CortexM0p\ARM_GCC_541\Debug\Design01.a(LED_LOCK.o)
 .comment       0x0000006e       0x6f .\CortexM0p\ARM_GCC_541\Debug\Design01.a(VL1.o)
 .comment       0x0000006e       0x6f .\CortexM0p\ARM_GCC_541\Debug\Design01.a(VL2.o)
 .comment       0x0000006e       0x6f .\CortexM0p\ARM_GCC_541\Debug\Design01.a(VL3.o)
 .comment       0x0000006e       0x6f .\CortexM0p\ARM_GCC_541\Debug\Design01.a(CapSense_Control.o)
 .comment       0x0000006e       0x6f .\CortexM0p\ARM_GCC_541\Debug\Design01.a(CapSense_Processing.o)
 .comment       0x0000006e       0x6f .\CortexM0p\ARM_GCC_541\Debug\Design01.a(CapSense_Structure.o)
 .comment       0x0000006e       0x6f .\CortexM0p\ARM_GCC_541\Debug\Design01.a(CapSense_Tuner.o)
 .comment       0x0000006e       0x6f .\CortexM0p\ARM_GCC_541\Debug\Design01.a(CapSense_Filter.o)
 .comment       0x0000006e       0x6f .\CortexM0p\ARM_GCC_541\Debug\Design01.a(CapSense_Sensing.o)
 .comment       0x0000006e       0x6f .\CortexM0p\ARM_GCC_541\Debug\Design01.a(CapSense_SensingCSD_LL.o)
 .comment       0x0000006e       0x6f .\CortexM0p\ARM_GCC_541\Debug\Design01.a(CapSense_Adc.o)
 .comment       0x0000006e       0x6f .\CortexM0p\ARM_GCC_541\Debug\Design01.a(CapSense_Adc_INT.o)
 .comment       0x0000006e       0x6f .\CortexM0p\ARM_GCC_541\Debug\Design01.a(COLD_K1.o)
 .comment       0x0000006e       0x6f .\CortexM0p\ARM_GCC_541\Debug\Design01.a(Buzzer.o)
 .comment       0x0000006e       0x6f .\CortexM0p\ARM_GCC_541\Debug\Design01.a(CapSense_ISR.o)
 .comment       0x0000006e       0x6f .\CortexM0p\ARM_GCC_541\Debug\Design01.a(CyLib.o)
 .comment       0x0000006e       0x6f .\CortexM0p\ARM_GCC_541\Debug\Design01.a(CyLFClk.o)
 .comment       0x0000006e       0x6f .\CortexM0p\ARM_GCC_541\Debug\Design01.a(CapSense_INT.o)
 .comment       0x0000006e       0x6f .\CortexM0p\ARM_GCC_541\Debug\Design01.a(CyFlash.o)

.debug_weaknames
 *(.debug_weaknames)

.debug_funcnames
 *(.debug_funcnames)

.debug_typenames
 *(.debug_typenames)

.debug_varnames
 *(.debug_varnames)

.note.gnu.arm.ident
 *(.note.gnu.arm.ident)

.ARM.attributes
                0x00000000       0x28
 *(.ARM.attributes)
 .ARM.attributes
                0x00000000       0x1e e:/psoc creator/4.3/psoc creator/import/gnu/arm/5.4.1/bin/../lib/gcc/arm-none-eabi/5.4.1/armv6-m/crti.o
 .ARM.attributes
                0x0000001e       0x2c e:/psoc creator/4.3/psoc creator/import/gnu/arm/5.4.1/bin/../lib/gcc/arm-none-eabi/5.4.1/armv6-m/crtbegin.o
 .ARM.attributes
                0x0000004a       0x1b e:/psoc creator/4.3/psoc creator/import/gnu/arm/5.4.1/bin/../lib/gcc/arm-none-eabi/5.4.1/../../../../arm-none-eabi/lib/armv6-m/crt0.o
 .ARM.attributes
                0x00000065       0x32 .\CortexM0p\ARM_GCC_541\Debug\softDebug.o
 .ARM.attributes
                0x00000097       0x32 .\CortexM0p\ARM_GCC_541\Debug\sys.o
 .ARM.attributes
                0x000000c9       0x32 .\CortexM0p\ARM_GCC_541\Debug\sysTick.o
 .ARM.attributes
                0x000000fb       0x32 .\CortexM0p\ARM_GCC_541\Debug\touchBtn_ADC.o
 .ARM.attributes
                0x0000012d       0x32 .\CortexM0p\ARM_GCC_541\Debug\main.o
 .ARM.attributes
                0x0000015f       0x32 .\CortexM0p\ARM_GCC_541\Debug\cyfitter_cfg.o
 .ARM.attributes
                0x00000191       0x32 .\CortexM0p\ARM_GCC_541\Debug\cymetadata.o
 .ARM.attributes
                0x000001c3       0x32 .\CortexM0p\ARM_GCC_541\Debug\Cm0plusStart.o
 .ARM.attributes
                0x000001f5       0x32 .\CortexM0p\ARM_GCC_541\Debug\Design01.a(SW_Tx_UART.o)
 .ARM.attributes
                0x00000227       0x32 .\CortexM0p\ARM_GCC_541\Debug\Design01.a(LED_RO.o)
 .ARM.attributes
                0x00000259       0x32 .\CortexM0p\ARM_GCC_541\Debug\Design01.a(LED_COLD.o)
 .ARM.attributes
                0x0000028b       0x32 .\CortexM0p\ARM_GCC_541\Debug\Design01.a(LED_HOT.o)
 .ARM.attributes
                0x000002bd       0x32 .\CortexM0p\ARM_GCC_541\Debug\Design01.a(LED_LOCK.o)
 .ARM.attributes
                0x000002ef       0x32 .\CortexM0p\ARM_GCC_541\Debug\Design01.a(VL1.o)
 .ARM.attributes
                0x00000321       0x32 .\CortexM0p\ARM_GCC_541\Debug\Design01.a(VL2.o)
 .ARM.attributes
                0x00000353       0x32 .\CortexM0p\ARM_GCC_541\Debug\Design01.a(VL3.o)
 .ARM.attributes
                0x00000385       0x32 .\CortexM0p\ARM_GCC_541\Debug\Design01.a(CapSense_Control.o)
 .ARM.attributes
                0x000003b7       0x32 .\CortexM0p\ARM_GCC_541\Debug\Design01.a(CapSense_Processing.o)
 .ARM.attributes
                0x000003e9       0x32 .\CortexM0p\ARM_GCC_541\Debug\Design01.a(CapSense_Structure.o)
 .ARM.attributes
                0x0000041b       0x32 .\CortexM0p\ARM_GCC_541\Debug\Design01.a(CapSense_Tuner.o)
 .ARM.attributes
                0x0000044d       0x32 .\CortexM0p\ARM_GCC_541\Debug\Design01.a(CapSense_Filter.o)
 .ARM.attributes
                0x0000047f       0x32 .\CortexM0p\ARM_GCC_541\Debug\Design01.a(CapSense_Sensing.o)
 .ARM.attributes
                0x000004b1       0x32 .\CortexM0p\ARM_GCC_541\Debug\Design01.a(CapSense_SensingCSD_LL.o)
 .ARM.attributes
                0x000004e3       0x32 .\CortexM0p\ARM_GCC_541\Debug\Design01.a(CapSense_Adc.o)
 .ARM.attributes
                0x00000515       0x32 .\CortexM0p\ARM_GCC_541\Debug\Design01.a(CapSense_Adc_INT.o)
 .ARM.attributes
                0x00000547       0x32 .\CortexM0p\ARM_GCC_541\Debug\Design01.a(COLD_K1.o)
 .ARM.attributes
                0x00000579       0x32 .\CortexM0p\ARM_GCC_541\Debug\Design01.a(Buzzer.o)
 .ARM.attributes
                0x000005ab       0x32 .\CortexM0p\ARM_GCC_541\Debug\Design01.a(CapSense_ISR.o)
 .ARM.attributes
                0x000005dd       0x32 .\CortexM0p\ARM_GCC_541\Debug\Design01.a(CyLib.o)
 .ARM.attributes
                0x0000060f       0x32 .\CortexM0p\ARM_GCC_541\Debug\Design01.a(CyLFClk.o)
 .ARM.attributes
                0x00000641       0x22 .\CortexM0p\ARM_GCC_541\Debug\Design01.a(SW_Tx_UART_AsmGnu.o)
 .ARM.attributes
                0x00000663       0x22 .\CortexM0p\ARM_GCC_541\Debug\Design01.a(CyBootAsmGnu.o)
 .ARM.attributes
                0x00000685       0x32 .\CortexM0p\ARM_GCC_541\Debug\Design01.a(CapSense_INT.o)
 .ARM.attributes
                0x000006b7       0x32 .\CortexM0p\ARM_GCC_541\Debug\Design01.a(CyFlash.o)
 .ARM.attributes
                0x000006e9       0x1e e:/psoc creator/4.3/psoc creator/import/gnu/arm/5.4.1/bin/../lib/gcc/arm-none-eabi/5.4.1/armv6-m\libgcc.a(_udivsi3.o)
 .ARM.attributes
                0x00000707       0x1e e:/psoc creator/4.3/psoc creator/import/gnu/arm/5.4.1/bin/../lib/gcc/arm-none-eabi/5.4.1/armv6-m\libgcc.a(_divsi3.o)
 .ARM.attributes
                0x00000725       0x1e e:/psoc creator/4.3/psoc creator/import/gnu/arm/5.4.1/bin/../lib/gcc/arm-none-eabi/5.4.1/armv6-m\libgcc.a(_dvmd_tls.o)
 .ARM.attributes
                0x00000743       0x2c e:/psoc creator/4.3/psoc creator/import/gnu/arm/5.4.1/bin/../lib/gcc/arm-none-eabi/5.4.1/../../../../arm-none-eabi/lib/armv6-m\libg_nano.a(lib_a-errno.o)
 .ARM.attributes
                0x0000076f       0x2c e:/psoc creator/4.3/psoc creator/import/gnu/arm/5.4.1/bin/../lib/gcc/arm-none-eabi/5.4.1/../../../../arm-none-eabi/lib/armv6-m\libg_nano.a(lib_a-exit.o)
 .ARM.attributes
                0x0000079b       0x2c e:/psoc creator/4.3/psoc creator/import/gnu/arm/5.4.1/bin/../lib/gcc/arm-none-eabi/5.4.1/../../../../arm-none-eabi/lib/armv6-m\libg_nano.a(lib_a-impure.o)
 .ARM.attributes
                0x000007c7       0x2c e:/psoc creator/4.3/psoc creator/import/gnu/arm/5.4.1/bin/../lib/gcc/arm-none-eabi/5.4.1/../../../../arm-none-eabi/lib/armv6-m\libg_nano.a(lib_a-init.o)
 .ARM.attributes
                0x000007f3       0x2c e:/psoc creator/4.3/psoc creator/import/gnu/arm/5.4.1/bin/../lib/gcc/arm-none-eabi/5.4.1/../../../../arm-none-eabi/lib/armv6-m\libg_nano.a(lib_a-memcpy-stub.o)
 .ARM.attributes
                0x0000081f       0x2c e:/psoc creator/4.3/psoc creator/import/gnu/arm/5.4.1/bin/../lib/gcc/arm-none-eabi/5.4.1/../../../../arm-none-eabi/lib/armv6-m\libg_nano.a(lib_a-memset.o)
 .ARM.attributes
                0x0000084b       0x2c e:/psoc creator/4.3/psoc creator/import/gnu/arm/5.4.1/bin/../lib/gcc/arm-none-eabi/5.4.1/../../../../arm-none-eabi/lib/armv6-m\libg_nano.a(lib_a-vsprintf.o)
 .ARM.attributes
                0x00000877       0x2c e:/psoc creator/4.3/psoc creator/import/gnu/arm/5.4.1/bin/../lib/gcc/arm-none-eabi/5.4.1/../../../../arm-none-eabi/lib/armv6-m\libg_nano.a(lib_a-nano-svfprintf.o)
 .ARM.attributes
                0x000008a3       0x2c e:/psoc creator/4.3/psoc creator/import/gnu/arm/5.4.1/bin/../lib/gcc/arm-none-eabi/5.4.1/../../../../arm-none-eabi/lib/armv6-m\libg_nano.a(lib_a-nano-vfprintf_i.o)
 .ARM.attributes
                0x000008cf       0x2c e:/psoc creator/4.3/psoc creator/import/gnu/arm/5.4.1/bin/../lib/gcc/arm-none-eabi/5.4.1/../../../../arm-none-eabi/lib/armv6-m\libg_nano.a(lib_a-memchr-stub.o)
 .ARM.attributes
                0x000008fb       0x2c e:/psoc creator/4.3/psoc creator/import/gnu/arm/5.4.1/bin/../lib/gcc/arm-none-eabi/5.4.1/../../../../arm-none-eabi/lib/armv6-m\libg_nano.a(lib_a-memmove.o)
 .ARM.attributes
                0x00000927       0x2c e:/psoc creator/4.3/psoc creator/import/gnu/arm/5.4.1/bin/../lib/gcc/arm-none-eabi/5.4.1/../../../../arm-none-eabi/lib/armv6-m\libg_nano.a(lib_a-nano-freer.o)